--- STDOUT ---
[1/29] README.md (2 rows)
[2/29] assets/logo.png - binary file skipped (12 B)
[3/29] configs/custom_sections.yaml (1 rows)
[4/29] configs/custom_template.yaml (1 rows)
[5/29] configs/follow.yaml (1 rows)
[6/29] configs/hidden.yaml (1 rows)
[7/29] configs/no_links.yaml (1 rows)
[8/29] doc/notes.txt (1 rows)
[9/29] ignore_exception_test/data/index.json (1 rows)
[10/29] ignore_exception_test/data/nested/deep/my.data.xlsx (1 rows)
[11/29] ignore_exception_test/langgraph.json (1 rows)
[12/29] ignore_exception_test/pyproject.toml (1 rows)
[13/29] ignore_exception_test/uv.lock (1 rows)
[14/29] ignore_test/foo.go (1 rows)
[15/29] langs/Dockerfile (1 rows)
[16/29] langs/main.rs (1 rows)
[17/29] langs/script_no_ext (2 rows)
[18/29] links/cycle_a/visible.txt (1 rows)
[19/29] links/cycle_b/visible.txt (1 rows)
[20/29] links/link_to_main.go (~1 rows)
[21/29] links/safe_target/recursion.txt (1 rows)
[22/29] main.go (2 rows)
[23/29] main_test.go (2 rows)
[24/29] parent_ignore_test/level1/level2/keep_me.go (1 rows)
[25/29] pkg/util.go (1 rows)
[26/29] spaces/file with spaces.txt (1 rows)
[27/29] src/large.txt (100 rows)
[28/29] src/script.py (1 rows)

[29/29] /ROOT/content/links/broken_link - error: open /ROOT/content/links/broken_link: FILE_NOT_FOUND


--- STDERR ---
[1;31mError:[0m Failed to read file: open /ROOT/content/links/broken_link: FILE_NOT_FOUND (path=/ROOT/content/links/broken_link)
