--- STDOUT ---
[1/36] README.md (2 rows)
[2/36] archive.tar.gz - binary file skipped (159 B)
[3/36] archive.zip - binary file skipped (445 B)
[4/36] assets/logo.png - binary file skipped (12 B)
[5/36] configs/custom_sections.yaml (1 rows)
[6/36] configs/custom_template.yaml (1 rows)
[7/36] configs/expand.yaml (1 rows)
[8/36] configs/follow.yaml (1 rows)
[9/36] configs/hidden.yaml (1 rows)
[10/36] configs/no_links.yaml (1 rows)
[11/36] direct_ignore_test/test.kept (1 rows)
[12/36] doc/notes.txt (1 rows)
[13/36] ignore_exception_test/assets/logo.png - binary file skipped (10 B)
[14/36] ignore_exception_test/data/index.json (1 rows)
[15/36] ignore_exception_test/data/nested/deep/my.data.xlsx (1 rows)
[16/36] ignore_exception_test/langgraph.json (1 rows)
[17/36] ignore_exception_test/migrations/001_init.sql (1 rows)
[18/36] ignore_exception_test/pyproject.toml (1 rows)
[19/36] ignore_exception_test/src/main.go (1 rows)
[20/36] ignore_exception_test/uv.lock (1 rows)
[21/36] ignore_test/foo.go (1 rows)
[22/36] langs/Dockerfile (1 rows)
[23/36] langs/main.rs (1 rows)
[24/36] langs/script_no_ext (2 rows)
[25/36] links/cycle_a/visible.txt (1 rows)
[26/36] links/cycle_b/visible.txt (1 rows)
[27/36] links/link_to_main.go (~1 rows)
[28/36] links/safe_target/recursion.txt (1 rows)
[29/36] main.go (2 rows)
[30/36] main_test.go (2 rows)
[31/36] parent_ignore_test/level1/level2/keep_me.go (1 rows)
[32/36] pkg/util.go (1 rows)
[33/36] spaces/file with spaces.txt (1 rows)
[34/36] src/large.txt (100 rows)
[35/36] src/script.py (1 rows)

[36/36] /ROOT/content/links/broken_link - error: open /ROOT/content/links/broken_link: FILE_NOT_FOUND


--- STDERR ---
[1;31mError:[0m Failed to read file: open /ROOT/content/links/broken_link: FILE_NOT_FOUND (path=/ROOT/content/links/broken_link)
