--- STDOUT ---
[1/32] README.md (2 rows)
[2/32] assets/logo.png - binary file skipped (12 B)
[3/32] configs/custom_sections.yaml (1 rows)
[4/32] configs/custom_template.yaml (1 rows)
[5/32] configs/follow.yaml (1 rows)
[6/32] configs/hidden.yaml (1 rows)
[7/32] configs/no_links.yaml (1 rows)
[8/32] doc/notes.txt (1 rows)
[9/32] ignore_exception_test/assets/logo.png - binary file skipped (10 B)
[10/32] ignore_exception_test/data/index.json (1 rows)
[11/32] ignore_exception_test/data/nested/deep/my.data.xlsx (1 rows)
[12/32] ignore_exception_test/langgraph.json (1 rows)
[13/32] ignore_exception_test/migrations/001_init.sql (1 rows)
[14/32] ignore_exception_test/pyproject.toml (1 rows)
[15/32] ignore_exception_test/src/main.go (1 rows)
[16/32] ignore_exception_test/uv.lock (1 rows)
[17/32] ignore_test/foo.go (1 rows)
[18/32] langs/Dockerfile (1 rows)
[19/32] langs/main.rs (1 rows)
[20/32] langs/script_no_ext (2 rows)
[21/32] links/cycle_a/visible.txt (1 rows)
[22/32] links/cycle_b/visible.txt (1 rows)
[23/32] links/link_to_main.go (~1 rows)
[24/32] links/safe_target/recursion.txt (1 rows)
[25/32] main.go (2 rows)
[26/32] main_test.go (2 rows)
[27/32] parent_ignore_test/level1/level2/keep_me.go (1 rows)
[28/32] pkg/util.go (1 rows)
[29/32] spaces/file with spaces.txt (1 rows)
[30/32] src/large.txt (100 rows)
[31/32] src/script.py (1 rows)

[32/32] /ROOT/content/links/broken_link - error: open /ROOT/content/links/broken_link: FILE_NOT_FOUND


--- STDERR ---
[1;31mError:[0m Failed to read file: open /ROOT/content/links/broken_link: FILE_NOT_FOUND (path=/ROOT/content/links/broken_link)
