--- STDOUT ---
<content>
  <document index="1" language="markdown" rows="2">
    <source>README.md</source>
    <document_content>
# Project
Documentation here.
    </document_content>
  </document>

  <document index="2" language="yaml" rows="1">
    <source>configs/custom_sections.yaml</source>
    <document_content>
section_header_template: "*** {{ .Body }} ***\n"
    </document_content>
  </document>

  <document index="3" language="yaml" rows="1">
    <source>configs/custom_template.yaml</source>
    <document_content>
file_content_template: "File: {{ .Path }}\nContent:\n{{ .Content }}"
    </document_content>
  </document>

  <document index="4" language="go" rows="2">
    <source>main.go</source>
    <document_content>
package main
func main() {}
    </document_content>
  </document>
</content>


--- STDERR ---
