--- STDOUT ---
<content>
  <document index="1" language="markdown" rows="2">
    <source>README.md</source>
    <document_content>
# Project
Documentation here.
    </document_content>
  </document>

  <document index="2">
    <source>assets/logo.png</source>
    <error>Binary file (12 B)</error>
  </document>

  <document index="3" language="yaml" rows="1">
    <source>configs/custom_sections.yaml</source>
    <document_content>
section_header_template: "*** {{ .Body }} ***\n"
    </document_content>
  </document>

  <document index="4" language="yaml" rows="1">
    <source>configs/custom_template.yaml</source>
    <document_content>
file_content_template: "File: {{ .Path }}\nContent:\n{{ .Content }}"
    </document_content>
  </document>

  <document index="5" language="yaml" rows="1">
    <source>configs/follow.yaml</source>
    <document_content>
follow_symlinks: true
    </document_content>
  </document>

  <document index="6" language="yaml" rows="1">
    <source>configs/hidden.yaml</source>
    <document_content>
show_hidden: true
    </document_content>
  </document>

  <document index="7" language="yaml" rows="1">
    <source>configs/no_links.yaml</source>
    <document_content>
no_file_links: true
    </document_content>
  </document>

  <document index="8" rows="1">
    <source>direct_ignore_test/test.kept</source>
    <document_content>
should appear
    </document_content>
  </document>

  <document index="9" language="text" rows="1">
    <source>doc/notes.txt</source>
    <document_content>
some notes
    </document_content>
  </document>

  <document index="10">
    <source>ignore_exception_test/assets/logo.png</source>
    <error>Binary file (10 B)</error>
  </document>

  <document index="11" language="json" rows="1">
    <source>ignore_exception_test/data/index.json</source>
    <document_content>
{}
    </document_content>
  </document>

  <document index="12" rows="1">
    <source>ignore_exception_test/data/nested/deep/my.data.xlsx</source>
    <document_content>
excel_data
    </document_content>
  </document>

  <document index="13" language="json" rows="1">
    <source>ignore_exception_test/langgraph.json</source>
    <document_content>
{}
    </document_content>
  </document>

  <document index="14" language="sql" rows="1">
    <source>ignore_exception_test/migrations/001_init.sql</source>
    <document_content>
SELECT 1;
    </document_content>
  </document>

  <document index="15" language="toml" rows="1">
    <source>ignore_exception_test/pyproject.toml</source>
    <document_content>
[tool]
    </document_content>
  </document>

  <document index="16" language="go" rows="1">
    <source>ignore_exception_test/src/main.go</source>
    <document_content>
package main
    </document_content>
  </document>

  <document index="17" rows="1">
    <source>ignore_exception_test/uv.lock</source>
    <document_content>
lock_data
    </document_content>
  </document>

  <document index="18" language="go" rows="1">
    <source>ignore_test/foo.go</source>
    <document_content>
package foo
    </document_content>
  </document>

  <document index="19" language="dockerfile" rows="1">
    <source>langs/Dockerfile</source>
    <document_content>
FROM scratch
    </document_content>
  </document>

  <document index="20" language="rust" rows="1">
    <source>langs/main.rs</source>
    <document_content>
fn main() {}
    </document_content>
  </document>

  <document index="21" language="bash" rows="2">
    <source>langs/script_no_ext</source>
    <document_content>
#!/bin/bash
echo hi
    </document_content>
  </document>

  <document index="22" language="text" rows="1">
    <source>links/cycle_a/visible.txt</source>
    <document_content>
a
    </document_content>
  </document>

  <document index="23" language="text" rows="1">
    <source>links/cycle_b/visible.txt</source>
    <document_content>
b
    </document_content>
  </document>

  <document index="24" language="go" rows="1">
    <source>links/link_to_main.go</source>
    <document_content>
package main
func main() {}
    </document_content>
  </document>

  <document index="25" language="text" rows="1">
    <source>links/safe_target/recursion.txt</source>
    <document_content>
I am safe
    </document_content>
  </document>

  <document index="26" language="go" rows="2">
    <source>main.go</source>
    <document_content>
package main
func main() {}
    </document_content>
  </document>

  <document index="27" language="go" rows="2">
    <source>main_test.go</source>
    <document_content>
package main
import "testing"
    </document_content>
  </document>

  <document index="28" language="go" rows="1">
    <source>parent_ignore_test/level1/level2/keep_me.go</source>
    <document_content>
package level2
    </document_content>
  </document>

  <document index="29" language="go" rows="1">
    <source>pkg/util.go</source>
    <document_content>
package pkg
    </document_content>
  </document>

  <document index="30" language="text" rows="1">
    <source>spaces/file with spaces.txt</source>
    <document_content>
content with spaces
    </document_content>
  </document>

  <document index="31" language="text" rows="100">
    <source>src/large.txt</source>
    <document_content>
Line xxxxxxxxxx
Line xxxxxxxxxx
Line xxxxxxxxxx
Line xxxxxxxxxx
Line xxxxxxxxxx
Line xxxxxxxxxx
Line xxxxxxxxxx
Line xxxxxxxxxx
Line xxxxxxxxxx
Line xxxxxxxxxx
Line xxxxxxxxxx
Line xxxxxxxxxx
Line xxxxxxxxxx
Line xxxxxxxxxx
Line xxxxxxxxxx
Line xxxxxxxxxx
Line xxxxxxxxxx
Line xxxxxxxxxx
Line xxxxxxxxxx
Line xxxxxxxxxx
Line xxxxxxxxxx
Line xxxxxxxxxx
Line xxxxxxxxxx
Line xxxxxxxxxx
Line xxxxxxxxxx
Line xxxxxxxxxx
Line xxxxxxxxxx
Line xxxxxxxxxx
Line xxxxxxxxxx
Line xxxxxxxxxx
Line xxxxxxxxxx
Line xxxxxxxxxx
Line xxxxxxxxxx
Line xxxxxxxxxx
Line xxxxxxxxxx
Line xxxxxxxxxx
Line xxxxxxxxxx
Line xxxxxxxxxx
Line xxxxxxxxxx
Line xxxxxxxxxx
Line xxxxxxxxxx
Line xxxxxxxxxx
Line xxxxxxxxxx
Line xxxxxxxxxx
Line xxxxxxxxxx
Line xxxxxxxxxx
Line xxxxxxxxxx
Line xxxxxxxxxx
Line xxxxxxxxxx
Line xxxxxxxxxx
Line xxxxxxxxxx
Line xxxxxxxxxx
Line xxxxxxxxxx
Line xxxxxxxxxx
Line xxxxxxxxxx
Line xxxxxxxxxx
Line xxxxxxxxxx
Line xxxxxxxxxx
Line xxxxxxxxxx
Line xxxxxxxxxx
Line xxxxxxxxxx
Line xxxxxxxxxx
Line xxxxxxxxxx
Line xxxxxxxxxx
Line xxxxxxxxxx
Line xxxxxxxxxx
Line xxxxxxxxxx
Line xxxxxxxxxx
Line xxxxxxxxxx
Line xxxxxxxxxx
Line xxxxxxxxxx
Line xxxxxxxxxx
Line xxxxxxxxxx
Line xxxxxxxxxx
Line xxxxxxxxxx
Line xxxxxxxxxx
Line xxxxxxxxxx
Line xxxxxxxxxx
Line xxxxxxxxxx
Line xxxxxxxxxx
Line xxxxxxxxxx
Line xxxxxxxxxx
Line xxxxxxxxxx
Line xxxxxxxxxx
Line xxxxxxxxxx
Line xxxxxxxxxx
Line xxxxxxxxxx
Line xxxxxxxxxx
Line xxxxxxxxxx
Line xxxxxxxxxx
Line xxxxxxxxxx
Line xxxxxxxxxx
Line xxxxxxxxxx
Line xxxxxxxxxx
Line xxxxxxxxxx
Line xxxxxxxxxx
Line xxxxxxxxxx
Line xxxxxxxxxx
Line xxxxxxxxxx
Line xxxxxxxxxx
    </document_content>
  </document>

  <document index="32" language="python" rows="1">
    <source>src/script.py</source>
    <document_content>
print('hello')
    </document_content>
  </document>

  <document index="33">
    <source>/ROOT/content/links/broken_link</source>
    <error>open /ROOT/content/links/broken_link: FILE_NOT_FOUND</error>
  </document>
</content>


--- STDERR ---
[1;31mError:[0m Failed to read file: open /ROOT/content/links/broken_link: FILE_NOT_FOUND (path=/ROOT/content/links/broken_link)
