--- STDOUT ---
[1/35] README.md (2 rows)
---
```markdown
# Project
Documentation here.
```

[2/35] archive.tar.gz - binary file skipped (159 B)
[3/35] archive.zip - binary file skipped (445 B)
[4/35] assets/logo.png - binary file skipped (12 B)

[5/35] configs/custom_sections.yaml (1 rows)
---
```yaml
section_header_template: "*** {{ .Body }} ***\n"
```

[6/35] configs/custom_template.yaml (1 rows)
---
```yaml
file_content_template: "File: {{ .Path }}\nContent:\n{{ .Content }}"
```

[7/35] configs/expand.yaml (1 rows)
---
```yaml
expand_archives: true
```

[8/35] configs/follow.yaml (1 rows)
---
```yaml
follow_symlinks: true
```

[9/35] configs/hidden.yaml (1 rows)
---
```yaml
show_hidden: true
```

[10/35] configs/no_links.yaml (1 rows)
---
```yaml
no_file_links: true
```

[11/35] direct_ignore_test/test.kept (1 rows)
---
```
should appear
```

[12/35] doc/notes.txt (1 rows)
---
```text
some notes
```

[13/35] ignore_exception_test/assets/logo.png - binary file skipped (10 B)

[14/35] ignore_exception_test/data/index.json (1 rows)
---
```json
{}
```

[15/35] ignore_exception_test/data/nested/deep/my.data.xlsx (1 rows)
---
```
excel_data
```

[16/35] ignore_exception_test/langgraph.json (1 rows)
---
```json
{}
```

[17/35] ignore_exception_test/migrations/001_init.sql (1 rows)
---
```sql
SELECT 1;
```

[18/35] ignore_exception_test/pyproject.toml (1 rows)
---
```toml
[tool]
```

[19/35] ignore_exception_test/src/main.go (1 rows)
---
```go
package main
```

[20/35] ignore_exception_test/uv.lock (1 rows)
---
```
lock_data
```

[21/35] ignore_test/foo.go (1 rows)
---
```go
package foo
```

[22/35] langs/Dockerfile (1 rows)
---
```dockerfile
FROM scratch
```

[23/35] langs/main.rs (1 rows)
---
```rust
fn main() {}
```

[24/35] langs/script_no_ext (2 rows)
---
```bash
#!/bin/bash
echo hi
```

[25/35] links/cycle_a/visible.txt (1 rows)
---
```text
a
```

[26/35] links/cycle_b/visible.txt (1 rows)
---
```text
b
```

[27/35] links/link_to_main.go (~1 rows)
---
```go
package main
func main() {}
```

[28/35] links/safe_target/recursion.txt (1 rows)
---
```text
I am safe
```

[29/35] main.go (2 rows)
---
```go
package main
func main() {}
```

[30/35] parent_ignore_test/level1/level2/keep_me.go (1 rows)
---
```go
package level2
```

[31/35] pkg/util.go (1 rows)
---
```go
package pkg
```

[32/35] spaces/file with spaces.txt (1 rows)
---
```text
content with spaces
```

[33/35] src/large.txt (100 rows)
---
```text
Line xxxxxxxxxx
Line xxxxxxxxxx
Line xxxxxxxxxx
Line xxxxxxxxxx
Line xxxxxxxxxx
Line xxxxxxxxxx
Line xxxxxxxxxx
Line xxxxxxxxxx
Line xxxxxxxxxx
Line xxxxxxxxxx
Line xxxxxxxxxx
Line xxxxxxxxxx
Line xxxxxxxxxx
Line xxxxxxxxxx
Line xxxxxxxxxx
Line xxxxxxxxxx
Line xxxxxxxxxx
Line xxxxxxxxxx
Line xxxxxxxxxx
Line xxxxxxxxxx
Line xxxxxxxxxx
Line xxxxxxxxxx
Line xxxxxxxxxx
Line xxxxxxxxxx
Line xxxxxxxxxx
Line xxxxxxxxxx
Line xxxxxxxxxx
Line xxxxxxxxxx
Line xxxxxxxxxx
Line xxxxxxxxxx
Line xxxxxxxxxx
Line xxxxxxxxxx
Line xxxxxxxxxx
Line xxxxxxxxxx
Line xxxxxxxxxx
Line xxxxxxxxxx
Line xxxxxxxxxx
Line xxxxxxxxxx
Line xxxxxxxxxx
Line xxxxxxxxxx
Line xxxxxxxxxx
Line xxxxxxxxxx
Line xxxxxxxxxx
Line xxxxxxxxxx
Line xxxxxxxxxx
Line xxxxxxxxxx
Line xxxxxxxxxx
Line xxxxxxxxxx
Line xxxxxxxxxx
Line xxxxxxxxxx
Line xxxxxxxxxx
Line xxxxxxxxxx
Line xxxxxxxxxx
Line xxxxxxxxxx
Line xxxxxxxxxx
Line xxxxxxxxxx
Line xxxxxxxxxx
Line xxxxxxxxxx
Line xxxxxxxxxx
Line xxxxxxxxxx
Line xxxxxxxxxx
Line xxxxxxxxxx
Line xxxxxxxxxx
Line xxxxxxxxxx
Line xxxxxxxxxx
Line xxxxxxxxxx
Line xxxxxxxxxx
Line xxxxxxxxxx
Line xxxxxxxxxx
Line xxxxxxxxxx
Line xxxxxxxxxx
Line xxxxxxxxxx
Line xxxxxxxxxx
Line xxxxxxxxxx
Line xxxxxxxxxx
Line xxxxxxxxxx
Line xxxxxxxxxx
Line xxxxxxxxxx
Line xxxxxxxxxx
Line xxxxxxxxxx
Line xxxxxxxxxx
Line xxxxxxxxxx
Line xxxxxxxxxx
Line xxxxxxxxxx
Line xxxxxxxxxx
Line xxxxxxxxxx
Line xxxxxxxxxx
Line xxxxxxxxxx
Line xxxxxxxxxx
Line xxxxxxxxxx
Line xxxxxxxxxx
Line xxxxxxxxxx
Line xxxxxxxxxx
Line xxxxxxxxxx
Line xxxxxxxxxx
Line xxxxxxxxxx
Line xxxxxxxxxx
Line xxxxxxxxxx
Line xxxxxxxxxx
Line xxxxxxxxxx
```

[34/35] src/script.py (1 rows)
---
```python
print('hello')
```

[35/35] /ROOT/content/links/broken_link - error: open /ROOT/content/links/broken_link: FILE_NOT_FOUND


--- STDERR ---
[1;31mError:[0m Failed to read file: open /ROOT/content/links/broken_link: FILE_NOT_FOUND (path=/ROOT/content/links/broken_link)
