--- STDOUT ---
README.md (2 rows)
---
```markdown
# Project
Documentation here.
```

## All
---

[1/24] README.md (2 rows)
---
```markdown
# Project
Documentation here.
```

[2/24] assets/logo.png - binary file skipped (12 B)

[3/24] configs/custom_sections.yaml (1 rows)
---
```yaml
section_header_template: "*** {{ .Body }} ***\n"
```

[4/24] configs/custom_template.yaml (1 rows)
---
```yaml
file_content_template: "File: {{ .Path }}\nContent:\n{{ .Content }}"
```

[5/24] configs/follow.yaml (1 rows)
---
```yaml
follow_symlinks: true
```

[6/24] configs/hidden.yaml (1 rows)
---
```yaml
show_hidden: true
```

[7/24] configs/no_links.yaml (1 rows)
---
```yaml
no_file_links: true
```

[8/24] doc/notes.txt (1 rows)
---
```text
some notes
```

[9/24] ignore_test/foo.go (1 rows)
---
```go
package foo
```

[10/24] langs/Dockerfile (1 rows)
---
```dockerfile
FROM scratch
```

[11/24] langs/main.rs (1 rows)
---
```rust
fn main() {}
```

[12/24] langs/script_no_ext (2 rows)
---
```bash
#!/bin/bash
echo hi
```

[13/24] links/cycle_a/visible.txt (1 rows)
---
```text
a
```

[14/24] links/cycle_b/visible.txt (1 rows)
---
```text
b
```

[15/24] links/link_to_main.go (~1 rows)
---
```go
package main
func main() {}
```

[16/24] links/safe_target/recursion.txt (1 rows)
---
```text
I am safe
```

[17/24] main.go (2 rows)
---
```go
package main
func main() {}
```

[18/24] main_test.go (2 rows)
---
```go
package main
import "testing"
```

[19/24] parent_ignore_test/level1/level2/keep_me.go (1 rows)
---
```go
package level2
```

[20/24] pkg/util.go (1 rows)
---
```go
package pkg
```

[21/24] spaces/file with spaces.txt (1 rows)
---
```text
content with spaces
```

[22/24] src/large.txt (100 rows)
---
```text
Line xxxxxxxxxx
Line xxxxxxxxxx
Line xxxxxxxxxx
Line xxxxxxxxxx
Line xxxxxxxxxx
Line xxxxxxxxxx
Line xxxxxxxxxx
Line xxxxxxxxxx
Line xxxxxxxxxx
Line xxxxxxxxxx
Line xxxxxxxxxx
Line xxxxxxxxxx
Line xxxxxxxxxx
Line xxxxxxxxxx
Line xxxxxxxxxx
Line xxxxxxxxxx
Line xxxxxxxxxx
Line xxxxxxxxxx
Line xxxxxxxxxx
Line xxxxxxxxxx
Line xxxxxxxxxx
Line xxxxxxxxxx
Line xxxxxxxxxx
Line xxxxxxxxxx
Line xxxxxxxxxx
Line xxxxxxxxxx
Line xxxxxxxxxx
Line xxxxxxxxxx
Line xxxxxxxxxx
Line xxxxxxxxxx
Line xxxxxxxxxx
Line xxxxxxxxxx
Line xxxxxxxxxx
Line xxxxxxxxxx
Line xxxxxxxxxx
Line xxxxxxxxxx
Line xxxxxxxxxx
Line xxxxxxxxxx
Line xxxxxxxxxx
Line xxxxxxxxxx
Line xxxxxxxxxx
Line xxxxxxxxxx
Line xxxxxxxxxx
Line xxxxxxxxxx
Line xxxxxxxxxx
Line xxxxxxxxxx
Line xxxxxxxxxx
Line xxxxxxxxxx
Line xxxxxxxxxx
Line xxxxxxxxxx
Line xxxxxxxxxx
Line xxxxxxxxxx
Line xxxxxxxxxx
Line xxxxxxxxxx
Line xxxxxxxxxx
Line xxxxxxxxxx
Line xxxxxxxxxx
Line xxxxxxxxxx
Line xxxxxxxxxx
Line xxxxxxxxxx
Line xxxxxxxxxx
Line xxxxxxxxxx
Line xxxxxxxxxx
Line xxxxxxxxxx
Line xxxxxxxxxx
Line xxxxxxxxxx
Line xxxxxxxxxx
Line xxxxxxxxxx
Line xxxxxxxxxx
Line xxxxxxxxxx
Line xxxxxxxxxx
Line xxxxxxxxxx
Line xxxxxxxxxx
Line xxxxxxxxxx
Line xxxxxxxxxx
Line xxxxxxxxxx
Line xxxxxxxxxx
Line xxxxxxxxxx
Line xxxxxxxxxx
Line xxxxxxxxxx
Line xxxxxxxxxx
Line xxxxxxxxxx
Line xxxxxxxxxx
Line xxxxxxxxxx
Line xxxxxxxxxx
Line xxxxxxxxxx
Line xxxxxxxxxx
Line xxxxxxxxxx
Line xxxxxxxxxx
Line xxxxxxxxxx
Line xxxxxxxxxx
Line xxxxxxxxxx
Line xxxxxxxxxx
Line xxxxxxxxxx
Line xxxxxxxxxx
Line xxxxxxxxxx
Line xxxxxxxxxx
Line xxxxxxxxxx
Line xxxxxxxxxx
Line xxxxxxxxxx
```

[23/24] src/script.py (1 rows)
---
```python
print('hello')
```

[24/24] /ROOT/content/links/broken_link - error: open /ROOT/content/links/broken_link: FILE_NOT_FOUND


--- STDERR ---
[1;31mError:[0m Failed to read file: open /ROOT/content/links/broken_link: FILE_NOT_FOUND (path=/ROOT/content/links/broken_link)
