--- STDOUT ---
[1/9] .gitignore (3 rows)
---
```gitignore
bin/
secret/
*.tmp
```

[2/9] .hidden (1 rows)
---
```
i am hidden
```

[3/9] README.md (2 rows)
---
```markdown
# Project
Documentation here.
```

[4/9] ignore_test/.gitignore (1 rows)
---
```gitignore
bar.go
```

[5/9] ignore_test/foo.go (1 rows)
---
```go
package foo
```

[6/9] main.go (2 rows)
---
```go
package main
func main() {}
```

[7/9] main_test.go (2 rows)
---
```go
package main
import "testing"
```

[8/9] pkg/util.go (1 rows)
---
```go
package pkg
```

[9/9] src/script.py (1 rows)
---
```python
print('hello')
```


--- STDERR ---
