--- STDOUT ---
[1/8] README.md (2 rows)
---
```markdown
# Project
Documentation here.
```

[2/8] bin/data.bin - binary file skipped (4 B)

[3/8] ignore_test/bar.go (1 rows)
---
```go
package bar
```

[4/8] ignore_test/foo.go (1 rows)
---
```go
package foo
```

[5/8] main.go (2 rows)
---
```go
package main
func main() {}
```

[6/8] main_test.go (2 rows)
---
```go
package main
import "testing"
```

[7/8] pkg/util.go (1 rows)
---
```go
package pkg
```

[8/8] src/script.py (1 rows)
---
```python
print('hello')
```


--- STDERR ---
