--- STDOUT ---
[1/27] README.md (2 rows)
---
```markdown
# Project
Documentation here.
```

[2/27] assets/logo.png - binary file skipped (12 B)

[3/27] configs/custom_sections.yaml (1 rows)
---
```yaml
section_header_template: "*** {{ .Body }} ***\n"
```

[4/27] configs/custom_template.yaml (1 rows)
---
```yaml
file_content_template: "File: {{ .Path }}\nContent:\n{{ .Content }}"
```

[5/27] configs/follow.yaml (1 rows)
---
```yaml
follow_symlinks: true
```

[6/27] configs/hidden.yaml (1 rows)
---
```yaml
show_hidden: true
```

[7/27] configs/no_links.yaml (1 rows)
---
```yaml
no_file_links: true
```

[8/27] doc/notes.txt (1 rows)
---
```text
some notes
```

[9/27] ignore_exception_test/data/index.json (1 rows)
---
```json
{}
```

[10/27] ignore_exception_test/data/nested/deep/my.data.xlsx (1 rows)
---
```
excel_data
```

[11/27] ignore_exception_test/langgraph.json (1 rows)
---
```json
{}
```

[12/27] ignore_exception_test/pyproject.toml (1 rows)
---
```toml
[tool]
```

[13/27] ignore_exception_test/uv.lock (1 rows)
---
```
lock_data
```

[14/27] ignore_test/foo.go (1 rows)
---
```go
package foo
```

[15/27] langs/Dockerfile (1 rows)
---
```dockerfile
FROM scratch
```

[16/27] langs/main.rs (1 rows)
---
```rust
fn main() {}
```

[17/27] langs/script_no_ext (2 rows)
---
```bash
#!/bin/bash
echo hi
```

[18/27] links/cycle_a/visible.txt (1 rows)
---
```text
a
```

[19/27] links/cycle_b/visible.txt (1 rows)
---
```text
b
```

[20/27] links/link_to_main.go (~1 rows)
---
```go
package main
func main() {}
```

[21/27] links/safe_target/recursion.txt (1 rows)
---
```text
I am safe
```

[22/27] main.go (2 rows)
---
```go
package main
func main() {}
```

[23/27] main_test.go (2 rows)
---
```go
package main
import "testing"
```

[24/27] parent_ignore_test/level1/level2/keep_me.go (1 rows)
---
```go
package level2
```

[25/27] pkg/util.go (1 rows)
---
```go
package pkg
```

[26/27] spaces/file with spaces.txt (1 rows)
---
```text
content with spaces
```

[27/27] /ROOT/content/links/broken_link - error: open /ROOT/content/links/broken_link: FILE_NOT_FOUND


--- STDERR ---
[1;31mError:[0m Failed to read file: open /ROOT/content/links/broken_link: FILE_NOT_FOUND (path=/ROOT/content/links/broken_link)
