--- STDOUT ---
[1/5] README.md (2 rows)
---
```markdown
# Project
Documentation here.
```

[2/5] ignore_test/foo.go (1 rows)
---
```go
package foo
```

[3/5] main.go (2 rows)
---
```go
package main
func main() {}
```

[4/5] main_test.go (2 rows)
---
```go
package main
import "testing"
```

[5/5] pkg/util.go (1 rows)
---
```go
package pkg
```


--- STDERR ---
