--- STDOUT ---
[1/22] README.md (2 rows)
---
```markdown
# Project
Documentation here.
```

[2/22] assets/logo.png - binary file skipped (12 B)

[3/22] configs/custom_sections.yaml (1 rows)
---
```yaml
section_header_template: "*** {{ .Body }} ***\n"
```

[4/22] configs/custom_template.yaml (1 rows)
---
```yaml
file_content_template: "File: {{ .Path }}\nContent:\n{{ .Content }}"
```

[5/22] configs/follow.yaml (1 rows)
---
```yaml
follow_symlinks: true
```

[6/22] configs/hidden.yaml (1 rows)
---
```yaml
show_hidden: true
```

[7/22] configs/no_links.yaml (1 rows)
---
```yaml
no_file_links: true
```

[8/22] doc/notes.txt (1 rows)
---
```text
some notes
```

[9/22] ignore_test/foo.go (1 rows)
---
```go
package foo
```

[10/22] langs/Dockerfile (1 rows)
---
```dockerfile
FROM scratch
```

[11/22] langs/main.rs (1 rows)
---
```rust
fn main() {}
```

[12/22] langs/script_no_ext (2 rows)
---
```bash
#!/bin/bash
echo hi
```

[13/22] links/cycle_a/visible.txt (1 rows)
---
```text
a
```

[14/22] links/cycle_b/visible.txt (1 rows)
---
```text
b
```

[15/22] links/link_to_main.go (~1 rows)
---
```go
package main
func main() {}
```

[16/22] links/safe_target/recursion.txt (1 rows)
---
```text
I am safe
```

[17/22] main.go (2 rows)
---
```go
package main
func main() {}
```

[18/22] main_test.go (2 rows)
---
```go
package main
import "testing"
```

[19/22] parent_ignore_test/level1/level2/keep_me.go (1 rows)
---
```go
package level2
```

[20/22] pkg/util.go (1 rows)
---
```go
package pkg
```

[21/22] spaces/file with spaces.txt (1 rows)
---
```text
content with spaces
```

[22/22] /ROOT/content/links/broken_link - error: open /ROOT/content/links/broken_link: FILE_NOT_FOUND


--- STDERR ---
[1;31mError:[0m Failed to read file: open /ROOT/content/links/broken_link: FILE_NOT_FOUND (path=/ROOT/content/links/broken_link)
