--- STDOUT ---
[1/5] links/cycle_a/visible.txt (1 rows)
---
```text
a
```

[2/5] links/cycle_b/visible.txt (1 rows)
---
```text
b
```

[3/5] links/link_to_pkg/util.go (1 rows)
---
```go
package pkg
```

[4/5] links/loop/recursion.txt (1 rows)
---
```text
I am safe
```

[5/5] links/safe_target/recursion.txt (1 rows)
---
```text
I am safe
```


--- STDERR ---
