--- STDOUT ---
main.go (2 rows)
---
```go
package main
func main() {}
```


--- STDERR ---
time=FIXED level=DEBUG msg="Configuration loaded" format=markdown
time=FIXED level=DEBUG msg="File accepted by walker" path=main.go size=27
time=FIXED level=DEBUG msg="Initializing Walker" walk_root=main.go base_rules_count=0 override_rules_count=0 is_forced=false
time=FIXED level=DEBUG msg="Loaded global ignore file" path=GLOBAL_IGNORE
time=FIXED level=DEBUG msg="Logger initialized (early)" level=DEBUG
time=FIXED level=DEBUG msg="Output set to stdout"
time=FIXED level=DEBUG msg="Processing op" action=FILE value=main.go
time=FIXED level=DEBUG msg="Processing operations" total_ops=4
time=FIXED level=DEBUG msg="Processing section" index=0 ops=1
time=FIXED level=DEBUG msg="Walker finished" root=main.go files_found=1
time=FIXED level=INFO msg="Executing stream pipeline..."
