--- STDOUT ---
[1/4] links/cycle_a/visible.txt (1 rows)
---
```text
a
```

[2/4] links/cycle_b/visible.txt (1 rows)
---
```text
b
```

[3/4] links/link_to_main.go (~1 rows)
---
```go
package main
func main() {}
```

[4/4] links/safe_target/recursion.txt (1 rows)
---
```text
I am safe
```


--- STDERR ---
