--- STDOUT ---
<content>
  <instruction>
Review this code
  </instruction>
</content>

<section>
  <section_name>Configuration</section_name>

  <document index="1" language="yaml" rows="1">
    <source>configs/custom_sections.yaml</source>
    <document_content>
section_header_template: "*** {{ .Body }} ***\n"
    </document_content>
  </document>

  <document index="2" language="yaml" rows="1">
    <source>configs/custom_template.yaml</source>
    <document_content>
file_content_template: "File: {{ .Path }}\nContent:\n{{ .Content }}"
    </document_content>
  </document>

  <document index="3" language="yaml" rows="1">
    <source>configs/follow.yaml</source>
    <document_content>
follow_symlinks: true
    </document_content>
  </document>

  <document index="4" language="yaml" rows="1">
    <source>configs/hidden.yaml</source>
    <document_content>
show_hidden: true
    </document_content>
  </document>

  <document index="5" language="yaml" rows="1">
    <source>configs/no_links.yaml</source>
    <document_content>
no_file_links: true
    </document_content>
  </document>
</section>

<section>
  <section_name>Source</section_name>

  <document index="6" language="go" rows="1">
    <source>ignore_test/foo.go</source>
    <document_content>
package foo
    </document_content>
  </document>

  <document index="7" language="go" rows="1">
    <source>links/link_to_main.go</source>
    <document_content>
package main
func main() {}
    </document_content>
  </document>

  <document index="8" language="go" rows="2">
    <source>main.go</source>
    <document_content>
package main
func main() {}
    </document_content>
  </document>

  <document index="9" language="go" rows="1">
    <source>parent_ignore_test/level1/level2/keep_me.go</source>
    <document_content>
package level2
    </document_content>
  </document>

  <document index="10" language="go" rows="1">
    <source>pkg/util.go</source>
    <document_content>
package pkg
    </document_content>
  </document>
</section>

<section>
  <section_name>Tests</section_name>

  <document index="11" language="go" rows="2">
    <source>main_test.go</source>
    <document_content>
package main
import "testing"
    </document_content>
  </document>
</section>


--- STDERR ---

