--- STDOUT ---
[1/3] sample.odt/META-INF/manifest.xml (5 rows)
---
```xml
<?xml version="1.0" encoding="UTF-8"?>
<manifest:manifest xmlns:manifest="urn:oasis:names:tc:opendocument:xmlns:manifest:1.0">
  <manifest:file-entry manifest:full-path="/" manifest:media-type="application/vnd.oasis.opendocument.text"/>
  <manifest:file-entry manifest:full-path="content.xml" manifest:media-type="text/xml"/>
</manifest:manifest>
```

[2/3] sample.odt/content.xml (11 rows)
---
```xml
<?xml version="1.0" encoding="UTF-8"?>
<office:document-content
    xmlns:office="urn:oasis:names:tc:opendocument:xmlns:office:1.0"
    xmlns:text="urn:oasis:names:tc:opendocument:xmlns:text:1.0">
  <office:body>
    <office:text>
      <text:p>Hello ODT World</text:p>
      <text:p>Second paragraph</text:p>
    </office:text>
  </office:body>
</office:document-content>
```

[3/3] sample.odt/mimetype (1 rows)
---
```
application/vnd.oasis.opendocument.text
```


--- STDERR ---
