--- STDOUT ---
/ROOT/suffixless (27 rows)
---
```markdown
# Authentication

All endpoints require a `Bearer` token. See [auth docs](/auth).

---

## Example

```go
func main() {
	fmt.Println("hi")
}
```

- First
- Second
  - Nested

> Rate limits apply.

| Field | Type |
|---|---|
| id | int |

![inline blob]

![Logo](/logo.png)
```


--- STDERR ---
