--- STDOUT ---
skeleton/main.swift (11 rows)
---
```swift
public protocol Shape {
    func area() -> Double
    func perimeter() -> Double
}
public struct Point {
    public var x: Double
    public var y: Double
    public init(x: Double, y: Double) {
    public func scale(factor: Double) -> Point {
}
public func topLevel(x: Double) -> Double {
```


--- STDERR ---
