--- STDOUT ---
skeleton/main.go (32 rows, definitions)
---
```go
// Person represents a named individual.
type Person struct {
	Name string
}
/* Worker defines the work contract. */
type Worker interface {
	Work()
}
// NewPerson creates a Person with the given name.
func NewPerson(name string) Person {
// NewWorker creates a worker with name and role.
func NewWorker(
	name string,
	role string,
) Person {
func (p Person) Greet() string {
```


--- STDERR ---
