--- STDOUT ---
[1/4] links/link_to_main.go (~1 rows)
---
```go
package main
func main() {}
```

[2/4] main.go (2 rows)
---
```go
package main
func main() {}
```

[3/4] main_test.go (2 rows)
---
```go
package main
import "testing"
```

[4/4] pkg/util.go (1 rows)
---
```go
package pkg
```


--- STDERR ---

