--- STDOUT ---
skeleton/main.cpp (13 rows, definitions)
---
```cpp
// UI widget with a single integer value.
class Widget {
    int value; // current value
    void set(int v) {
    int secret; /* internal state */
};
/* Free function - no class needed. */
int FreeFn(int v) {
// Combine two values.
int Combine(
    int a,
    int b
) {
```


--- STDERR ---
