--- STDOUT ---
skeleton/Main.java (35 rows, definitions)
---
```java
/**
 * Simple calculator with a running value.
 */
public class Calculator {
    public static final int MAX = 100; // upper bound
    public Calculator(int initial) {
    public int add(int x) {
    public int combine(
        int x,
        int y
    ) {
}
```


--- STDERR ---
