--- STDOUT ---
README.md (2 rows)
---
```markdown
# Project
Documentation here.
```

## All
---

[1/10] README.md (2 rows)
---
```markdown
# Project
Documentation here.
```

[2/10] doc/notes.txt (1 rows)
---
```text
some notes
```

[3/10] links/cycle_a/visible.txt (1 rows)
---
```text
a
```

[4/10] links/cycle_b/visible.txt (1 rows)
---
```text
b
```

[5/10] links/safe_target/recursion.txt (1 rows)
---
```text
I am safe
```

[6/10] main.go (2 rows)
---
```go
package main
func main() {}
```

[7/10] main_test.go (2 rows)
---
```go
package main
import "testing"
```

[8/10] pkg/util.go (1 rows)
---
```go
package pkg
```

[9/10] src/large.txt (100 rows)
---
```text
Line xxxxxxxxxx
Line xxxxxxxxxx
Line xxxxxxxxxx
Line xxxxxxxxxx
Line xxxxxxxxxx
Line xxxxxxxxxx
Line xxxxxxxxxx
Line xxxxxxxxxx
Line xxxxxxxxxx
Line xxxxxxxxxx
Line xxxxxxxxxx
Line xxxxxxxxxx
Line xxxxxxxxxx
Line xxxxxxxxxx
Line xxxxxxxxxx
Line xxxxxxxxxx
Line xxxxxxxxxx
Line xxxxxxxxxx
Line xxxxxxxxxx
Line xxxxxxxxxx
Line xxxxxxxxxx
Line xxxxxxxxxx
Line xxxxxxxxxx
Line xxxxxxxxxx
Line xxxxxxxxxx
Line xxxxxxxxxx
Line xxxxxxxxxx
Line xxxxxxxxxx
Line xxxxxxxxxx
Line xxxxxxxxxx
Line xxxxxxxxxx
Line xxxxxxxxxx
Line xxxxxxxxxx
Line xxxxxxxxxx
Line xxxxxxxxxx
Line xxxxxxxxxx
Line xxxxxxxxxx
Line xxxxxxxxxx
Line xxxxxxxxxx
Line xxxxxxxxxx
Line xxxxxxxxxx
Line xxxxxxxxxx
Line xxxxxxxxxx
Line xxxxxxxxxx
Line xxxxxxxxxx
Line xxxxxxxxxx
Line xxxxxxxxxx
Line xxxxxxxxxx
Line xxxxxxxxxx
Line xxxxxxxxxx
Line xxxxxxxxxx
Line xxxxxxxxxx
Line xxxxxxxxxx
Line xxxxxxxxxx
Line xxxxxxxxxx
Line xxxxxxxxxx
Line xxxxxxxxxx
Line xxxxxxxxxx
Line xxxxxxxxxx
Line xxxxxxxxxx
Line xxxxxxxxxx
Line xxxxxxxxxx
Line xxxxxxxxxx
Line xxxxxxxxxx
Line xxxxxxxxxx
Line xxxxxxxxxx
Line xxxxxxxxxx
Line xxxxxxxxxx
Line xxxxxxxxxx
Line xxxxxxxxxx
Line xxxxxxxxxx
Line xxxxxxxxxx
Line xxxxxxxxxx
Line xxxxxxxxxx
Line xxxxxxxxxx
Line xxxxxxxxxx
Line xxxxxxxxxx
Line xxxxxxxxxx
Line xxxxxxxxxx
Line xxxxxxxxxx
Line xxxxxxxxxx
Line xxxxxxxxxx
Line xxxxxxxxxx
Line xxxxxxxxxx
Line xxxxxxxxxx
Line xxxxxxxxxx
Line xxxxxxxxxx
Line xxxxxxxxxx
Line xxxxxxxxxx
Line xxxxxxxxxx
Line xxxxxxxxxx
Line xxxxxxxxxx
Line xxxxxxxxxx
Line xxxxxxxxxx
Line xxxxxxxxxx
Line xxxxxxxxxx
Line xxxxxxxxxx
Line xxxxxxxxxx
Line xxxxxxxxxx
Line xxxxxxxxxx
```

[10/10] src/script.py (1 rows)
---
```python
print('hello')
```


--- STDERR ---

