--- STDOUT ---
skeleton/main.ts (16 rows, definitions)
---
```typescript
export interface Shape {
    area(): number;
    name: string; // display label
}
export class Point {
    public x: number;
    public y: number;
    constructor(x: number, y: number) {
    public scale(factor: number): Point {
}
export function topLevel(x: number): number {
export function combine(
    x: number,
    y: number,
): number {
export const handler = async (req: Request): Promise<void> => {
```


--- STDERR ---
