--- STDOUT ---
skeleton/main.ts (15 rows)
---
```typescript
export interface Shape {
    area(): number;
    name: string;
}
export class Point {
    public x: number;
    public y: number;
    constructor(x: number, y: number) {
    public scale(factor: number): Point {
}
export function topLevel(x: number): number {
export function combine(
    x: number,
    y: number,
): number {
```


--- STDERR ---
