--- STDOUT ---
skeleton/main.tsx (20 rows, definitions)
---
```tsx
/** Props accepted by Panel. */
export interface Props {
    title: string; // display title
}
/**
 * Panel component with a value.
 */
export class Panel extends React.Component<Props> {
    public value: number;
    constructor(props: Props) {
    // Render the panel.
    public render(): JSX.Element {
}
/** Build a panel from a title. */
export function buildPanel(title: string): JSX.Element {
// Combine title and value into a panel.
export function combine(
    title: string,
    value: number,
): JSX.Element {
```


--- STDERR ---
