--- STDOUT ---
skeleton/main.kt (19 rows, definitions)
---
```kotlin
data class Point(val x: Double, val y: Double)
interface Shape {
    fun area(): Double
    fun perimeter(): Double
}
class Calculator {
    val max: Int = 100 // upper bound
    fun add(x: Int): Int {
}
object Defaults {
    val max: Int = 100
    val name: String = "default" // fallback name
    fun scaled(factor: Int): Int {
}
fun topLevel(x: Int): Int {
fun combine(
    x: Int,
    y: Int,
): Int {
```


--- STDERR ---
