--- STDOUT ---
skeleton/main.cs (35 rows, definitions)
---
```csharp
public interface IShape {
    double Area();
    double Perimeter();
}
public class Point {
    public double X { get; set; }
    public double Y { get; set; }
    public Point(double x, double y) {
    public Point Scale(double factor) {
    public Point Combine(
        double dx,
        double dy
    ) {
}
```


--- STDERR ---
