--- STDOUT ---
skeleton/main.scala (17 rows, definitions)
---
```scala
trait Shape {
    def area(): Double
    def perimeter(): Double
}
case class Point(x: Double, y: Double) {
    val label: String = "" // display label
    def scale(factor: Double): Point = 
}
object Calculator {
    val Max: Int = 100
    def add(x: Int): Int = 
}
def topLevel(x: Int): Int = 
def combine(
    x: Int,
    y: Int,
): Int = x + y
```


--- STDERR ---
