--- STDOUT ---
[1/2] skeleton/main.py (8 rows, definitions)
---
```python
class Animal:
    species = "unknown"
    def speak(self):
def top_level():
def create(
    name: str,
    tag: str = "default",
) -> "Animal":
```

[2/2] skeleton/main.py (5 rows, function signatures)
---
```python
def top_level():
def create(
    name: str,
    tag: str = "default",
) -> "Animal":
```


--- STDERR ---
