--- STDOUT ---
[1/5] ignore_test/foo.go (1 rows)
---
```go
package foo
```

[2/5] links/link_to_main.go (~1 rows)
---
```go
package main
func main() {}
```

[3/5] parent_ignore_test/level1/level2/keep_me.go (1 rows)
---
```go
package level2
```

[4/5] pkg/util.go (1 rows)
---
```go
package pkg
```

[5/5] src/script.py (1 rows)
---
```python
print('hello')
```


--- STDERR ---

