--- STDOUT ---
[1/3] skeleton/main.go (32 rows, definitions)
---
```go
// Person represents a named individual.
type Person struct {
... (13 rows skipped)
func (p Person) Greet() string {
```

[2/3] skeleton/main.go (32 rows)
---
```go
package demo
```

[3/3] skeleton/main.go (32 rows)
---
```go
func helper() {} // unexported helper
```


--- STDERR ---
