--- STDOUT ---
skeleton/main.hs (11 rows, definitions)
---
```haskell
-- | Animals supported by the system.
data Animal = Dog | Cat
{- A newtype wrapper for names.
   Avoids mixing up plain strings. -}
newtype Name = Name String
-- | Greet by name, with a fallback.
greet :: String -> String
greet name
-- | Add two integers.
add :: Int -> Int -> Int
add x y
```


--- STDERR ---
