--- STDOUT ---
skeleton/main.m (11 rows)
---
```objectivec
@interface Animal : NSObject
@property (nonatomic, strong) NSString *name;
@property (nonatomic, strong) NSString *species; // taxonomy
- (void)speak;
- (NSString *)greetWithName:(NSString *)name
                   greeting:(NSString *)greeting; // multi-line selector
@end
@protocol Greeter <NSObject>
- (NSString *)greet;
@end
int standalone(int x) {
```


--- STDERR ---
