--- STDOUT ---
skeleton/main.ml (17 rows, definitions)
---
```ocaml
type animal = Dog | Cat
type point = {
  x: float;
  y: float;
}
let greet name =
let combine
    name
    greeting =
module Geometry = struct
  type shape = Circle | Square
  let pi = 3.14159
  let area radius =
end
module type Printable = sig
  val to_string : 'a -> string
end
```


--- STDERR ---
