--- STDOUT ---
```
src/
├── sub/
│   └── helper.go
├── app.go
└── app_test.go
```

[1/3] src/app.go (1 rows)
---
```go
package src
```

[2/3] src/app_test.go (1 rows)
---
```go
package src
```

[3/3] src/sub/helper.go (1 rows)
---
```go
package sub
```

## Lib
---

[1/2] lib/lib.go (1 rows)
---
```go
package lib
```

[2/2] lib/lib_test.go (1 rows)
---
```go
package lib
```


--- STDERR ---
