--- STDOUT ---
[1/17] .gitignore (2 rows)
---
```gitignore
bin/
secret/
```

[2/17] .hidden (1 rows)
---
```
i am hidden
```

[3/17] README.md (2 rows)
---
```markdown
# Project
Documentation here.
```

[4/17] configs/follow.yaml (1 rows)
---
```yaml
follow_symlinks: true
```

[5/17] configs/hidden.yaml (1 rows)
---
```yaml
show_hidden: true
```

[6/17] configs/no_links.yaml (1 rows)
---
```yaml
no_file_links: true
```

[7/17] doc/notes.txt (1 rows)
---
```text
some notes
```

[8/17] links/cycle_a/visible.txt (1 rows)
---
```text
a
```

[9/17] links/cycle_b/visible.txt (1 rows)
---
```text
b
```

[10/17] links/link_to_main.go (~1 rows)
---
```go
package main
func main() {}
```

[11/17] links/safe_target/recursion.txt (1 rows)
---
```text
I am safe
```

[12/17] main.go (2 rows)
---
```go
package main
func main() {}
```

[13/17] main_test.go (2 rows)
---
```go
package main
import "testing"
```

[14/17] pkg/util.go (1 rows)
---
```go
package pkg
```

[15/17] src/large.txt (100 rows)
---
```text
Line xxxxxxxxxx
Line xxxxxxxxxx
Line xxxxxxxxxx
Line xxxxxxxxxx
Line xxxxxxxxxx
Line xxxxxxxxxx
Line xxxxxxxxxx
Line xxxxxxxxxx
Line xxxxxxxxxx
Line xxxxxxxxxx
Line xxxxxxxxxx
Line xxxxxxxxxx
Line xxxxxxxxxx
Line xxxxxxxxxx
Line xxxxxxxxxx
Line xxxxxxxxxx
Line xxxxxxxxxx
Line xxxxxxxxxx
Line xxxxxxxxxx
Line xxxxxxxxxx
Line xxxxxxxxxx
Line xxxxxxxxxx
Line xxxxxxxxxx
Line xxxxxxxxxx
Line xxxxxxxxxx
Line xxxxxxxxxx
Line xxxxxxxxxx
Line xxxxxxxxxx
Line xxxxxxxxxx
Line xxxxxxxxxx
Line xxxxxxxxxx
Line xxxxxxxxxx
Line xxxxxxxxxx
Line xxxxxxxxxx
Line xxxxxxxxxx
Line xxxxxxxxxx
Line xxxxxxxxxx
Line xxxxxxxxxx
Line xxxxxxxxxx
Line xxxxxxxxxx
Line xxxxxxxxxx
Line xxxxxxxxxx
Line xxxxxxxxxx
Line xxxxxxxxxx
Line xxxxxxxxxx
Line xxxxxxxxxx
Line xxxxxxxxxx
Line xxxxxxxxxx
Line xxxxxxxxxx
Line xxxxxxxxxx
Line xxxxxxxxxx
Line xxxxxxxxxx
Line xxxxxxxxxx
Line xxxxxxxxxx
Line xxxxxxxxxx
Line xxxxxxxxxx
Line xxxxxxxxxx
Line xxxxxxxxxx
Line xxxxxxxxxx
Line xxxxxxxxxx
Line xxxxxxxxxx
Line xxxxxxxxxx
Line xxxxxxxxxx
Line xxxxxxxxxx
Line xxxxxxxxxx
Line xxxxxxxxxx
Line xxxxxxxxxx
Line xxxxxxxxxx
Line xxxxxxxxxx
Line xxxxxxxxxx
Line xxxxxxxxxx
Line xxxxxxxxxx
Line xxxxxxxxxx
Line xxxxxxxxxx
Line xxxxxxxxxx
Line xxxxxxxxxx
Line xxxxxxxxxx
Line xxxxxxxxxx
Line xxxxxxxxxx
Line xxxxxxxxxx
Line xxxxxxxxxx
Line xxxxxxxxxx
Line xxxxxxxxxx
Line xxxxxxxxxx
Line xxxxxxxxxx
Line xxxxxxxxxx
Line xxxxxxxxxx
Line xxxxxxxxxx
Line xxxxxxxxxx
Line xxxxxxxxxx
Line xxxxxxxxxx
Line xxxxxxxxxx
Line xxxxxxxxxx
Line xxxxxxxxxx
Line xxxxxxxxxx
Line xxxxxxxxxx
Line xxxxxxxxxx
Line xxxxxxxxxx
Line xxxxxxxxxx
Line xxxxxxxxxx
```

[16/17] src/script.py (1 rows)
---
```python
print('hello')
```

[17/17] tmp/TestGolden1014832614/001/links/broken_link - error: open tmp/TestGolden1014832614/001/links/broken_link: no such file or directory


--- STDERR ---
[1;31mError:[0m Failed to read file: open tmp/TestGolden1014832614/001/links/broken_link: no such file or directory (path=tmp/TestGolden1014832614/001/links/broken_link)
