[1/9] README.md (2 rows)
---
```markdown
# Hello World
This is a readme.
```

[2/9] binary.dat - binary file skipped (10 B)
[3/9] large.txt (~798 rows)
---
```text
This is a line used to build a large file for testing token and line estimation logic.
This is a line used to build a large file for testing token and line estimation logic.
This is a line used to build a large file for testing token and line estimation logic.
This is a line used to build a large file for testing token and line estimation logic.
This is a line used to build a large file for testing token and line estimation logic.
This is a line used to build a large file for testing token and line estimation logic.
This is a line used to build a large file for testing token and line estimation logic.
This is a line used to build a large file for testing token and line estimation logic.
This is a line used to build a large file for testing token and line estimation logic.
This is a line used to build a large file for testing token and line estimation logic.
This is a line used to build a large file for testing token and line estimation logic.
This is a line used to build a large file for testing token and line estimation logic.
This is a line used to build a large file for testing token and line estimation logic.
This is a line used to build a large file for testing token and line estimation logic.
This is a line used to build a large file for testing token and line estimation logic.
This is a line used to build a large file for testing token and line estimation logic.
This is a line used to build a large file for testing token and line estimation logic.
This is a line used to build a large file for testing token and line estimation logic.
This is a line used to build a large file for testing token and line estimation logic.
This is a line used to build a large file for testing token and line estimation logic.
This is a line used to build a large file for testing token and line estimation logic.
This is a line used to build a large file for testing token and line estimation logic.
This is a line used to build a large file for testing token and line estimation logic.
This is a line used to build a large file for testing token and line estimation logic.
This is a line used to build a large file for testing token and line estimation logic.
This is a line used to build a large file for testing token and line estimation logic.
This is a line used to build a large file for testing token and line estimation logic.
This is a line used to build a large file for testing token and line estimation logic.
This is a line used to build a large file for testing token and line estimation logic.
This is a line used to build a large file for testing token and line estimation logic.
This is a line used to build a large file for testing token and line estimation logic.
This is a line used to build a large file for testing token and line estimation logic.
This is a line used to build a large file for testing token and line estimation logic.
This is a line used to build a large file for testing token and line estimation logic.
This is a line used to build a large file for testing token and line estimation logic.
This is a line used to build a large file for testing token and line estimation logic.
This is a line used to build a large file for testing token and line estimation logic.
This is a line used to build a large file for testing token and line estimation logic.
This is a line used to build a large file for testing token and line estimation logic.
This is a line used to build a large file for testing token and line estimation logic.
This is a line used to build a large file for testing token and line estimation logic.
This is a line used to build a large file for testing token and line estimation logic.
This is a line used to build a large file for testing token and line estimation logic.
This is a line used to build a large file for testing token and line estimation logic.
This is a line used to build a large file for testing token and line estimation logic.
This is a line used to build a large file for testing token and line estimation logic.
This is a line used to build a large file for testing token and line estimation logic.
This is a line used to build a large file for testing token and line estimation logic.
This is a line used to build a large file for testing token and line estimation logic.
This is a line used to build a large file for testing token and line estimation logic.
This is a line used to build a large file for testing token and line estimation logic.
This is a line used to build a large file for testing token and line estimation logic.
This is a line used to build a large file for testing token and line estimation logic.
This is a line used to build a large file for testing token and line estimation logic.
This is a line used to build a large file for testing token and line estimation logic.
This is a line used to build a large file for testing token and line estimation logic.
This is a line used to build a large file for testing token and line estimation logic.
This is a line used to build a large file for testing token and line estimation logic.
This is a line used to build a large file for testing token and line estimation logic.
This is a line used to build a large file for testing token and line estimation logic.
This is a line used to build a large file for testing token and line estimation logic.
This is a line used to build a large file for testing token and line estimation logic.
This is a line used to build a large file for testing token and line estimation logic.
This is a line used to build a large file for testing token and line estimation logic.
This is a line used to build a large file for testing token and line estimation logic.
This is a line used to build a large file for testing token and line estimation logic.
This is a line used to build a large file for testing token and line estimation logic.
This is a line used to build a large file for testing token and line estimation logic.
This is a line used to build a large file for testing token and line estimation logic.
This is a line used to build a large file for testing token and line estimation logic.
This is a line used to build a large file for testing token and line estimation logic.
This is a line used to build a large file for testing token and line estimation logic.
This is a line used to build a large file for testing token and line estimation logic.
This is a line used to build a large file for testing token and line estimation logic.
This is a line used to build a large file for testing token and line estimation logic.
This is a line used to build a large file for testing token and line estimation logic.
This is a line used to build a large file for testing token and line estimation logic.
This is a line used to build a large file for testing token and line estimation logic.
This is a line used to build a large file for testing token and line estimation logic.
This is a line used to build a large file for testing token and line estimation logic.
This is a line used to build a large file for testing token and line estimation logic.
This is a line used to build a large file for testing token and line estimation logic.
This is a line used to build a large file for testing token and line estimation logic.
This is a line used to build a large file for testing token and line estimation logic.
This is a line used to build a large file for testing token and line estimation logic.
This is a line used to build a large file for testing token and line estimation logic.
This is a line used to build a large file for testing token and line estimation logic.
This is a line used to build a large file for testing token and line estimation logic.
This is a line used to build a large file for testing token and line estimation logic.
This is a line used to build a large file for testing token and line estimation logic.
This is a line used to build a large file for testing token and line estimation logic.
This is a line used to build a large file for testing token and line estimation logic.
This is a line used to build a large file for testing token and line estimation logic.
This is a line used to build a large file for testing token and line estimation logic.
This is a line used to build a large file for testing token and line estimation logic.
This is a line used to build a large file for testing token and line estimation logic.
This is a line used to build a large file for testing token and line estimation logic.
This is a line used to build a large file for testing token and line estimation logic.
This is a line used to build a large file for testing token and line estimation logic.
This is a line used to build a large file for testing token and line estimation logic.
This is a line used to build a large file for testing token and line estimation logic.
This is a line used to build a large file for testing token and line estimation logic.
This is a line used to build a large file for testing token and line estimation logic.
This is a line used to build a large file for testing token and line estimation logic.
This is a line used to build a large file for testing token and line estimation logic.
This is a line used to build a large file for testing token and line estimation logic.
This is a line used to build a large file for testing token and line estimation logic.
This is a line used to build a large file for testing token and line estimation logic.
This is a line used to build a large file for testing token and line estimation logic.
This is a line used to build a large file for testing token and line estimation logic.
This is a line used to build a large file for testing token and line estimation logic.
This is a line used to build a large file for testing token and line estimation logic.
This is a line used to build a large file for testing token and line estimation logic.
This is a line used to build a large file for testing token and line estimation logic.
This is a line used to build a large file for testing token and line estimation logic.
This is a line used to build a large file for testing token and line estimation logic.
This is a line used to build a large file for testing token and line estimation logic.
This is a line used to build a large file for testing token and line estimation logic.
This is a line used to build a large file for testing token and line estimation logic.
This is a line used to build a large file for testing token and line estimation logic.
This is a line used to build a large file for testing token and line estimation logic.
This is a line used to build a large file for testing token and line estimation logic.
This is a line used to build a large file for testing token and line estimation logic.
This is a line used to build a large file for testing token and line estimation logic.
This is a line used to build a large file for testing token and line estimation logic.
This is a line used to build a large file for testing token and line estimation logic.
This is a line used to build a large file for testing token and line estimation logic.
This is a line used to build a large file for testing token and line estimation logic.
This is a line used to build a large file for testing token and line estimation logic.
This is a line used to build a large file for testing token and line estimation logic.
This is a line used to build a large file for testing token and line estimation logic.
This is a line used to build a large file for testing token and line estimation logic.
This is a line used to build a large file for testing token and line estimation logic.
This is a line used to build a large file for testing token and line estimation logic.
This is a line used to build a large file for testing token and line estimation logic.
This is a line used to build a large file for testing token and line estimation logic.
This is a line used to build a large file for testing token and line estimation logic.
This is a line used to build a large file for testing token and line estimation logic.
This is a line used to build a large file for testing token and line estimation logic.
This is a line used to build a large file for testing token and line estimation logic.
This is a line used to build a large file for testing token and line estimation logic.
This is a line used to build a large file for testing token and line estimation logic.
This is a line used to build a large file for testing token and line estimation logic.
This is a line used to build a large file for testing token and line estimation logic.
This is a line used to build a large file for testing token and line estimation logic.
This is a line used to build a large file for testing token and line estimation logic.
This is a line used to build a large file for testing token and line estimation logic.
This is a line used to build a large file for testing token and line estimation logic.
This is a line used to build a large file for testing token and line estimation logic.
This is a line used to build a large file for testing token and line estimation logic.
This is a line used to build a large file for testing token and line estimation logic.
This is a line used to build a large file for testing token and line estimation logic.
This is a line used to build a large file for testing token and line estimation logic.
This is a line used to build a large file for testing token and line estimation logic.
This is a line used to build a large file for testing token and line estimation logic.
This is a line used to build a large file for testing token and line estimation logic.
This is a line used to build a large file for testing token and line estimation logic.
This is a line used to build a large file for testing token and line estimation logic.
This is a line used to build a large file for testing token and line estimation logic.
This is a line used to build a large file for testing token and line estimation logic.
This is a line used to build a large file for testing token and line estimation logic.
This is a line used to build a large file for testing token and line estimation logic.
This is a line used to build a large file for testing token and line estimation logic.
This is a line used to build a large file for testing token and line estimation logic.
This is a line used to build a large file for testing token and line estimation logic.
This is a line used to build a large file for testing token and line estimation logic.
This is a line used to build a large file for testing token and line estimation logic.
This is a line used to build a large file for testing token and line estimation logic.
This is a line used to build a large file for testing token and line estimation logic.
This is a line used to build a large file for testing token and line estimation logic.
This is a line used to build a large file for testing token and line estimation logic.
This is a line used to build a large file for testing token and line estimation logic.
This is a line used to build a large file for testing token and line estimation logic.
This is a line used to build a large file for testing token and line estimation logic.
This is a line used to build a large file for testing token and line estimation logic.
This is a line used to build a large file for testing token and line estimation logic.
This is a line used to build a large file for testing token and line estimation logic.
This is a line used to build a large file for testing token and line estimation logic.
This is a line used to build a large file for testing token and line estimation logic.
This is a line used to build a large file for testing token and line estimation logic.
This is a line used to build a large file for testing token and line estimation logic.
This is a line used to build a large file for testing token and line estimation logic.
This is a line used to build a large file for testing token and line estimation logic.
This is a line used to build a large file for testing token and line estimation logic.
This is a line used to build a large file for testing token and line estimation logic.
This is a line used to build a large file for testing token and line estimation logic.
This is a line used to build a large file for testing token and line estimation logic.
This is a line used to build a large file for testing token and line estimation logic.
This is a line used to build a large file for testing token and line estimation logic.
This is a line used to build a large file for testing token and line estimation logic.
This is a line used to build a large file for testing token and line estimation logic.
This is a line used to build a large file for testing token and line estimation logic.
This is a line used to build a large file for testing token and line estimation logic.
This is a line used to build a large file for testing token and line estimation logic.
This is a line used to build a large file for testing token and line estimation logic.
This is a line used to build a large file for testing token and line estimation logic.
This is a line used to build a large file for testing token and line estimation logic.
This is a line used to build a large file for testing token and line estimation logic.
This is a line used to build a large file for testing token and line estimation logic.
This is a line used to build a large file for testing token and line estimation logic.
This is a line used to build a large file for testing token and line estimation logic.
This is a line used to build a large file for testing token and line estimation logic.
This is a line used to build a large file for testing token and line estimation logic.
This is a line used to build a large file for testing token and line estimation logic.
This is a line used to build a large file for testing token and line estimation logic.
This is a line used to build a large file for testing token and line estimation logic.
This is a line used to build a large file for testing token and line estimation logic.
This is a line used to build a large file for testing token and line estimation logic.
This is a line used to build a large file for testing token and line estimation logic.
This is a line used to build a large file for testing token and line estimation logic.
This is a line used to build a large file for testing token and line estimation logic.
This is a line used to build a large file for testing token and line estimation logic.
This is a line used to build a large file for testing token and line estimation logic.
This is a line used to build a large file for testing token and line estimation logic.
This is a line used to build a large file for testing token and line estimation logic.
This is a line used to build a large file for testing token and line estimation logic.
This is a line used to build a large file for testing token and line estimation logic.
This is a line used to build a large file for testing token and line estimation logic.
This is a line used to build a large file for testing token and line estimation logic.
This is a line used to build a large file for testing token and line estimation logic.
This is a line used to build a large file for testing token and line estimation logic.
This is a line used to build a large file for testing token and line estimation logic.
This is a line used to build a large file for testing token and line estimation logic.
This is a line used to build a large file for testing token and line estimation logic.
This is a line used to build a large file for testing token and line estimation logic.
This is a line used to build a large file for testing token and line estimation logic.
This is a line used to build a large file for testing token and line estimation logic.
This is a line used to build a large file for testing token and line estimation logic.
This is a line used to build a large file for testing token and line estimation logic.
This is a line used to build a large file for testing token and line estimation logic.
This is a line used to build a large file for testing token and line estimation logic.
This is a line used to build a large file for testing token and line estimation logic.
This is a line used to build a large file for testing token and line estimation logic.
This is a line used to build a large file for testing token and line estimation logic.
This is a line used to build a large file for testing token and line estimation logic.
This is a line used to build a large file for testing token and line estimation logic.
This is a line used to build a large file for testing token and line estimation logic.
This is a line used to build a large file for testing token and line estimation logic.
This is a line used to build a large file for testing token and line estimation logic.
This is a line used to build a large file for testing token and line estimation logic.
This is a line used to build a large file for testing token and line estimation logic.
This is a line used to build a large file for testing token and line estimation logic.
This is a line used to build a large file for testing token and line estimation logic.
This is a line used to build a large file for testing token and line estimation logic.
This is a line used to build a large file for testing token and line estimation logic.
This is a line used to build a large file for testing token and line estimation logic.
This is a line used to build a large file for testing token and line estimation logic.
This is a line used to build a large file for testing token and line estimation logic.
This is a line used to build a large file for testing token and line estimation logic.
This is a line used to build a large file for testing token and line estimation logic.
This is a line used to build a large file for testing token and line estimation logic.
This is a line used to build a large file for testing token and line estimation logic.
This is a line used to build a large file for testing token and line estimation logic.
This is a line used to build a large file for testing token and line estimation logic.
This is a line used to build a large file for testing token and line estimation logic.
This is a line used to build a large file for testing token and line estimation logic.
This is a line used to build a large file for testing token and line estimation logic.
This is a line used to build a large file for testing token and line estimation logic.
This is a line used to build a large file for testing token and line estimation logic.
This is a line used to build a large file for testing token and line estimation logic.
This is a line used to build a large file for testing token and line estimation logic.
This is a line used to build a large file for testing token and line estimation logic.
This is a line used to build a large file for testing token and line estimation logic.
This is a line used to build a large file for testing token and line estimation logic.
This is a line used to build a large file for testing token and line estimation logic.
This is a line used to build a large file for testing token and line estimation logic.
This is a line used to build a large file for testing token and line estimation logic.
This is a line used to build a large file for testing token and line estimation logic.
This is a line used to build a large file for testing token and line estimation logic.
This is a line used to build a large file for testing token and line estimation logic.
This is a line used to build a large file for testing token and line estimation logic.
This is a line used to build a large file for testing token and line estimation logic.
This is a line used to build a large file for testing token and line estimation logic.
This is a line used to build a large file for testing token and line estimation logic.
This is a line used to build a large file for testing token and line estimation logic.
This is a line used to build a large file for testing token and line estimation logic.
This is a line used to build a large file for testing token and line estimation logic.
This is a line used to build a large file for testing token and line estimation logic.
This is a line used to build a large file for testing token and line estimation logic.
This is a line used to build a large file for testing token and line estimation logic.
This is a line used to build a large file for testing token and line estimation logic.
This is a line used to build a large file for testing token and line estimation logic.
This is a line used to build a large file for testing token and line estimation logic.
This is a line used to build a large file for testing token and line estimation logic.
This is a line used to build a large file for testing token and line estimation logic.
This is a line used to build a large file for testing token and line estimation logic.
This is a line used to build a large file for testing token and line estimation logic.
This is a line used to build a large file for testing token and line estimation logic.
This is a line used to build a large file for testing token and line estimation logic.
This is a line used to build a large file for testing token and line estimation logic.
This is a line used to build a large file for testing token and line estimation logic.
This is a line used to build a large file for testing token and line estimation logic.
This is a line used to build a large file for testing token and line estimation logic.
This is a line used to build a large file for testing token and line estimation logic.
This is a line used to build a large file for testing token and line estimation logic.
This is a line used to build a large file for testing token and line estimation logic.
This is a line used to build a large file for testing token and line estimation logic.
This is a line used to build a large file for testing token and line estimation logic.
This is a line used to build a large file for testing token and line estimation logic.
This is a line used to build a large file for testing token and line estimation logic.
This is a line used to build a large file for testing token and line estimation logic.
This is a line used to build a large file for testing token and line estimation logic.
This is a line used to build a large file for testing token and line estimation logic.
This is a line used to build a large file for testing token and line estimation logic.
This is a line used to build a large file for testing token and line estimation logic.
This is a line used to build a large file for testing token and line estimation logic.
This is a line used to build a large file for testing token and line estimation logic.
This is a line used to build a large file for testing token and line estimation logic.
This is a line used to build a large file for testing token and line estimation logic.
This is a line used to build a large file for testing token and line estimation logic.
This is a line used to build a large file for testing token and line estimation logic.
This is a line used to build a large file for testing token and line estimation logic.
This is a line used to build a large file for testing token and line estimation logic.
This is a line used to build a large file for testing token and line estimation logic.
This is a line used to build a large file for testing token and line estimation logic.
This is a line used to build a large file for testing token and line estimation logic.
This is a line used to build a large file for testing token and line estimation logic.
This is a line used to build a large file for testing token and line estimation logic.
This is a line used to build a large file for testing token and line estimation logic.
This is a line used to build a large file for testing token and line estimation logic.
This is a line used to build a large file for testing token and line estimation logic.
This is a line used to build a large file for testing token and line estimation logic.
This is a line used to build a large file for testing token and line estimation logic.
This is a line used to build a large file for testing token and line estimation logic.
This is a line used to build a large file for testing token and line estimation logic.
This is a line used to build a large file for testing token and line estimation logic.
This is a line used to build a large file for testing token and line estimation logic.
This is a line used to build a large file for testing token and line estimation logic.
This is a line used to build a large file for testing token and line estimation logic.
This is a line used to build a large file for testing token and line estimation logic.
This is a line used to build a large file for testing token and line estimation logic.
This is a line used to build a large file for testing token and line estimation logic.
This is a line used to build a large file for testing token and line estimation logic.
This is a line used to build a large file for testing token and line estimation logic.
This is a line used to build a large file for testing token and line estimation logic.
This is a line used to build a large file for testing token and line estimation logic.
This is a line used to build a large file for testing token and line estimation logic.
This is a line used to build a large file for testing token and line estimation logic.
This is a line used to build a large file for testing token and line estimation logic.
This is a line used to build a large file for testing token and line estimation logic.
This is a line used to build a large file for testing token and line estimation logic.
This is a line used to build a large file for testing token and line estimation logic.
This is a line used to build a large file for testing token and line estimation logic.
This is a line used to build a large file for testing token and line estimation logic.
This is a line used to build a large file for testing token and line estimation logic.
This is a line used to build a large file for testing token and line estimation logic.
This is a line used to build a large file for testing token and line estimation logic.
This is a line used to build a large file for testing token and line estimation logic.
This is a line used to build a large file for testing token and line estimation logic.
This is a line used to build a large file for testing token and line estimation logic.
This is a line used to build a large file for testing token and line estimation logic.
This is a line used to build a large file for testing token and line estimation logic.
This is a line used to build a large file for testing token and line estimation logic.
This is a line used to build a large file for testing token and line estimation logic.
This is a line used to build a large file for testing token and line estimation logic.
This is a line used to build a large file for testing token and line estimation logic.
This is a line used to build a large file for testing token and line estimation logic.
This is a line used to build a large file for testing token and line estimation logic.
This is a line used to build a large file for testing token and line estimation logic.
This is a line used to build a large file for testing token and line estimation logic.
This is a line used to build a large file for testing token and line estimation logic.
This is a line used to build a large file for testing token and line estimation logic.
This is a line used to build a large file for testing token and line estimation logic.
This is a line used to build a large file for testing token and line estimation logic.
This is a line used to build a large file for testing token and line estimation logic.
This is a line used to build a large file for testing token and line estimation logic.
This is a line used to build a large file for testing token and line estimation logic.
This is a line used to build a large file for testing token and line estimation logic.
This is a line used to build a large file for testing token and line estimation logic.
This is a line used to build a large file for testing token and line estimation logic.
This is a line used to build a large file for testing token and line estimation logic.
This is a line used to build a large file for testing token and line estimation logic.
This is a line used to build a large file for testing token and line estimation logic.
This is a line used to build a large file for testing token and line estimation logic.
This is a line used to build a large file for testing token and line estimation logic.
This is a line used to build a large file for testing token and line estimation logic.
This is a line used to build a large file for testing token and line estimation logic.
This is a line used to build a large file for testing token and line estimation logic.
This is a line used to build a large file for testing token and line estimation logic.
This is a line used to build a large file for testing token and line estimation logic.
This is a line used to build a large file for testing token and line estimation logic.
This is a line used to build a large file for testing token and line estimation logic.
This is a line used to build a large file for testing token and line estimation logic.
This is a line used to build a large file for testing token and line estimation logic.
This is a line used to build a large file for testing token and line estimation logic.
This is a line used to build a large file for testing token and line estimation logic.
This is a line used to build a large file for testing token and line estimation logic.
This is a line used to build a large file for testing token and line estimation logic.
This is a line used to build a large file for testing token and line estimation logic.
This is a line used to build a large file for testing token and line estimation logic.
This is a line used to build a large file for testing token and line estimation logic.
This is a line used to build a large file for testing token and line estimation logic.
This is a line used to build a large file for testing token and line estimation logic.
This is a line used to build a large file for testing token and line estimation logic.
This is a line used to build a large file for testing token and line estimation logic.
This is a line used to build a large file for testing token and line estimation logic.
This is a line used to build a large file for testing token and line estimation logic.
This is a line used to build a large file for testing token and line estimation logic.
This is a line used to build a large file for testing token and line estimation logic.
This is a line used to build a large file for testing token and line estimation logic.
This is a line used to build a large file for testing token and line estimation logic.
This is a line used to build a large file for testing token and line estimation logic.
This is a line used to build a large file for testing token and line estimation logic.
This is a line used to build a large file for testing token and line estimation logic.
This is a line used to build a large file for testing token and line estimation logic.
This is a line used to build a large file for testing token and line estimation logic.
This is a line used to build a large file for testing token and line estimation logic.
This is a line used to build a large file for testing token and line estimation logic.
This is a line used to build a large file for testing token and line estimation logic.
This is a line used to build a large file for testing token and line estimation logic.
This is a line used to build a large file for testing token and line estimation logic.
This is a line used to build a large file for testing token and line estimation logic.
This is a line used to build a large file for testing token and line estimation logic.
This is a line used to build a large file for testing token and line estimation logic.
This is a line used to build a large file for testing token and line estimation logic.
This is a line used to build a large file for testing token and line estimation logic.
This is a line used to build a large file for testing token and line estimation logic.
This is a line used to build a large file for testing token and line estimation logic.
This is a line used to build a large file for testing token and line estimation logic.
This is a line used to build a large file for testing token and line estimation logic.
This is a line used to build a large file for testing token and line estimation logic.
This is a line used to build a large file for testing token and line estimation logic.
This is a line used to build a large file for testing token and line estimation logic.
This is a line used to build a large file for testing token and line estimation logic.
This is a line used to build a large file for testing token and line estimation logic.
This is a line used to build a large file for testing token and line estimation logic.
This is a line used to build a large file for testing token and line estimation logic.
This is a line used to build a large file for testing token and line estimation logic.
This is a line used to build a large file for testing token and line estimation logic.
This is a line used to build a large file for testing token and line estimation logic.
This is a line used to build a large file for testing token and line estimation logic.
This is a line used to build a large file for testing token and line estimation logic.
This is a line used to build a large file for testing token and line estimation logic.
This is a line used to build a large file for testing token and line estimation logic.
This is a line used to build a large file for testing token and line estimation logic.
This is a line used to build a large file for testing token and line estimation logic.
This is a line used to build a large file for testing token and line estimation logic.
This is a line used to build a large file for testing token and line estimation logic.
This is a line used to build a large file for testing token and line estimation logic.
This is a line used to build a large file for testing token and line estimation logic.
This is a line used to build a large file for testing token and line estimation logic.
This is a line used to build a large file for testing token and line estimation logic.
This is a line used to build a large file for testing token and line estimation logic.
This is a line used to build a large file for testing token and line estimation logic.
This is a line used to build a large file for testing token and line estimation logic.
This is a line used to build a large file for testing token and line estimation logic.
This is a line used to build a large file for testing token and line estimation logic.
This is a line used to build a large file for testing token and line estimation logic.
This is a line used to build a large file for testing token and line estimation logic.
This is a line used to build a large file for testing token and line estimation logic.
This is a line used to build a large file for testing token and line estimation logic.
This is a line used to build a large file for testing token and line estimation logic.
This is a line used to build a large file for testing token and line estimation logic.
This is a line used to build a large file for testing token and line estimation logic.
This is a line used to build a large file for testing token and line estimation logic.
This is a line used to build a large file for testing token and line estimation logic.
This is a line used to build a large file for testing token and line estimation logic.
This is a line used to build a large file for testing token and line estimation logic.
This is a line used to build a large file for testing token and line estimation logic.
This is a line used to build a large file for testing token and line estimation logic.
This is a line used to build a large file for testing token and line estimation logic.
This is a line used to build a large file for testing token and line estimation logic.
This is a line used to build a large file for testing token and line estimation logic.
This is a line used to build a large file for testing token and line estimation logic.
This is a line used to build a large file for testing token and line estimation logic.
This is a line used to build a large file for testing token and line estimation logic.
This is a line used to build a large file for testing token and line estimation logic.
This is a line used to build a large file for testing token and line estimation logic.
This is a line used to build a large file for testing token and line estimation logic.
This is a line used to build a large file for testing token and line estimation logic.
This is a line used to build a large file for testing token and line estimation logic.
This is a line used to build a large file for testing token and line estimation logic.
This is a line used to build a large file for testing token and line estimation logic.
This is a line used to build a large file for testing token and line estimation logic.
This is a line used to build a large file for testing token and line estimation logic.
This is a line used to build a large file for testing token and line estimation logic.
This is a line used to build a large file for testing token and line estimation logic.
This is a line used to build a large file for testing token and line estimation logic.
This is a line used to build a large file for testing token and line estimation logic.
This is a line used to build a large file for testing token and line estimation logic.
This is a line used to build a large file for testing token and line estimation logic.
This is a line used to build a large file for testing token and line estimation logic.
This is a line used to build a large file for testing token and line estimation logic.
This is a line used to build a large file for testing token and line estimation logic.
This is a line used to build a large file for testing token and line estimation logic.
This is a line used to build a large file for testing token and line estimation logic.
This is a line used to build a large file for testing token and line estimation logic.
This is a line used to build a large file for testing token and line estimation logic.
This is a line used to build a large file for testing token and line estimation logic.
This is a line used to build a large file for testing token and line estimation logic.
This is a line used to build a large file for testing token and line estimation logic.
This is a line used to build a large file for testing token and line estimation logic.
This is a line used to build a large file for testing token and line estimation logic.
This is a line used to build a large file for testing token and line estimation logic.
This is a line used to build a large file for testing token and line estimation logic.
This is a line used to build a large file for testing token and line estimation logic.
This is a line used to build a large file for testing token and line estimation logic.
This is a line used to build a large file for testing token and line estimation logic.
This is a line used to build a large file for testing token and line estimation logic.
This is a line used to build a large file for testing token and line estimation logic.
This is a line used to build a large file for testing token and line estimation logic.
This is a line used to build a large file for testing token and line estimation logic.
This is a line used to build a large file for testing token and line estimation logic.
This is a line used to build a large file for testing token and line estimation logic.
This is a line used to build a large file for testing token and line estimation logic.
This is a line used to build a large file for testing token and line estimation logic.
This is a line used to build a large file for testing token and line estimation logic.
This is a line used to build a large file for testing token and line estimation logic.
This is a line used to build a large file for testing token and line estimation logic.
This is a line used to build a large file for testing token and line estimation logic.
This is a line used to build a large file for testing token and line estimation logic.
This is a line used to build a large file for testing token and line estimation logic.
This is a line used to build a large file for testing token and line estimation logic.
This is a line used to build a large file for testing token and line estimation logic.
This is a line used to build a large file for testing token and line estimation logic.
This is a line used to build a large file for testing token and line estimation logic.
This is a line used to build a large file for testing token and line estimation logic.
This is a line used to build a large file for testing token and line estimation logic.
This is a line used to build a large file for testing token and line estimation logic.
This is a line used to build a large file for testing token and line estimation logic.
This is a line used to build a large file for testing token and line estimation logic.
This is a line used to build a large file for testing token and line estimation logic.
This is a line used to build a large file for testing token and line estimation logic.
This is a line used to build a large file for testing token and line estimation logic.
This is a line used to build a large file for testing token and line estimation logic.
This is a line used to build a large file for testing token and line estimation logic.
This is a line used to build a large file for testing token and line estimation logic.
This is a line used to build a large file for testing token and line estimation logic.
This is a line used to build a large file for testing token and line estimation logic.
This is a line used to build a large file for testing token and line estimation logic.
This is a line used to build a large file for testing token and line estimation logic.
This is a line used to build a large file for testing token and line estimation logic.
This is a line used to build a large file for testing token and line estimation logic.
This is a line used to build a large file for testing token and line estimation logic.
This is a line used to build a large file for testing token and line estimation logic.
This is a line used to build a large file for testing token and line estimation logic.
This is a line used to build a large file for testing token and line estimation logic.
This is a line used to build a large file for testing token and line estimation logic.
This is a line used to build a large file for testing token and line estimation logic.
This is a line used to build a large file for testing token and line estimation logic.
This is a line used to build a large file for testing token and line estimation logic.
This is a line used to build a large file for testing token and line estimation logic.
This is a line used to build a large file for testing token and line estimation logic.
This is a line used to build a large file for testing token and line estimation logic.
This is a line used to build a large file for testing token and line estimation logic.
This is a line used to build a large file for testing token and line estimation logic.
This is a line used to build a large file for testing token and line estimation logic.
This is a line used to build a large file for testing token and line estimation logic.
This is a line used to build a large file for testing token and line estimation logic.
This is a line used to build a large file for testing token and line estimation logic.
This is a line used to build a large file for testing token and line estimation logic.
This is a line used to build a large file for testing token and line estimation logic.
This is a line used to build a large file for testing token and line estimation logic.
This is a line used to build a large file for testing token and line estimation logic.
This is a line used to build a large file for testing token and line estimation logic.
This is a line used to build a large file for testing token and line estimation logic.
This is a line used to build a large file for testing token and line estimation logic.
This is a line used to build a large file for testing token and line estimation logic.
This is a line used to build a large file for testing token and line estimation logic.
This is a line used to build a large file for testing token and line estimation logic.
This is a line used to build a large file for testing token and line estimation logic.
This is a line used to build a large file for testing token and line estimation logic.
This is a line used to build a large file for testing token and line estimation logic.
This is a line used to build a large file for testing token and line estimation logic.
This is a line used to build a large file for testing token and line estimation logic.
This is a line used to build a large file for testing token and line estimation logic.
This is a line used to build a large file for testing token and line estimation logic.
This is a line used to build a large file for testing token and line estimation logic.
This is a line used to build a large file for testing token and line estimation logic.
This is a line used to build a large file for testing token and line estimation logic.
This is a line used to build a large file for testing token and line estimation logic.
This is a line used to build a large file for testing token and line estimation logic.
This is a line used to build a large file for testing token and line estimation logic.
This is a line used to build a large file for testing token and line estimation logic.
This is a line used to build a large file for testing token and line estimation logic.
This is a line used to build a large file for testing token and line estimation logic.
This is a line used to build a large file for testing token and line estimation logic.
This is a line used to build a large file for testing token and line estimation logic.
This is a line used to build a large file for testing token and line estimation logic.
This is a line used to build a large file for testing token and line estimation logic.
This is a line used to build a large file for testing token and line estimation logic.
This is a line used to build a large file for testing token and line estimation logic.
This is a line used to build a large file for testing token and line estimation logic.
This is a line used to build a large file for testing token and line estimation logic.
This is a line used to build a large file for testing token and line estimation logic.
This is a line used to build a large file for testing token and line estimation logic.
This is a line used to build a large file for testing token and line estimation logic.
This is a line used to build a large file for testing token and line estimation logic.
This is a line used to build a large file for testing token and line estimation logic.
This is a line used to build a large file for testing token and line estimation logic.
This is a line used to build a large file for testing token and line estimation logic.
This is a line used to build a large file for testing token and line estimation logic.
This is a line used to build a large file for testing token and line estimation logic.
This is a line used to build a large file for testing token and line estimation logic.
This is a line used to build a large file for testing token and line estimation logic.
This is a line used to build a large file for testing token and line estimation logic.
This is a line used to build a large file for testing token and line estimation logic.
This is a line used to build a large file for testing token and line estimation logic.
This is a line used to build a large file for testing token and line estimation logic.
This is a line used to build a large file for testing token and line estimation logic.
This is a line used to build a large file for testing token and line estimation logic.
This is a line used to build a large file for testing token and line estimation logic.
This is a line used to build a large file for testing token and line estimation logic.
This is a line used to build a large file for testing token and line estimation logic.
This is a line used to build a large file for testing token and line estimation logic.
This is a line used to build a large file for testing token and line estimation logic.
This is a line used to build a large file for testing token and line estimation logic.
This is a line used to build a large file for testing token and line estimation logic.
This is a line used to build a large file for testing token and line estimation logic.
This is a line used to build a large file for testing token and line estimation logic.
This is a line used to build a large file for testing token and line estimation logic.
This is a line used to build a large file for testing token and line estimation logic.
This is a line used to build a large file for testing token and line estimation logic.
This is a line used to build a large file for testing token and line estimation logic.
This is a line used to build a large file for testing token and line estimation logic.
This is a line used to build a large file for testing token and line estimation logic.
This is a line used to build a large file for testing token and line estimation logic.
This is a line used to build a large file for testing token and line estimation logic.
This is a line used to build a large file for testing token and line estimation logic.
This is a line used to build a large file for testing token and line estimation logic.
This is a line used to build a large file for testing token and line estimation logic.
This is a line used to build a large file for testing token and line estimation logic.
This is a line used to build a large file for testing token and line estimation logic.
This is a line used to build a large file for testing token and line estimation logic.
This is a line used to build a large file for testing token and line estimation logic.
This is a line used to build a large file for testing token and line estimation logic.
This is a line used to build a large file for testing token and line estimation logic.
This is a line used to build a large file for testing token and line estimation logic.
This is a line used to build a large file for testing token and line estimation logic.
This is a line used to build a large file for testing token and line estimation logic.
This is a line used to build a large file for testing token and line estimation logic.
This is a line used to build a large file for testing token and line estimation logic.
This is a line used to build a large file for testing token and line estimation logic.
This is a line used to build a large file for testing token and line estimation logic.
This is a line used to build a large file for testing token and line estimation logic.
This is a line used to build a large file for testing token and line estimation logic.
This is a line used to build a large file for testing token and line estimation logic.
This is a line used to build a large file for testing token and line estimation logic.
This is a line used to build a large file for testing token and line estimation logic.
This is a line used to build a large file for testing token and line estimation logic.
This is a line used to build a large file for testing token and line estimation logic.
This is a line used to build a large file for testing token and line estimation logic.
This is a line used to build a large file for testing token and line estimation logic.
This is a line used to build a large file for testing token and line estimation logic.
This is a line used to build a large file for testing token and line estimation logic.
This is a line used to build a large file for testing token and line estimation logic.
This is a line used to build a large file for testing token and line estimation logic.
This is a line used to build a large file for testing token and line estimation logic.
This is a line used to build a large file for testing token and line estimation logic.
This is a line used to build a large file for testing token and line estimation logic.
This is a line used to build a large file for testing token and line estimation logic.
This is a line used to build a large file for testing token and line estimation logic.
This is a line used to build a large file for testing token and line estimation logic.
This is a line used to build a large file for testing token and line estimation logic.
This is a line used to build a large file for testing token and line estimation logic.
This is a line used to build a large file for testing token and line estimation logic.
This is a line used to build a large file for testing token and line estimation logic.
This is a line used to build a large file for testing token and line estimation logic.
This is a line used to build a large file for testing token and line estimation logic.
This is a line used to build a large file for testing token and line estimation logic.
This is a line used to build a large file for testing token and line estimation logic.
This is a line used to build a large file for testing token and line estimation logic.
This is a line used to build a large file for testing token and line estimation logic.
This is a line used to build a large file for testing token and line estimation logic.
This is a line used to build a large file for testing token and line estimation logic.
This is a line used to build a large file for testing token and line estimation logic.
This is a line used to build a large file for testing token and line estimation logic.
This is a line used to build a large file for testing token and line estimation logic.
This is a line used to build a large file for testing token and line estimation logic.
This is a line used to build a large file for testing token and line estimation logic.
This is a line used to build a large file for testing token and line estimation logic.
This is a line used to build a large file for testing token and line estimation logic.
This is a line used to build a large file for testing token and line estimation logic.
This is a line used to build a large file for testing token and line estimation logic.
This is a line used to build a large file for testing token and line estimation logic.
This is a line used to build a large file for testing token and line estimation logic.
This is a line used to build a large file for testing token and line estimation logic.
This is a line used to build a large file for testing token and line estimation logic.
This is a line used to build a large file for testing token and line estimation logic.
This is a line used to build a large file for testing token and line estimation logic.
This is a line used to build a large file for testing token and line estimation logic.
This is a line used to build a large file for testing token and line estimation logic.
This is a line used to build a large file for testing token and line estimation logic.
This is a line used to build a large file for testing token and line estimation logic.
This is a line used to build a large file for testing token and line estimation logic.
This is a line used to build a large file for testing token and line estimation logic.
This is a line used to build a large file for testing token and line estimation logic.
This is a line used to build a large file for testing token and line estimation logic.
This is a line used to build a large file for testing token and line estimation logic.
This is a line used to build a large file for testing token and line estimation logic.
This is a line used to build a large file for testing token and line estimation logic.
This is a line used to build a large file for testing token and line estimation logic.
This is a line used to build a large file for testing token and line estimation logic.
This is a line used to build a large file for testing token and line estimation logic.
This is a line used to build a large file for testing token and line estimation logic.
This is a line used to build a large file for testing token and line estimation logic.
This is a line used to build a large file for testing token and line estimation logic.
This is a line used to build a large file for testing token and line estimation logic.
This is a line used to build a large file for testing token and line estimation logic.
This is a line used to build a large file for testing token and line estimation logic.
This is a line used to build a large file for testing token and line estimation logic.
This is a line used to build a large file for testing token and line estimation logic.
This is a line used to build a large file for testing token and line estimation logic.
This is a line used to build a large file for testing token and line estimation logic.
This is a line used to build a large file for testing token and line estimation logic.
This is a line used to build a large file for testing token and line estimation logic.
This is a line used to build a large file for testing token and line estimation logic.
This is a line used to build a large file for testing token and line estimation logic.
This is a line used to build a large file for testing token and line estimation logic.
This is a line used to build a large file for testing token and line estimation logic.
This is a line used to build a large file for testing token and line estimation logic.
This is a line used to build a large file for testing token and line estimation logic.
This is a line used to build a large file for testing token and line estimation logic.
This is a line used to build a large file for testing token and line estimation logic.
This is a line used to build a large file for testing token and line estimation logic.
This is a line used to build a large file for testing token and line estimation logic.
This is a line used to build a large file for testing token and line estimation logic.
This is a line used to build a large file for testing token and line estimation logic.
This is a line used to build a large file for testing token and line estimation logic.
This is a line used to build a large file for testing token and line estimation logic.
This is a line used to build a large file for testing token and line estimation logic.
This is a line used to build a large file for testing token and line estimation logic.
This is a line used to build a large file for testing token and line estimation logic.
This is a line used to build a large file for testing token and line estimation logic.
This is a line used to build a large file for testing token and line estimation logic.
This is a line used to build a large file for testing token and line estimation logic.
This is a line used to build a large file for testing token and line estimation logic.
This is a line used to build a large file for testing token and line estimation logic.
This is a line used to build a large file for testing token and line estimation logic.
This is a line used to build a large file for testing token and line estimation logic.
This is a line used to build a large file for testing token and line estimation logic.
This is a line used to build a large file for testing token and line estimation logic.
This is a line used to build a large file for testing token and line estimation logic.
This is a line used to build a large file for testing token and line estimation logic.
This is a line used to build a large file for testing token and line estimation logic.
This is a line used to build a large file for testing token and line estimation logic.
This is a line used to build a large file for testing token and line estimation logic.
This is a line used to build a large file for testing token and line estimation logic.
This is a line used to build a large file for testing token and line estimation logic.
This is a line used to build a large file for testing token and line estimation logic.
This is a line used to build a large file for testing token and line estimation logic.
This is a line used to build a large file for testing token and line estimation logic.
This is a line used to build a large file for testing token and line estimation logic.
This is a line used to build a large file for testing token and line estimation logic.
This is a line used to build a large file for testing token and line estimation logic.
This is a line used to build a large file for testing token and line estimation logic.
This is a line used to build a large file for testing token and line estimation logic.
This is a line used to build a large file for testing token and line estimation logic.
This is a line used to build a large file for testing token and line estimation logic.
This is a line used to build a large file for testing token and line estimation logic.
This is a line used to build a large file for testing token and line estimation logic.
This is a line used to build a large file for testing token and line estimation logic.
This is a line used to build a large file for testing token and line estimation logic.
This is a line used to build a large file for testing token and line estimation logic.
This is a line used to build a large file for testing token and line estimation logic.
This is a line used to build a large file for testing token and line estimation logic.
This is a line used to build a large file for testing token and line estimation logic.
This is a line used to build a large file for testing token and line estimation logic.
This is a line used to build a large file for testing token and line estimation logic.
This is a line used to build a large file for testing token and line estimation logic.
This is a line used to build a large file for testing token and line estimation logic.
This is a line used to build a large file for testing token and line estimation logic.
This is a line used to build a large file for testing token and line estimation logic.
This is a line used to build a large file for testing token and line estimation logic.
This is a line used to build a large file for testing token and line estimation logic.
This is a line used to build a large file for testing token and line estimation logic.
This is a line used to build a large file for testing token and line estimation logic.
This is a line used to build a large file for testing token and line estimation logic.
This is a line used to build a large file for testing token and line estimation logic.
This is a line used to build a large file for testing token and line estimation logic.
This is a line used to build a large file for testing token and line estimation logic.
This is a line used to build a large file for testing token and line estimation logic.
This is a line used to build a large file for testing token and line estimation logic.
This is a line used to build a large file for testing token and line estimation logic.
This is a line used to build a large file for testing token and line estimation logic.
This is a line used to build a large file for testing token and line estimation logic.
This is a line used to build a large file for testing token and line estimation logic.
This is a line used to build a large file for testing token and line estimation logic.
This is a line used to build a large file for testing token and line estimation logic.
This is a line used to build a large file for testing token and line estimation logic.
This is a line used to build a large file for testing token and line estimation logic.
This is a line used to build a large file for testing token and line estimation logic.
This is a line used to build a large file for testing token and line estimation logic.
This is a line used to build a large file for testing token and line estimation logic.
This is a line used to build a large file for testing token and line estimation logic.
This is a line used to build a large file for testing token and line estimation logic.
This is a line used to build a large file for testing token and line estimation logic.
This is a line used to build a large file for testing token and line estimation logic.
This is a line used to build a large file for testing token and line estimation logic.
This is a line used to build a large file for testing token and line estimation logic.
This is a line used to build a large file for testing token and line estimation logic.
This is a line used to build a large file for testing token and line estimation logic.
This is a line used to build a large file for testing token and line estimation logic.
This is a line used to build a large file for testing token and line estimation logic.
This is a line used to build a large file for testing token and line estimation logic.
This is a line used to build a large file for testing token and line estimation logic.
This is a line used to build a large file for testing token and line estimation logic.
This is a line used to build a large file for testing token and line estimation logic.
This is a line used to build a large file for testing token and line estimation logic.
This is a line used to build a large file for testing token and line estimation logic.
```

[4/9] main.go (2 rows)
---
```go
package main
func main() {}
```

[5/9] main_test.go (2 rows)
---
```go
package main
import "testing"
```

[6/9] myscript (2 rows)
---
```bash
#!/bin/bash
echo 'hello world'
```

[7/9] output.tmp - empty file

[8/9] pkg/util/README.md (1 rows)
---
```markdown
# Util Docs
```

[9/9] pkg/util/util.go (1 rows)
---
```go
package util
```

