## Documentation
---

[1/4] README.md (2 rows)
---
```markdown
# Hello World
Readme content.
```

[2/4] pkg/util/README.md (1 rows)
---
```markdown
# Util Docs
```

## Source Code
---

[3/4] main.go (2 rows)
---
```go
package main
func main() {}
```

[4/4] pkg/util/util.go (1 rows)
---
```go
package util
```

