## Round 1 (All)
---

[1/16] README.md (2 rows)
---
```markdown
# Hello World
Readme content.
```

[2/16] binary.dat - binary file skipped (7 B)
[3/16] main.go (2 rows)
---
```go
package main
func main() {}
```

[4/16] main_test.go (2 rows)
---
```go
package main
import "testing"
```

[5/16] myscript (2 rows)
---
```bash
#!/bin/bash
echo 'hi'
```

[6/16] pkg/util/README.md (1 rows)
---
```markdown
# Util Docs
```

[7/16] pkg/util/util.go (1 rows)
---
```go
package util
```

## Round 2 (No Markdown)
---

[8/16] binary.dat - binary file skipped (7 B)
[9/16] main.go (2 rows)
---
```go
package main
func main() {}
```

[10/16] main_test.go (2 rows)
---
```go
package main
import "testing"
```

[11/16] myscript (2 rows)
---
```bash
#!/bin/bash
echo 'hi'
```

[12/16] pkg/util/util.go (1 rows)
---
```go
package util
```

## Round 3 (No MD, No Tests)
---

[13/16] binary.dat - binary file skipped (7 B)
[14/16] main.go (2 rows)
---
```go
package main
func main() {}
```

[15/16] myscript (2 rows)
---
```bash
#!/bin/bash
echo 'hi'
```

[16/16] pkg/util/util.go (1 rows)
---
```go
package util
```

