## Round 1 (All)
---

[1/7] README.md (2 rows)
---
```markdown
# Hello World
Readme content.
```

[2/7] binary.dat - binary file skipped (7 B)

[3/7] main.go (2 rows)
---
```go
package main
func main() {}
```

[4/7] main_test.go (2 rows)
---
```go
package main
import "testing"
```

[5/7] myscript (2 rows)
---
```bash
#!/bin/bash
echo 'hi'
```

[6/7] pkg/util/README.md (1 rows)
---
```markdown
# Util Docs
```

[7/7] pkg/util/util.go (1 rows)
---
```go
package util
```

## Round 2 (No Markdown)
---

[1/5] binary.dat - binary file skipped (7 B)

[2/5] main.go (2 rows)
---
```go
package main
func main() {}
```

[3/5] main_test.go (2 rows)
---
```go
package main
import "testing"
```

[4/5] myscript (2 rows)
---
```bash
#!/bin/bash
echo 'hi'
```

[5/5] pkg/util/util.go (1 rows)
---
```go
package util
```

## Round 3 (No MD, No Tests)
---

[1/4] binary.dat - binary file skipped (7 B)

[2/4] main.go (2 rows)
---
```go
package main
func main() {}
```

[3/4] myscript (2 rows)
---
```bash
#!/bin/bash
echo 'hi'
```

[4/4] pkg/util/util.go (1 rows)
---
```go
package util
```

