<!DOCTYPE html>
<html lang="en">
<head>
  <meta charset="utf-8">
  <meta name="viewport" content="width=device-width, initial-scale=1">
  <meta name="color-scheme" content="light dark">
  <title>lx Output</title>

  <link rel="stylesheet" href="https://cdn.jsdelivr.net/npm/@picocss/pico@2/css/pico.classless.min.css">

  <link rel="stylesheet" href="https://cdnjs.cloudflare.com/ajax/libs/highlight.js/11.9.0/styles/github.min.css" media="(prefers-color-scheme: light)">
  <link rel="stylesheet" href="https://cdnjs.cloudflare.com/ajax/libs/highlight.js/11.9.0/styles/github-dark.min.css" media="(prefers-color-scheme: dark)">

  <style>
    .hljs { background: transparent !important; }
    img { max-width: 100%; height: auto; }
    pre { background-color: transparent; border: none; }
    article > header {
      position: sticky;
      top: 0;
      z-index: 10;
      background-color: var(--pico-card-background-color); 
      border-bottom: 1px solid var(--pico-muted-border-color);
    }
    .file-anchor {
      text-decoration: none;
      color: var(--pico-muted-color);
      margin-right: 0.5rem;
      font-weight: bold;
      border: none;
    }
    .file-anchor:hover {
      color: var(--pico-primary);
      text-decoration: underline;
    }
  </style>
</head>
<body>
  <header>
    <hgroup>
      <h1>lx output</h1>
      <p>
        Files: 7 &bull; 
        Size: 136 B &bull; 
        Path: .
      </p>
    </hgroup>
  </header>
  <main>
    <article id="file-1">
      <header>
        <a href="#file-1" aria-label="Link to this file">
          <strong>README.md</strong>
        </a>
        <small>
          (2 rows)
        </small>
      </header>
      <pre><code class="language-markdown">
# Hello World
Readme content.
      </code></pre>
    </article>
    <article id="file-2">
      <header>
        <a href="#file-2" aria-label="Link to this file">
          <strong>binary.dat</strong>
        </a>
        <small>
          (1 rows)
        </small>
      </header>
      <em>Binary file (7 B)</em>
    </article>
    <article id="file-3">
      <header>
        <a href="#file-3" aria-label="Link to this file">
          <strong>main.go</strong>
        </a>
        <small>
          (2 rows)
        </small>
      </header>
      <pre><code class="language-go">
package main
func main() {}
      </code></pre>
    </article>
    <article id="file-4">
      <header>
        <a href="#file-4" aria-label="Link to this file">
          <strong>main_test.go</strong>
        </a>
        <small>
          (2 rows)
        </small>
      </header>
      <pre><code class="language-go">
package main
import &#34;testing&#34;
      </code></pre>
    </article>
    <article id="file-5">
      <header>
        <a href="#file-5" aria-label="Link to this file">
          <strong>myscript</strong>
        </a>
        <small>
          (2 rows)
        </small>
      </header>
      <pre><code class="language-bash">
#!/bin/bash
echo &#39;hi&#39;
      </code></pre>
    </article>
    <article id="file-6">
      <header>
        <a href="#file-6" aria-label="Link to this file">
          <strong>pkg/util/README.md</strong>
        </a>
        <small>
          (1 rows)
        </small>
      </header>
      <pre><code class="language-markdown">
# Util Docs
      </code></pre>
    </article>
    <article id="file-7">
      <header>
        <a href="#file-7" aria-label="Link to this file">
          <strong>pkg/util/util.go</strong>
        </a>
        <small>
          (1 rows)
        </small>
      </header>
      <pre><code class="language-go">
package util
      </code></pre>
    </article>
  </main>
  <script src="https://cdnjs.cloudflare.com/ajax/libs/highlight.js/11.9.0/highlight.min.js"></script>
  <script>hljs.highlightAll();</script>
</body>
</html>
