[1/10] README.md (2 rows)
---
```markdown
# Hello World
This is a readme.
```

[2/10] binary.dat - binary file skipped (10 B)
[3/10] ignore_me.txt (1 rows)
---
```text
secret content
```

[4/10] large.txt (~798 rows)
---
```text
This is a line used to build a large file for testing token and line estimation logic.
This is a line used to build a large file for testing token and line estimation logic.
This is a line used to build a large file for testing token and line estimation logic.
This is a line used to build a large file for testing token and line estimation logic.
This is a line used to build a large file for testing token and line estimation logic.
This is a line used to build a large file for testing token and line estimation logic.
This is a line used to build a large file for testing token and line estimation logic.
This is a line used to build a large file for testing token and line estimation logic.
This is a line used to build a large file for testing token and line estimation logic.
This is a line used to build a large file for testing token and line estimation logic.
This is a line used to build a large file for testing token and line estimation logic.
This is a line used to build a large file for testing token and line estimation logic.
This is a line used to build a large file for testing token and line estimation logic.
This is a line used to build a large file for testing token and line estimation logic.
This is a line used to build a large file for testing token and line estimation logic.
This is a line used to build a large file for testing token and line estimation logic.
This is a line used to build a large file for testing token and line estimation logic.
This is a line used to build a large file for testing token and line estimation logic.
This is a line used to build a large file for testing token and line estimation logic.
This is a line used to build a large file for testing token and line estimation logic.
This is a line used to build a large file for testing token and line estimation logic.
This is a line used to build a large file for testing token and line estimation logic.
This is a line used to build a large file for testing token and line estimation logic.
This is a line used to build a large file for testing token and line estimation logic.
This is a line used to build a large file for testing token and line estimation logic.
This is a line used to build a large file for testing token and line estimation logic.
This is a line used to build a large file for testing token and line estimation logic.
This is a line used to build a large file for testing token and line estimation logic.
This is a line used to build a large file for testing token and line estimation logic.
This is a line used to build a large file for testing token and line estimation logic.
This is a line used to build a large file for testing token and line estimation logic.
This is a line used to build a large file for testing token and line estimation logic.
This is a line used to build a large file for testing token and line estimation logic.
This is a line used to build a large file for testing token and line estimation logic.
This is a line used to build a large file for testing token and line estimation logic.
This is a line used to build a large file for testing token and line estimation logic.
This is a line used to build a large file for testing token and line estimation logic.
This is a line used to build a large file for testing token and line estimation logic.
This is a line used to build a large file for testing token and line estimation logic.
This is a line used to build a large file for testing token and line estimation logic.
This is a line used to build a large file for testing token and line estimation logic.
This is a line used to build a large file for testing token and line estimation logic.
This is a line used to build a large file for testing token and line estimation logic.
This is a line used to build a large file for testing token and line estimation logic.
This is a line used to build a large file for testing token and line estimation logic.
This is a line used to build a large file for testing token and line estimation logic.
This is a line used to build a large file for testing token and line estimation logic.
This is a line used to build a large file for testing token and line estimation logic.
This is a line used to build a large file for testing token and line estimation logic.
This is a line used to build a large file for testing token and line estimation logic.
This is a line used to build a large file for testing token and line estimation logic.
This is a line used to build a large file for testing token and line estimation logic.
This is a line used to build a large file for testing token and line estimation logic.
This is a line used to build a large file for testing token and line estimation logic.
This is a line used to build a large file for testing token and line estimation logic.
This is a line used to build a large file for testing token and line estimation logic.
This is a line used to build a large file for testing token and line estimation logic.
This is a line used to build a large file for testing token and line estimation logic.
This is a line used to build a large file for testing token and line estimation logic.
This is a line used to build a large file for testing token and line estimation logic.
This is a line used to build a large file for testing token and line estimation logic.
This is a line used to build a large file for testing token and line estimation logic.
This is a line used to build a large file for testing token and line estimation logic.
This is a line used to build a large file for testing token and line estimation logic.
This is a line used to build a large file for testing token and line estimation logic.
This is a line used to build a large file for testing token and line estimation logic.
This is a line used to build a large file for testing token and line estimation logic.
This is a line used to build a large file for testing token and line estimation logic.
This is a line used to build a large file for testing token and line estimation logic.
This is a line used to build a large file for testing token and line estimation logic.
This is a line used to build a large file for testing token and line estimation logic.
This is a line used to build a large file for testing token and line estimation logic.
This is a line used to build a large file for testing token and line estimation logic.
This is a line used to build a large file for testing token and line estimation logic.
This is a line used to build a large file for testing token and line estimation logic.
This is a line used to build a large file for testing token and line estimation logic.
This is a line used to build a large file for testing token and line estimation logic.
This is a line used to build a large file for testing token and line estimation logic.
This is a line used to build a large file for testing token and line estimation logic.
This is a line used to build a large file for testing token and line estimation logic.
This is a line used to build a large file for testing token and line estimation logic.
This is a line used to build a large file for testing token and line estimation logic.
This is a line used to build a large file for testing token and line estimation logic.
This is a line used to build a large file for testing token and line estimation logic.
This is a line used to build a large file for testing token and line estimation logic.
This is a line used to build a large file for testing token and line estimation logic.
This is a line used to build a large file for testing token and line estimation logic.
This is a line used to build a large file for testing token and line estimation logic.
This is a line used to build a large file for testing token and line estimation logic.
This is a line used to build a large file for testing token and line estimation logic.
This is a line used to build a large file for testing token and line estimation logic.
This is a line used to build a large file for testing token and line estimation logic.
This is a line used to build a large file for testing token and line estimation logic.
This is a line used to build a large file for testing token and line estimation logic.
This is a line used to build a large file for testing token and line estimation logic.
This is a line used to build a large file for testing token and line estimation logic.
This is a line used to build a large file for testing token and line estimation logic.
This is a line used to build a large file for testing token and line estimation logic.
This is a line used to build a large file for testing token and line estimation logic.
This is a line used to build a large file for testing token and line estimation logic.
This is a line used to build a large file for testing token and line estimation logic.
This is a line used to build a large file for testing token and line estimation logic.
This is a line used to build a large file for testing token and line estimation logic.
This is a line used to build a large file for testing token and line estimation logic.
This is a line used to build a large file for testing token and line estimation logic.
This is a line used to build a large file for testing token and line estimation logic.
This is a line used to build a large file for testing token and line estimation logic.
This is a line used to build a large file for testing token and line estimation logic.
This is a line used to build a large file for testing token and line estimation logic.
This is a line used to build a large file for testing token and line estimation logic.
This is a line used to build a large file for testing token and line estimation logic.
This is a line used to build a large file for testing token and line estimation logic.
This is a line used to build a large file for testing token and line estimation logic.
This is a line used to build a large file for testing token and line estimation logic.
This is a line used to build a large file for testing token and line estimation logic.
This is a line used to build a large file for testing token and line estimation logic.
This is a line used to build a large file for testing token and line estimation logic.
This is a line used to build a large file for testing token and line estimation logic.
This is a line used to build a large file for testing token and line estimation logic.
This is a line used to build a large file for testing token and line estimation logic.
This is a line used to build a large file for testing token and line estimation logic.
This is a line used to build a large file for testing token and line estimation logic.
This is a line used to build a large file for testing token and line estimation logic.
This is a line used to build a large file for testing token and line estimation logic.
This is a line used to build a large file for testing token and line estimation logic.
This is a line used to build a large file for testing token and line estimation logic.
This is a line used to build a large file for testing token and line estimation logic.
This is a line used to build a large file for testing token and line estimation logic.
This is a line used to build a large file for testing token and line estimation logic.
This is a line used to build a large file for testing token and line estimation logic.
This is a line used to build a large file for testing token and line estimation logic.
This is a line used to build a large file for testing token and line estimation logic.
This is a line used to build a large file for testing token and line estimation logic.
This is a line used to build a large file for testing token and line estimation logic.
This is a line used to build a large file for testing token and line estimation logic.
This is a line used to build a large file for testing token and line estimation logic.
This is a line used to build a large file for testing token and line estimation logic.
This is a line used to build a large file for testing token and line estimation logic.
This is a line used to build a large file for testing token and line estimation logic.
This is a line used to build a large file for testing token and line estimation logic.
This is a line used to build a large file for testing token and line estimation logic.
This is a line used to build a large file for testing token and line estimation logic.
This is a line used to build a large file for testing token and line estimation logic.
This is a line used to build a large file for testing token and line estimation logic.
This is a line used to build a large file for testing token and line estimation logic.
This is a line used to build a large file for testing token and line estimation logic.
This is a line used to build a large file for testing token and line estimation logic.
This is a line used to build a large file for testing token and line estimation logic.
This is a line used to build a large file for testing token and line estimation logic.
This is a line used to build a large file for testing token and line estimation logic.
This is a line used to build a large file for testing token and line estimation logic.
This is a line used to build a large file for testing token and line estimation logic.
This is a line used to build a large file for testing token and line estimation logic.
This is a line used to build a large file for testing token and line estimation logic.
This is a line used to build a large file for testing token and line estimation logic.
This is a line used to build a large file for testing token and line estimation logic.
This is a line used to build a large file for testing token and line estimation logic.
This is a line used to build a large file for testing token and line estimation logic.
This is a line used to build a large file for testing token and line estimation logic.
This is a line used to build a large file for testing token and line estimation logic.
This is a line used to build a large file for testing token and line estimation logic.
This is a line used to build a large file for testing token and line estimation logic.
This is a line used to build a large file for testing token and line estimation logic.
This is a line used to build a large file for testing token and line estimation logic.
This is a line used to build a large file for testing token and line estimation logic.
This is a line used to build a large file for testing token and line estimation logic.
This is a line used to build a large file for testing token and line estimation logic.
This is a line used to build a large file for testing token and line estimation logic.
This is a line used to build a large file for testing token and line estimation logic.
This is a line used to build a large file for testing token and line estimation logic.
This is a line used to build a large file for testing token and line estimation logic.
This is a line used to build a large file for testing token and line estimation logic.
This is a line used to build a large file for testing token and line estimation logic.
This is a line used to build a large file for testing token and line estimation logic.
This is a line used to build a large file for testing token and line estimation logic.
This is a line used to build a large file for testing token and line estimation logic.
This is a line used to build a large file for testing token and line estimation logic.
This is a line used to build a large file for testing token and line estimation logic.
This is a line used to build a large file for testing token and line estimation logic.
This is a line used to build a large file for testing token and line estimation logic.
This is a line used to build a large file for testing token and line estimation logic.
This is a line used to build a large file for testing token and line estimation logic.
This is a line used to build a large file for testing token and line estimation logic.
This is a line used to build a large file for testing token and line estimation logic.
This is a line used to build a large file for testing token and line estimation logic.
This is a line used to build a large file for testing token and line estimation logic.
This is a line used to build a large file for testing token and line estimation logic.
This is a line used to build a large file for testing token and line estimation logic.
This is a line used to build a large file for testing token and line estimation logic.
This is a line used to build a large file for testing token and line estimation logic.
This is a line used to build a large file for testing token and line estimation logic.
This is a line used to build a large file for testing token and line estimation logic.
This is a line used to build a large file for testing token and line estimation logic.
This is a line used to build a large file for testing token and line estimation logic.
This is a line used to build a large file for testing token and line estimation logic.
This is a line used to build a large file for testing token and line estimation logic.
This is a line used to build a large file for testing token and line estimation logic.
This is a line used to build a large file for testing token and line estimation logic.
This is a line used to build a large file for testing token and line estimation logic.
This is a line used to build a large file for testing token and line estimation logic.
This is a line used to build a large file for testing token and line estimation logic.
This is a line used to build a large file for testing token and line estimation logic.
This is a line used to build a large file for testing token and line estimation logic.
This is a line used to build a large file for testing token and line estimation logic.
This is a line used to build a large file for testing token and line estimation logic.
This is a line used to build a large file for testing token and line estimation logic.
This is a line used to build a large file for testing token and line estimation logic.
This is a line used to build a large file for testing token and line estimation logic.
This is a line used to build a large file for testing token and line estimation logic.
This is a line used to build a large file for testing token and line estimation logic.
This is a line used to build a large file for testing token and line estimation logic.
This is a line used to build a large file for testing token and line estimation logic.
This is a line used to build a large file for testing token and line estimation logic.
This is a line used to build a large file for testing token and line estimation logic.
This is a line used to build a large file for testing token and line estimation logic.
This is a line used to build a large file for testing token and line estimation logic.
This is a line used to build a large file for testing token and line estimation logic.
This is a line used to build a large file for testing token and line estimation logic.
This is a line used to build a large file for testing token and line estimation logic.
This is a line used to build a large file for testing token and line estimation logic.
This is a line used to build a large file for testing token and line estimation logic.
This is a line used to build a large file for testing token and line estimation logic.
This is a line used to build a large file for testing token and line estimation logic.
This is a line used to build a large file for testing token and line estimation logic.
This is a line used to build a large file for testing token and line estimation logic.
This is a line used to build a large file for testing token and line estimation logic.
This is a line used to build a large file for testing token and line estimation logic.
This is a line used to build a large file for testing token and line estimation logic.
This is a line used to build a large file for testing token and line estimation logic.
This is a line used to build a large file for testing token and line estimation logic.
This is a line used to build a large file for testing token and line estimation logic.
This is a line used to build a large file for testing token and line estimation logic.
This is a line used to build a large file for testing token and line estimation logic.
This is a line used to build a large file for testing token and line estimation logic.
This is a line used to build a large file for testing token and line estimation logic.
This is a line used to build a large file for testing token and line estimation logic.
This is a line used to build a large file for testing token and line estimation logic.
This is a line used to build a large file for testing token and line estimation logic.
This is a line used to build a large file for testing token and line estimation logic.
This is a line used to build a large file for testing token and line estimation logic.
This is a line used to build a large file for testing token and line estimation logic.
This is a line used to build a large file for testing token and line estimation logic.
This is a line used to build a large file for testing token and line estimation logic.
This is a line used to build a large file for testing token and line estimation logic.
This is a line used to build a large file for testing token and line estimation logic.
This is a line used to build a large file for testing token and line estimation logic.
This is a line used to build a large file for testing token and line estimation logic.
This is a line used to build a large file for testing token and line estimation logic.
This is a line used to build a large file for testing token and line estimation logic.
This is a line used to build a large file for testing token and line estimation logic.
This is a line used to build a large file for testing token and line estimation logic.
This is a line used to build a large file for testing token and line estimation logic.
This is a line used to build a large file for testing token and line estimation logic.
This is a line used to build a large file for testing token and line estimation logic.
This is a line used to build a large file for testing token and line estimation logic.
This is a line used to build a large file for testing token and line estimation logic.
This is a line used to build a large file for testing token and line estimation logic.
This is a line used to build a large file for testing token and line estimation logic.
This is a line used to build a large file for testing token and line estimation logic.
This is a line used to build a large file for testing token and line estimation logic.
This is a line used to build a large file for testing token and line estimation logic.
This is a line used to build a large file for testing token and line estimation logic.
This is a line used to build a large file for testing token and line estimation logic.
This is a line used to build a large file for testing token and line estimation logic.
This is a line used to build a large file for testing token and line estimation logic.
This is a line used to build a large file for testing token and line estimation logic.
This is a line used to build a large file for testing token and line estimation logic.
This is a line used to build a large file for testing token and line estimation logic.
This is a line used to build a large file for testing token and line estimation logic.
This is a line used to build a large file for testing token and line estimation logic.
This is a line used to build a large file for testing token and line estimation logic.
This is a line used to build a large file for testing token and line estimation logic.
This is a line used to build a large file for testing token and line estimation logic.
This is a line used to build a large file for testing token and line estimation logic.
This is a line used to build a large file for testing token and line estimation logic.
This is a line used to build a large file for testing token and line estimation logic.
This is a line used to build a large file for testing token and line estimation logic.
This is a line used to build a large file for testing token and line estimation logic.
This is a line used to build a large file for testing token and line estimation logic.
This is a line used to build a large file for testing token and line estimation logic.
This is a line used to build a large file for testing token and line estimation logic.
This is a line used to build a large file for testing token and line estimation logic.
This is a line used to build a large file for testing token and line estimation logic.
This is a line used to build a large file for testing token and line estimation logic.
This is a line used to build a large file for testing token and line estimation logic.
This is a line used to build a large file for testing token and line estimation logic.
This is a line used to build a large file for testing token and line estimation logic.
This is a line used to build a large file for testing token and line estimation logic.
This is a line used to build a large file for testing token and line estimation logic.
This is a line used to build a large file for testing token and line estimation logic.
This is a line used to build a large file for testing token and line estimation logic.
This is a line used to build a large file for testing token and line estimation logic.
This is a line used to build a large file for testing token and line estimation logic.
This is a line used to build a large file for testing token and line estimation logic.
This is a line used to build a large file for testing token and line estimation logic.
This is a line used to build a large file for testing token and line estimation logic.
This is a line used to build a large file for testing token and line estimation logic.
This is a line used to build a large file for testing token and line estimation logic.
This is a line used to build a large file for testing token and line estimation logic.
This is a line used to build a large file for testing token and line estimation logic.
This is a line used to build a large file for testing token and line estimation logic.
This is a line used to build a large file for testing token and line estimation logic.
This is a line used to build a large file for testing token and line estimation logic.
This is a line used to build a large file for testing token and line estimation logic.
This is a line used to build a large file for testing token and line estimation logic.
This is a line used to build a large file for testing token and line estimation logic.
This is a line used to build a large file for testing token and line estimation logic.
This is a line used to build a large file for testing token and line estimation logic.
This is a line used to build a large file for testing token and line estimation logic.
This is a line used to build a large file for testing token and line estimation logic.
This is a line used to build a large file for testing token and line estimation logic.
This is a line used to build a large file for testing token and line estimation logic.
This is a line used to build a large file for testing token and line estimation logic.
This is a line used to build a large file for testing token and line estimation logic.
This is a line used to build a large file for testing token and line estimation logic.
This is a line used to build a large file for testing token and line estimation logic.
This is a line used to build a large file for testing token and line estimation logic.
This is a line used to build a large file for testing token and line estimation logic.
This is a line used to build a large file for testing token and line estimation logic.
This is a line used to build a large file for testing token and line estimation logic.
This is a line used to build a large file for testing token and line estimation logic.
This is a line used to build a large file for testing token and line estimation logic.
This is a line used to build a large file for testing token and line estimation logic.
This is a line used to build a large file for testing token and line estimation logic.
This is a line used to build a large file for testing token and line estimation logic.
This is a line used to build a large file for testing token and line estimation logic.
This is a line used to build a large file for testing token and line estimation logic.
This is a line used to build a large file for testing token and line estimation logic.
This is a line used to build a large file for testing token and line estimation logic.
This is a line used to build a large file for testing token and line estimation logic.
This is a line used to build a large file for testing token and line estimation logic.
This is a line used to build a large file for testing token and line estimation logic.
This is a line used to build a large file for testing token and line estimation logic.
This is a line used to build a large file for testing token and line estimation logic.
This is a line used to build a large file for testing token and line estimation logic.
This is a line used to build a large file for testing token and line estimation logic.
This is a line used to build a large file for testing token and line estimation logic.
This is a line used to build a large file for testing token and line estimation logic.
This is a line used to build a large file for testing token and line estimation logic.
This is a line used to build a large file for testing token and line estimation logic.
This is a line used to build a large file for testing token and line estimation logic.
This is a line used to build a large file for testing token and line estimation logic.
This is a line used to build a large file for testing token and line estimation logic.
This is a line used to build a large file for testing token and line estimation logic.
This is a line used to build a large file for testing token and line estimation logic.
This is a line used to build a large file for testing token and line estimation logic.
This is a line used to build a large file for testing token and line estimation logic.
This is a line used to build a large file for testing token and line estimation logic.
This is a line used to build a large file for testing token and line estimation logic.
This is a line used to build a large file for testing token and line estimation logic.
This is a line used to build a large file for testing token and line estimation logic.
This is a line used to build a large file for testing token and line estimation logic.
This is a line used to build a large file for testing token and line estimation logic.
This is a line used to build a large file for testing token and line estimation logic.
This is a line used to build a large file for testing token and line estimation logic.
This is a line used to build a large file for testing token and line estimation logic.
This is a line used to build a large file for testing token and line estimation logic.
This is a line used to build a large file for testing token and line estimation logic.
This is a line used to build a large file for testing token and line estimation logic.
This is a line used to build a large file for testing token and line estimation logic.
This is a line used to build a large file for testing token and line estimation logic.
This is a line used to build a large file for testing token and line estimation logic.
This is a line used to build a large file for testing token and line estimation logic.
This is a line used to build a large file for testing token and line estimation logic.
This is a line used to build a large file for testing token and line estimation logic.
This is a line used to build a large file for testing token and line estimation logic.
This is a line used to build a large file for testing token and line estimation logic.
This is a line used to build a large file for testing token and line estimation logic.
This is a line used to build a large file for testing token and line estimation logic.
This is a line used to build a large file for testing token and line estimation logic.
This is a line used to build a large file for testing token and line estimation logic.
This is a line used to build a large file for testing token and line estimation logic.
This is a line used to build a large file for testing token and line estimation logic.
This is a line used to build a large file for testing token and line estimation logic.
This is a line used to build a large file for testing token and line estimation logic.
This is a line used to build a large file for testing token and line estimation logic.
This is a line used to build a large file for testing token and line estimation logic.
This is a line used to build a large file for testing token and line estimation logic.
This is a line used to build a large file for testing token and line estimation logic.
This is a line used to build a large file for testing token and line estimation logic.
This is a line used to build a large file for testing token and line estimation logic.
This is a line used to build a large file for testing token and line estimation logic.
This is a line used to build a large file for testing token and line estimation logic.
This is a line used to build a large file for testing token and line estimation logic.
This is a line used to build a large file for testing token and line estimation logic.
This is a line used to build a large file for testing token and line estimation logic.
This is a line used to build a large file for testing token and line estimation logic.
This is a line used to build a large file for testing token and line estimation logic.
This is a line used to build a large file for testing token and line estimation logic.
This is a line used to build a large file for testing token and line estimation logic.
This is a line used to build a large file for testing token and line estimation logic.
This is a line used to build a large file for testing token and line estimation logic.
This is a line used to build a large file for testing token and line estimation logic.
This is a line used to build a large file for testing token and line estimation logic.
This is a line used to build a large file for testing token and line estimation logic.
This is a line used to build a large file for testing token and line estimation logic.
This is a line used to build a large file for testing token and line estimation logic.
This is a line used to build a large file for testing token and line estimation logic.
This is a line used to build a large file for testing token and line estimation logic.
This is a line used to build a large file for testing token and line estimation logic.
This is a line used to build a large file for testing token and line estimation logic.
This is a line used to build a large file for testing token and line estimation logic.
This is a line used to build a large file for testing token and line estimation logic.
This is a line used to build a large file for testing token and line estimation logic.
This is a line used to build a large file for testing token and line estimation logic.
This is a line used to build a large file for testing token and line estimation logic.
This is a line used to build a large file for testing token and line estimation logic.
This is a line used to build a large file for testing token and line estimation logic.
This is a line used to build a large file for testing token and line estimation logic.
This is a line used to build a large file for testing token and line estimation logic.
This is a line used to build a large file for testing token and line estimation logic.
This is a line used to build a large file for testing token and line estimation logic.
This is a line used to build a large file for testing token and line estimation logic.
This is a line used to build a large file for testing token and line estimation logic.
This is a line used to build a large file for testing token and line estimation logic.
This is a line used to build a large file for testing token and line estimation logic.
This is a line used to build a large file for testing token and line estimation logic.
This is a line used to build a large file for testing token and line estimation logic.
This is a line used to build a large file for testing token and line estimation logic.
This is a line used to build a large file for testing token and line estimation logic.
This is a line used to build a large file for testing token and line estimation logic.
This is a line used to build a large file for testing token and line estimation logic.
This is a line used to build a large file for testing token and line estimation logic.
This is a line used to build a large file for testing token and line estimation logic.
This is a line used to build a large file for testing token and line estimation logic.
This is a line used to build a large file for testing token and line estimation logic.
This is a line used to build a large file for testing token and line estimation logic.
This is a line used to build a large file for testing token and line estimation logic.
This is a line used to build a large file for testing token and line estimation logic.
This is a line used to build a large file for testing token and line estimation logic.
This is a line used to build a large file for testing token and line estimation logic.
This is a line used to build a large file for testing token and line estimation logic.
This is a line used to build a large file for testing token and line estimation logic.
This is a line used to build a large file for testing token and line estimation logic.
This is a line used to build a large file for testing token and line estimation logic.
This is a line used to build a large file for testing token and line estimation logic.
This is a line used to build a large file for testing token and line estimation logic.
This is a line used to build a large file for testing token and line estimation logic.
This is a line used to build a large file for testing token and line estimation logic.
This is a line used to build a large file for testing token and line estimation logic.
This is a line used to build a large file for testing token and line estimation logic.
This is a line used to build a large file for testing token and line estimation logic.
This is a line used to build a large file for testing token and line estimation logic.
This is a line used to build a large file for testing token and line estimation logic.
This is a line used to build a large file for testing token and line estimation logic.
This is a line used to build a large file for testing token and line estimation logic.
This is a line used to build a large file for testing token and line estimation logic.
This is a line used to build a large file for testing token and line estimation logic.
This is a line used to build a large file for testing token and line estimation logic.
This is a line used to build a large file for testing token and line estimation logic.
This is a line used to build a large file for testing token and line estimation logic.
This is a line used to build a large file for testing token and line estimation logic.
This is a line used to build a large file for testing token and line estimation logic.
This is a line used to build a large file for testing token and line estimation logic.
This is a line used to build a large file for testing token and line estimation logic.
This is a line used to build a large file for testing token and line estimation logic.
This is a line used to build a large file for testing token and line estimation logic.
This is a line used to build a large file for testing token and line estimation logic.
This is a line used to build a large file for testing token and line estimation logic.
This is a line used to build a large file for testing token and line estimation logic.
This is a line used to build a large file for testing token and line estimation logic.
This is a line used to build a large file for testing token and line estimation logic.
This is a line used to build a large file for testing token and line estimation logic.
This is a line used to build a large file for testing token and line estimation logic.
This is a line used to build a large file for testing token and line estimation logic.
This is a line used to build a large file for testing token and line estimation logic.
This is a line used to build a large file for testing token and line estimation logic.
This is a line used to build a large file for testing token and line estimation logic.
This is a line used to build a large file for testing token and line estimation logic.
This is a line used to build a large file for testing token and line estimation logic.
This is a line used to build a large file for testing token and line estimation logic.
This is a line used to build a large file for testing token and line estimation logic.
This is a line used to build a large file for testing token and line estimation logic.
This is a line used to build a large file for testing token and line estimation logic.
This is a line used to build a large file for testing token and line estimation logic.
This is a line used to build a large file for testing token and line estimation logic.
This is a line used to build a large file for testing token and line estimation logic.
This is a line used to build a large file for testing token and line estimation logic.
This is a line used to build a large file for testing token and line estimation logic.
This is a line used to build a large file for testing token and line estimation logic.
This is a line used to build a large file for testing token and line estimation logic.
This is a line used to build a large file for testing token and line estimation logic.
This is a line used to build a large file for testing token and line estimation logic.
This is a line used to build a large file for testing token and line estimation logic.
This is a line used to build a large file for testing token and line estimation logic.
This is a line used to build a large file for testing token and line estimation logic.
This is a line used to build a large file for testing token and line estimation logic.
This is a line used to build a large file for testing token and line estimation logic.
This is a line used to build a large file for testing token and line estimation logic.
This is a line used to build a large file for testing token and line estimation logic.
This is a line used to build a large file for testing token and line estimation logic.
This is a line used to build a large file for testing token and line estimation logic.
This is a line used to build a large file for testing token and line estimation logic.
This is a line used to build a large file for testing token and line estimation logic.
This is a line used to build a large file for testing token and line estimation logic.
This is a line used to build a large file for testing token and line estimation logic.
This is a line used to build a large file for testing token and line estimation logic.
This is a line used to build a large file for testing token and line estimation logic.
This is a line used to build a large file for testing token and line estimation logic.
This is a line used to build a large file for testing token and line estimation logic.
This is a line used to build a large file for testing token and line estimation logic.
This is a line used to build a large file for testing token and line estimation logic.
This is a line used to build a large file for testing token and line estimation logic.
This is a line used to build a large file for testing token and line estimation logic.
This is a line used to build a large file for testing token and line estimation logic.
This is a line used to build a large file for testing token and line estimation logic.
This is a line used to build a large file for testing token and line estimation logic.
This is a line used to build a large file for testing token and line estimation logic.
This is a line used to build a large file for testing token and line estimation logic.
This is a line used to build a large file for testing token and line estimation logic.
This is a line used to build a large file for testing token and line estimation logic.
This is a line used to build a large file for testing token and line estimation logic.
This is a line used to build a large file for testing token and line estimation logic.
This is a line used to build a large file for testing token and line estimation logic.
This is a line used to build a large file for testing token and line estimation logic.
This is a line used to build a large file for testing token and line estimation logic.
This is a line used to build a large file for testing token and line estimation logic.
This is a line used to build a large file for testing token and line estimation logic.
This is a line used to build a large file for testing token and line estimation logic.
This is a line used to build a large file for testing token and line estimation logic.
This is a line used to build a large file for testing token and line estimation logic.
This is a line used to build a large file for testing token and line estimation logic.
This is a line used to build a large file for testing token and line estimation logic.
This is a line used to build a large file for testing token and line estimation logic.
This is a line used to build a large file for testing token and line estimation logic.
This is a line used to build a large file for testing token and line estimation logic.
This is a line used to build a large file for testing token and line estimation logic.
This is a line used to build a large file for testing token and line estimation logic.
This is a line used to build a large file for testing token and line estimation logic.
This is a line used to build a large file for testing token and line estimation logic.
This is a line used to build a large file for testing token and line estimation logic.
This is a line used to build a large file for testing token and line estimation logic.
This is a line used to build a large file for testing token and line estimation logic.
This is a line used to build a large file for testing token and line estimation logic.
This is a line used to build a large file for testing token and line estimation logic.
This is a line used to build a large file for testing token and line estimation logic.
This is a line used to build a large file for testing token and line estimation logic.
This is a line used to build a large file for testing token and line estimation logic.
This is a line used to build a large file for testing token and line estimation logic.
This is a line used to build a large file for testing token and line estimation logic.
This is a line used to build a large file for testing token and line estimation logic.
This is a line used to build a large file for testing token and line estimation logic.
This is a line used to build a large file for testing token and line estimation logic.
This is a line used to build a large file for testing token and line estimation logic.
This is a line used to build a large file for testing token and line estimation logic.
This is a line used to build a large file for testing token and line estimation logic.
This is a line used to build a large file for testing token and line estimation logic.
This is a line used to build a large file for testing token and line estimation logic.
This is a line used to build a large file for testing token and line estimation logic.
This is a line used to build a large file for testing token and line estimation logic.
This is a line used to build a large file for testing token and line estimation logic.
This is a line used to build a large file for testing token and line estimation logic.
This is a line used to build a large file for testing token and line estimation logic.
This is a line used to build a large file for testing token and line estimation logic.
This is a line used to build a large file for testing token and line estimation logic.
This is a line used to build a large file for testing token and line estimation logic.
This is a line used to build a large file for testing token and line estimation logic.
This is a line used to build a large file for testing token and line estimation logic.
This is a line used to build a large file for testing token and line estimation logic.
This is a line used to build a large file for testing token and line estimation logic.
This is a line used to build a large file for testing token and line estimation logic.
This is a line used to build a large file for testing token and line estimation logic.
This is a line used to build a large file for testing token and line estimation logic.
This is a line used to build a large file for testing token and line estimation logic.
This is a line used to build a large file for testing token and line estimation logic.
This is a line used to build a large file for testing token and line estimation logic.
This is a line used to build a large file for testing token and line estimation logic.
This is a line used to build a large file for testing token and line estimation logic.
This is a line used to build a large file for testing token and line estimation logic.
This is a line used to build a large file for testing token and line estimation logic.
This is a line used to build a large file for testing token and line estimation logic.
This is a line used to build a large file for testing token and line estimation logic.
This is a line used to build a large file for testing token and line estimation logic.
This is a line used to build a large file for testing token and line estimation logic.
This is a line used to build a large file for testing token and line estimation logic.
This is a line used to build a large file for testing token and line estimation logic.
This is a line used to build a large file for testing token and line estimation logic.
This is a line used to build a large file for testing token and line estimation logic.
This is a line used to build a large file for testing token and line estimation logic.
This is a line used to build a large file for testing token and line estimation logic.
This is a line used to build a large file for testing token and line estimation logic.
This is a line used to build a large file for testing token and line estimation logic.
This is a line used to build a large file for testing token and line estimation logic.
This is a line used to build a large file for testing token and line estimation logic.
This is a line used to build a large file for testing token and line estimation logic.
This is a line used to build a large file for testing token and line estimation logic.
This is a line used to build a large file for testing token and line estimation logic.
This is a line used to build a large file for testing token and line estimation logic.
This is a line used to build a large file for testing token and line estimation logic.
This is a line used to build a large file for testing token and line estimation logic.
This is a line used to build a large file for testing token and line estimation logic.
This is a line used to build a large file for testing token and line estimation logic.
This is a line used to build a large file for testing token and line estimation logic.
This is a line used to build a large file for testing token and line estimation logic.
This is a line used to build a large file for testing token and line estimation logic.
This is a line used to build a large file for testing token and line estimation logic.
This is a line used to build a large file for testing token and line estimation logic.
This is a line used to build a large file for testing token and line estimation logic.
This is a line used to build a large file for testing token and line estimation logic.
This is a line used to build a large file for testing token and line estimation logic.
This is a line used to build a large file for testing token and line estimation logic.
This is a line used to build a large file for testing token and line estimation logic.
This is a line used to build a large file for testing token and line estimation logic.
This is a line used to build a large file for testing token and line estimation logic.
This is a line used to build a large file for testing token and line estimation logic.
This is a line used to build a large file for testing token and line estimation logic.
This is a line used to build a large file for testing token and line estimation logic.
This is a line used to build a large file for testing token and line estimation logic.
This is a line used to build a large file for testing token and line estimation logic.
This is a line used to build a large file for testing token and line estimation logic.
This is a line used to build a large file for testing token and line estimation logic.
This is a line used to build a large file for testing token and line estimation logic.
This is a line used to build a large file for testing token and line estimation logic.
This is a line used to build a large file for testing token and line estimation logic.
This is a line used to build a large file for testing token and line estimation logic.
This is a line used to build a large file for testing token and line estimation logic.
This is a line used to build a large file for testing token and line estimation logic.
This is a line used to build a large file for testing token and line estimation logic.
This is a line used to build a large file for testing token and line estimation logic.
This is a line used to build a large file for testing token and line estimation logic.
This is a line used to build a large file for testing token and line estimation logic.
This is a line used to build a large file for testing token and line estimation logic.
This is a line used to build a large file for testing token and line estimation logic.
This is a line used to build a large file for testing token and line estimation logic.
This is a line used to build a large file for testing token and line estimation logic.
This is a line used to build a large file for testing token and line estimation logic.
This is a line used to build a large file for testing token and line estimation logic.
This is a line used to build a large file for testing token and line estimation logic.
This is a line used to build a large file for testing token and line estimation logic.
This is a line used to build a large file for testing token and line estimation logic.
This is a line used to build a large file for testing token and line estimation logic.
This is a line used to build a large file for testing token and line estimation logic.
This is a line used to build a large file for testing token and line estimation logic.
This is a line used to build a large file for testing token and line estimation logic.
This is a line used to build a large file for testing token and line estimation logic.
This is a line used to build a large file for testing token and line estimation logic.
This is a line used to build a large file for testing token and line estimation logic.
This is a line used to build a large file for testing token and line estimation logic.
This is a line used to build a large file for testing token and line estimation logic.
This is a line used to build a large file for testing token and line estimation logic.
This is a line used to build a large file for testing token and line estimation logic.
This is a line used to build a large file for testing token and line estimation logic.
This is a line used to build a large file for testing token and line estimation logic.
This is a line used to build a large file for testing token and line estimation logic.
This is a line used to build a large file for testing token and line estimation logic.
This is a line used to build a large file for testing token and line estimation logic.
This is a line used to build a large file for testing token and line estimation logic.
This is a line used to build a large file for testing token and line estimation logic.
This is a line used to build a large file for testing token and line estimation logic.
This is a line used to build a large file for testing token and line estimation logic.
This is a line used to build a large file for testing token and line estimation logic.
This is a line used to build a large file for testing token and line estimation logic.
This is a line used to build a large file for testing token and line estimation logic.
This is a line used to build a large file for testing token and line estimation logic.
This is a line used to build a large file for testing token and line estimation logic.
This is a line used to build a large file for testing token and line estimation logic.
This is a line used to build a large file for testing token and line estimation logic.
This is a line used to build a large file for testing token and line estimation logic.
This is a line used to build a large file for testing token and line estimation logic.
This is a line used to build a large file for testing token and line estimation logic.
This is a line used to build a large file for testing token and line estimation logic.
This is a line used to build a large file for testing token and line estimation logic.
This is a line used to build a large file for testing token and line estimation logic.
This is a line used to build a large file for testing token and line estimation logic.
This is a line used to build a large file for testing token and line estimation logic.
This is a line used to build a large file for testing token and line estimation logic.
This is a line used to build a large file for testing token and line estimation logic.
This is a line used to build a large file for testing token and line estimation logic.
This is a line used to build a large file for testing token and line estimation logic.
This is a line used to build a large file for testing token and line estimation logic.
This is a line used to build a large file for testing token and line estimation logic.
This is a line used to build a large file for testing token and line estimation logic.
This is a line used to build a large file for testing token and line estimation logic.
This is a line used to build a large file for testing token and line estimation logic.
This is a line used to build a large file for testing token and line estimation logic.
This is a line used to build a large file for testing token and line estimation logic.
This is a line used to build a large file for testing token and line estimation logic.
This is a line used to build a large file for testing token and line estimation logic.
This is a line used to build a large file for testing token and line estimation logic.
This is a line used to build a large file for testing token and line estimation logic.
This is a line used to build a large file for testing token and line estimation logic.
This is a line used to build a large file for testing token and line estimation logic.
This is a line used to build a large file for testing token and line estimation logic.
This is a line used to build a large file for testing token and line estimation logic.
This is a line used to build a large file for testing token and line estimation logic.
This is a line used to build a large file for testing token and line estimation logic.
This is a line used to build a large file for testing token and line estimation logic.
This is a line used to build a large file for testing token and line estimation logic.
This is a line used to build a large file for testing token and line estimation logic.
This is a line used to build a large file for testing token and line estimation logic.
This is a line used to build a large file for testing token and line estimation logic.
This is a line used to build a large file for testing token and line estimation logic.
This is a line used to build a large file for testing token and line estimation logic.
This is a line used to build a large file for testing token and line estimation logic.
This is a line used to build a large file for testing token and line estimation logic.
This is a line used to build a large file for testing token and line estimation logic.
This is a line used to build a large file for testing token and line estimation logic.
This is a line used to build a large file for testing token and line estimation logic.
This is a line used to build a large file for testing token and line estimation logic.
This is a line used to build a large file for testing token and line estimation logic.
This is a line used to build a large file for testing token and line estimation logic.
This is a line used to build a large file for testing token and line estimation logic.
This is a line used to build a large file for testing token and line estimation logic.
This is a line used to build a large file for testing token and line estimation logic.
This is a line used to build a large file for testing token and line estimation logic.
This is a line used to build a large file for testing token and line estimation logic.
This is a line used to build a large file for testing token and line estimation logic.
This is a line used to build a large file for testing token and line estimation logic.
This is a line used to build a large file for testing token and line estimation logic.
This is a line used to build a large file for testing token and line estimation logic.
This is a line used to build a large file for testing token and line estimation logic.
This is a line used to build a large file for testing token and line estimation logic.
This is a line used to build a large file for testing token and line estimation logic.
This is a line used to build a large file for testing token and line estimation logic.
This is a line used to build a large file for testing token and line estimation logic.
This is a line used to build a large file for testing token and line estimation logic.
This is a line used to build a large file for testing token and line estimation logic.
This is a line used to build a large file for testing token and line estimation logic.
This is a line used to build a large file for testing token and line estimation logic.
This is a line used to build a large file for testing token and line estimation logic.
This is a line used to build a large file for testing token and line estimation logic.
This is a line used to build a large file for testing token and line estimation logic.
This is a line used to build a large file for testing token and line estimation logic.
This is a line used to build a large file for testing token and line estimation logic.
This is a line used to build a large file for testing token and line estimation logic.
This is a line used to build a large file for testing token and line estimation logic.
This is a line used to build a large file for testing token and line estimation logic.
This is a line used to build a large file for testing token and line estimation logic.
This is a line used to build a large file for testing token and line estimation logic.
This is a line used to build a large file for testing token and line estimation logic.
This is a line used to build a large file for testing token and line estimation logic.
This is a line used to build a large file for testing token and line estimation logic.
This is a line used to build a large file for testing token and line estimation logic.
This is a line used to build a large file for testing token and line estimation logic.
This is a line used to build a large file for testing token and line estimation logic.
This is a line used to build a large file for testing token and line estimation logic.
This is a line used to build a large file for testing token and line estimation logic.
This is a line used to build a large file for testing token and line estimation logic.
This is a line used to build a large file for testing token and line estimation logic.
This is a line used to build a large file for testing token and line estimation logic.
This is a line used to build a large file for testing token and line estimation logic.
This is a line used to build a large file for testing token and line estimation logic.
This is a line used to build a large file for testing token and line estimation logic.
This is a line used to build a large file for testing token and line estimation logic.
This is a line used to build a large file for testing token and line estimation logic.
This is a line used to build a large file for testing token and line estimation logic.
This is a line used to build a large file for testing token and line estimation logic.
This is a line used to build a large file for testing token and line estimation logic.
This is a line used to build a large file for testing token and line estimation logic.
This is a line used to build a large file for testing token and line estimation logic.
This is a line used to build a large file for testing token and line estimation logic.
This is a line used to build a large file for testing token and line estimation logic.
This is a line used to build a large file for testing token and line estimation logic.
This is a line used to build a large file for testing token and line estimation logic.
This is a line used to build a large file for testing token and line estimation logic.
This is a line used to build a large file for testing token and line estimation logic.
This is a line used to build a large file for testing token and line estimation logic.
This is a line used to build a large file for testing token and line estimation logic.
This is a line used to build a large file for testing token and line estimation logic.
This is a line used to build a large file for testing token and line estimation logic.
This is a line used to build a large file for testing token and line estimation logic.
This is a line used to build a large file for testing token and line estimation logic.
This is a line used to build a large file for testing token and line estimation logic.
This is a line used to build a large file for testing token and line estimation logic.
This is a line used to build a large file for testing token and line estimation logic.
This is a line used to build a large file for testing token and line estimation logic.
This is a line used to build a large file for testing token and line estimation logic.
This is a line used to build a large file for testing token and line estimation logic.
This is a line used to build a large file for testing token and line estimation logic.
This is a line used to build a large file for testing token and line estimation logic.
This is a line used to build a large file for testing token and line estimation logic.
This is a line used to build a large file for testing token and line estimation logic.
This is a line used to build a large file for testing token and line estimation logic.
This is a line used to build a large file for testing token and line estimation logic.
This is a line used to build a large file for testing token and line estimation logic.
This is a line used to build a large file for testing token and line estimation logic.
This is a line used to build a large file for testing token and line estimation logic.
This is a line used to build a large file for testing token and line estimation logic.
This is a line used to build a large file for testing token and line estimation logic.
This is a line used to build a large file for testing token and line estimation logic.
This is a line used to build a large file for testing token and line estimation logic.
This is a line used to build a large file for testing token and line estimation logic.
This is a line used to build a large file for testing token and line estimation logic.
This is a line used to build a large file for testing token and line estimation logic.
This is a line used to build a large file for testing token and line estimation logic.
This is a line used to build a large file for testing token and line estimation logic.
This is a line used to build a large file for testing token and line estimation logic.
This is a line used to build a large file for testing token and line estimation logic.
This is a line used to build a large file for testing token and line estimation logic.
This is a line used to build a large file for testing token and line estimation logic.
This is a line used to build a large file for testing token and line estimation logic.
This is a line used to build a large file for testing token and line estimation logic.
This is a line used to build a large file for testing token and line estimation logic.
This is a line used to build a large file for testing token and line estimation logic.
This is a line used to build a large file for testing token and line estimation logic.
This is a line used to build a large file for testing token and line estimation logic.
This is a line used to build a large file for testing token and line estimation logic.
This is a line used to build a large file for testing token and line estimation logic.
This is a line used to build a large file for testing token and line estimation logic.
This is a line used to build a large file for testing token and line estimation logic.
```

[5/10] main.go (2 rows)
---
```go
package main
func main() {}
```

[6/10] main_test.go (2 rows)
---
```go
package main
import "testing"
```

[7/10] myscript (2 rows)
---
```bash
#!/bin/bash
echo 'hello world'
```

[8/10] output.tmp - empty file

[9/10] pkg/util/README.md (1 rows)
---
```markdown
# Util Docs
```

[10/10] pkg/util/util.go (1 rows)
---
```go
package util
```

