fixtures/large.txt (~800 rows)
---
```text
This is deterministic line number 1 for estimation testing.
This is deterministic line number 2 for estimation testing.
This is deterministic line number 3 for estimation testing.
This is deterministic line number 4 for estimation testing.
This is deterministic line number 5 for estimation testing.
... (~790 rows skipped)
This is deterministic line number 796 for estimation testing.
This is deterministic line number 797 for estimation testing.
This is deterministic line number 798 for estimation testing.
This is deterministic line number 799 for estimation testing.
This is deterministic line number 800 for estimation testing.
```

