## Docs
---

[1/5] README.md (2 rows)
---
```markdown
# Hello World
Readme content.
```

[2/5] pkg/util/README.md (1 rows)
---
```markdown
# Util Docs
```

## Logic
---

[3/5] main.go (2 rows)
---
```go
package main
func main() {}
```

[4/5] pkg/util/util.go (1 rows)
---
```go
package util
```

## Scripts
---

[5/5] myscript (2 rows)
---
```bash
#!/bin/bash
echo 'hi'
```

