[1/9] .gitignore (2 rows)
---
```gitignore
ignore_me.txt
fixtures/
```

[2/9] .hidden (1 rows)
---
```
hidden content
```

[3/9] README.md (2 rows)
---
```markdown
# Hello World
Readme content.
```

[4/9] binary.dat - binary file skipped (7 B)
[5/9] main.go (2 rows)
---
```go
package main
func main() {}
```

[6/9] main_test.go (2 rows)
---
```go
package main
import "testing"
```

[7/9] myscript (2 rows)
---
```bash
#!/bin/bash
echo 'hi'
```

[8/9] pkg/util/README.md (1 rows)
---
```markdown
# Util Docs
```

[9/9] pkg/util/util.go (1 rows)
---
```go
package util
```

