[1/11] .gitignore (1 rows)
---
```gitignore
ignore_me.txt
```

[2/11] .hidden (1 rows)
---
```
I am hidden
```

[3/11] README.md (2 rows)
---
```markdown
# Hello World
This is a readme.
```

[4/11] binary.dat - binary file skipped (10 B)
[5/11] large.txt (~798 rows)
---
```text
This is a line used to build a large file for testing token and line estimation logic.
This is a line used to build a large file for testing token and line estimation logic.
This is a line used to build a large file for testing token and line estimation logic.
This is a line used to build a large file for testing token and line estimation logic.
This is a line used to build a large file for testing token and line estimation logic.
This is a line used to build a large file for testing token and line estimation logic.
This is a line used to build a large file for testing token and line estimation logic.
This is a line used to build a large file for testing token and line estimation logic.
This is a line used to build a large file for testing token and line estimation logic.
This is a line used to build a large file for testing token and line estimation logic.
This is a line used to build a large file for testing token and line estimation logic.
This is a line used to build a large file for testing token and line estimation logic.
This is a line used to build a large file for testing token and line estimation logic.
This is a line used to build a large file for testing token and line estimation logic.
This is a line used to build a large file for testing token and line estimation logic.
This is a line used to build a large file for testing token and line estimation logic.
This is a line used to build a large file for testing token and line estimation logic.
This is a line used to build a large file for testing token and line estimation logic.
This is a line used to build a large file for testing token and line estimation logic.
This is a line used to build a large file for testing token and line estimation logic.
This is a line used to build a large file for testing token and line estimation logic.
This is a line used to build a large file for testing token and line estimation logic.
This is a line used to build a large file for testing token and line estimation logic.
This is a line used to build a large file for testing token and line estimation logic.
This is a line used to build a large file for testing token and line estimation logic.
This is a line used to build a large file for testing token and line estimation logic.
This is a line used to build a large file for testing token and line estimation logic.
This is a line used to build a large file for testing token and line estimation logic.
This is a line used to build a large file for testing token and line estimation logic.
This is a line used to build a large file for testing token and line estimation logic.
This is a line used to build a large file for testing token and line estimation logic.
This is a line used to build a large file for testing token and line estimation logic.
This is a line used to build a large file for testing token and line estimation logic.
This is a line used to build a large file for testing token and line estimation logic.
This is a line used to build a large file for testing token and line estimation logic.
This is a line used to build a large file for testing token and line estimation logic.
This is a line used to build a large file for testing token and line estimation logic.
This is a line used to build a large file for testing token and line estimation logic.
This is a line used to build a large file for testing token and line estimation logic.
This is a line used to build a large file for testing token and line estimation logic.
This is a line used to build a large file for testing token and line estimation logic.
This is a line used to build a large file for testing token and line estimation logic.
This is a line used to build a large file for testing token and line estimation logic.
This is a line used to build a large file for testing token and line estimation logic.
This is a line used to build a large file for testing token and line estimation logic.
This is a line used to build a large file for testing token and line estimation logic.
This is a line used to build a large file for testing token and line estimation logic.
This is a line used to build a large file for testing token and line estimation logic.
This is a line used to build a large file for testing token and line estimation logic.
This is a line used to build a large file for testing token and line estimation logic.
This is a line used to build a large file for testing token and line estimation logic.
This is a line used to build a large file for testing token and line estimation logic.
This is a line used to build a large file for testing token and line estimation logic.
This is a line used to build a large file for testing token and line estimation logic.
This is a line used to build a large file for testing token and line estimation logic.
This is a line used to build a large file for testing token and line estimation logic.
This is a line used to build a large file for testing token and line estimation logic.
This is a line used to build a large file for testing token and line estimation logic.
This is a line used to build a large file for testing token and line estimation logic.
This is a line used to build a large file for testing token and line estimation logic.
This is a line used to build a large file for testing token and line estimation logic.
This is a line used to build a large file for testing token and line estimation logic.
This is a line used to build a large file for testing token and line estimation logic.
This is a line used to build a large file for testing token and line estimation logic.
This is a line used to build a large file for testing token and line estimation logic.
This is a line used to build a large file for testing token and line estimation logic.
This is a line used to build a large file for testing token and line estimation logic.
This is a line used to build a large file for testing token and line estimation logic.
This is a line used to build a large file for testing token and line estimation logic.
This is a line used to build a large file for testing token and line estimation logic.
This is a line used to build a large file for testing token and line estimation logic.
This is a line used to build a large file for testing token and line estimation logic.
This is a line used to build a large file for testing token and line estimation logic.
This is a line used to build a large file for testing token and line estimation logic.
This is a line used to build a large file for testing token and line estimation logic.
This is a line used to build a large file for testing token and line estimation logic.
This is a line used to build a large file for testing token and line estimation logic.
This is a line used to build a large file for testing token and line estimation logic.
This is a line used to build a large file for testing token and line estimation logic.
This is a line used to build a large file for testing token and line estimation logic.
This is a line used to build a large file for testing token and line estimation logic.
This is a line used to build a large file for testing token and line estimation logic.
This is a line used to build a large file for testing token and line estimation logic.
This is a line used to build a large file for testing token and line estimation logic.
This is a line used to build a large file for testing token and line estimation logic.
This is a line used to build a large file for testing token and line estimation logic.
This is a line used to build a large file for testing token and line estimation logic.
This is a line used to build a large file for testing token and line estimation logic.
This is a line used to build a large file for testing token and line estimation logic.
This is a line used to build a large file for testing token and line estimation logic.
This is a line used to build a large file for testing token and line estimation logic.
This is a line used to build a large file for testing token and line estimation logic.
This is a line used to build a large file for testing token and line estimation logic.
This is a line used to build a large file for testing token and line estimation logic.
This is a line used to build a large file for testing token and line estimation logic.
This is a line used to build a large file for testing token and line estimation logic.
This is a line used to build a large file for testing token and line estimation logic.
This is a line used to build a large file for testing token and line estimation logic.
This is a line used to build a large file for testing token and line estimation logic.
This is a line used to build a large file for testing token and line estimation logic.
This is a line used to build a large file for testing token and line estimation logic.
This is a line used to build a large file for testing token and line estimation logic.
This is a line used to build a large file for testing token and line estimation logic.
This is a line used to build a large file for testing token and line estimation logic.
This is a line used to build a large file for testing token and line estimation logic.
This is a line used to build a large file for testing token and line estimation logic.
This is a line used to build a large file for testing token and line estimation logic.
This is a line used to build a large file for testing token and line estimation logic.
This is a line used to build a large file for testing token and line estimation logic.
This is a line used to build a large file for testing token and line estimation logic.
This is a line used to build a large file for testing token and line estimation logic.
This is a line used to build a large file for testing token and line estimation logic.
This is a line used to build a large file for testing token and line estimation logic.
This is a line used to build a large file for testing token and line estimation logic.
This is a line used to build a large file for testing token and line estimation logic.
This is a line used to build a large file for testing token and line estimation logic.
This is a line used to build a large file for testing token and line estimation logic.
This is a line used to build a large file for testing token and line estimation logic.
This is a line used to build a large file for testing token and line estimation logic.
This is a line used to build a large file for testing token and line estimation logic.
This is a line used to build a large file for testing token and line estimation logic.
This is a line used to build a large file for testing token and line estimation logic.
This is a line used to build a large file for testing token and line estimation logic.
This is a line used to build a large file for testing token and line estimation logic.
This is a line used to build a large file for testing token and line estimation logic.
This is a line used to build a large file for testing token and line estimation logic.
This is a line used to build a large file for testing token and line estimation logic.
This is a line used to build a large file for testing token and line estimation logic.
This is a line used to build a large file for testing token and line estimation logic.
This is a line used to build a large file for testing token and line estimation logic.
This is a line used to build a large file for testing token and line estimation logic.
This is a line used to build a large file for testing token and line estimation logic.
This is a line used to build a large file for testing token and line estimation logic.
This is a line used to build a large file for testing token and line estimation logic.
This is a line used to build a large file for testing token and line estimation logic.
This is a line used to build a large file for testing token and line estimation logic.
This is a line used to build a large file for testing token and line estimation logic.
This is a line used to build a large file for testing token and line estimation logic.
This is a line used to build a large file for testing token and line estimation logic.
This is a line used to build a large file for testing token and line estimation logic.
This is a line used to build a large file for testing token and line estimation logic.
This is a line used to build a large file for testing token and line estimation logic.
This is a line used to build a large file for testing token and line estimation logic.
This is a line used to build a large file for testing token and line estimation logic.
This is a line used to build a large file for testing token and line estimation logic.
This is a line used to build a large file for testing token and line estimation logic.
This is a line used to build a large file for testing token and line estimation logic.
This is a line used to build a large file for testing token and line estimation logic.
This is a line used to build a large file for testing token and line estimation logic.
This is a line used to build a large file for testing token and line estimation logic.
This is a line used to build a large file for testing token and line estimation logic.
This is a line used to build a large file for testing token and line estimation logic.
This is a line used to build a large file for testing token and line estimation logic.
This is a line used to build a large file for testing token and line estimation logic.
This is a line used to build a large file for testing token and line estimation logic.
This is a line used to build a large file for testing token and line estimation logic.
This is a line used to build a large file for testing token and line estimation logic.
This is a line used to build a large file for testing token and line estimation logic.
This is a line used to build a large file for testing token and line estimation logic.
This is a line used to build a large file for testing token and line estimation logic.
This is a line used to build a large file for testing token and line estimation logic.
This is a line used to build a large file for testing token and line estimation logic.
This is a line used to build a large file for testing token and line estimation logic.
This is a line used to build a large file for testing token and line estimation logic.
This is a line used to build a large file for testing token and line estimation logic.
This is a line used to build a large file for testing token and line estimation logic.
This is a line used to build a large file for testing token and line estimation logic.
This is a line used to build a large file for testing token and line estimation logic.
This is a line used to build a large file for testing token and line estimation logic.
This is a line used to build a large file for testing token and line estimation logic.
This is a line used to build a large file for testing token and line estimation logic.
This is a line used to build a large file for testing token and line estimation logic.
This is a line used to build a large file for testing token and line estimation logic.
This is a line used to build a large file for testing token and line estimation logic.
This is a line used to build a large file for testing token and line estimation logic.
This is a line used to build a large file for testing token and line estimation logic.
This is a line used to build a large file for testing token and line estimation logic.
This is a line used to build a large file for testing token and line estimation logic.
This is a line used to build a large file for testing token and line estimation logic.
This is a line used to build a large file for testing token and line estimation logic.
This is a line used to build a large file for testing token and line estimation logic.
This is a line used to build a large file for testing token and line estimation logic.
This is a line used to build a large file for testing token and line estimation logic.
This is a line used to build a large file for testing token and line estimation logic.
This is a line used to build a large file for testing token and line estimation logic.
This is a line used to build a large file for testing token and line estimation logic.
This is a line used to build a large file for testing token and line estimation logic.
This is a line used to build a large file for testing token and line estimation logic.
This is a line used to build a large file for testing token and line estimation logic.
This is a line used to build a large file for testing token and line estimation logic.
This is a line used to build a large file for testing token and line estimation logic.
This is a line used to build a large file for testing token and line estimation logic.
This is a line used to build a large file for testing token and line estimation logic.
This is a line used to build a large file for testing token and line estimation logic.
This is a line used to build a large file for testing token and line estimation logic.
This is a line used to build a large file for testing token and line estimation logic.
This is a line used to build a large file for testing token and line estimation logic.
This is a line used to build a large file for testing token and line estimation logic.
This is a line used to build a large file for testing token and line estimation logic.
This is a line used to build a large file for testing token and line estimation logic.
This is a line used to build a large file for testing token and line estimation logic.
This is a line used to build a large file for testing token and line estimation logic.
This is a line used to build a large file for testing token and line estimation logic.
This is a line used to build a large file for testing token and line estimation logic.
This is a line used to build a large file for testing token and line estimation logic.
This is a line used to build a large file for testing token and line estimation logic.
This is a line used to build a large file for testing token and line estimation logic.
This is a line used to build a large file for testing token and line estimation logic.
This is a line used to build a large file for testing token and line estimation logic.
This is a line used to build a large file for testing token and line estimation logic.
This is a line used to build a large file for testing token and line estimation logic.
This is a line used to build a large file for testing token and line estimation logic.
This is a line used to build a large file for testing token and line estimation logic.
This is a line used to build a large file for testing token and line estimation logic.
This is a line used to build a large file for testing token and line estimation logic.
This is a line used to build a large file for testing token and line estimation logic.
This is a line used to build a large file for testing token and line estimation logic.
This is a line used to build a large file for testing token and line estimation logic.
This is a line used to build a large file for testing token and line estimation logic.
This is a line used to build a large file for testing token and line estimation logic.
This is a line used to build a large file for testing token and line estimation logic.
This is a line used to build a large file for testing token and line estimation logic.
This is a line used to build a large file for testing token and line estimation logic.
This is a line used to build a large file for testing token and line estimation logic.
This is a line used to build a large file for testing token and line estimation logic.
This is a line used to build a large file for testing token and line estimation logic.
This is a line used to build a large file for testing token and line estimation logic.
This is a line used to build a large file for testing token and line estimation logic.
This is a line used to build a large file for testing token and line estimation logic.
This is a line used to build a large file for testing token and line estimation logic.
This is a line used to build a large file for testing token and line estimation logic.
This is a line used to build a large file for testing token and line estimation logic.
This is a line used to build a large file for testing token and line estimation logic.
This is a line used to build a large file for testing token and line estimation logic.
This is a line used to build a large file for testing token and line estimation logic.
This is a line used to build a large file for testing token and line estimation logic.
This is a line used to build a large file for testing token and line estimation logic.
This is a line used to build a large file for testing token and line estimation logic.
This is a line used to build a large file for testing token and line estimation logic.
This is a line used to build a large file for testing token and line estimation logic.
This is a line used to build a large file for testing token and line estimation logic.
This is a line used to build a large file for testing token and line estimation logic.
This is a line used to build a large file for testing token and line estimation logic.
This is a line used to build a large file for testing token and line estimation logic.
This is a line used to build a large file for testing token and line estimation logic.
This is a line used to build a large file for testing token and line estimation logic.
This is a line used to build a large file for testing token and line estimation logic.
This is a line used to build a large file for testing token and line estimation logic.
This is a line used to build a large file for testing token and line estimation logic.
This is a line used to build a large file for testing token and line estimation logic.
This is a line used to build a large file for testing token and line estimation logic.
This is a line used to build a large file for testing token and line estimation logic.
This is a line used to build a large file for testing token and line estimation logic.
This is a line used to build a large file for testing token and line estimation logic.
This is a line used to build a large file for testing token and line estimation logic.
This is a line used to build a large file for testing token and line estimation logic.
This is a line used to build a large file for testing token and line estimation logic.
This is a line used to build a large file for testing token and line estimation logic.
This is a line used to build a large file for testing token and line estimation logic.
This is a line used to build a large file for testing token and line estimation logic.
This is a line used to build a large file for testing token and line estimation logic.
This is a line used to build a large file for testing token and line estimation logic.
This is a line used to build a large file for testing token and line estimation logic.
This is a line used to build a large file for testing token and line estimation logic.
This is a line used to build a large file for testing token and line estimation logic.
This is a line used to build a large file for testing token and line estimation logic.
This is a line used to build a large file for testing token and line estimation logic.
This is a line used to build a large file for testing token and line estimation logic.
This is a line used to build a large file for testing token and line estimation logic.
This is a line used to build a large file for testing token and line estimation logic.
This is a line used to build a large file for testing token and line estimation logic.
This is a line used to build a large file for testing token and line estimation logic.
This is a line used to build a large file for testing token and line estimation logic.
This is a line used to build a large file for testing token and line estimation logic.
This is a line used to build a large file for testing token and line estimation logic.
This is a line used to build a large file for testing token and line estimation logic.
This is a line used to build a large file for testing token and line estimation logic.
This is a line used to build a large file for testing token and line estimation logic.
This is a line used to build a large file for testing token and line estimation logic.
This is a line used to build a large file for testing token and line estimation logic.
This is a line used to build a large file for testing token and line estimation logic.
This is a line used to build a large file for testing token and line estimation logic.
This is a line used to build a large file for testing token and line estimation logic.
This is a line used to build a large file for testing token and line estimation logic.
This is a line used to build a large file for testing token and line estimation logic.
This is a line used to build a large file for testing token and line estimation logic.
This is a line used to build a large file for testing token and line estimation logic.
This is a line used to build a large file for testing token and line estimation logic.
This is a line used to build a large file for testing token and line estimation logic.
This is a line used to build a large file for testing token and line estimation logic.
This is a line used to build a large file for testing token and line estimation logic.
This is a line used to build a large file for testing token and line estimation logic.
This is a line used to build a large file for testing token and line estimation logic.
This is a line used to build a large file for testing token and line estimation logic.
This is a line used to build a large file for testing token and line estimation logic.
This is a line used to build a large file for testing token and line estimation logic.
This is a line used to build a large file for testing token and line estimation logic.
This is a line used to build a large file for testing token and line estimation logic.
This is a line used to build a large file for testing token and line estimation logic.
This is a line used to build a large file for testing token and line estimation logic.
This is a line used to build a large file for testing token and line estimation logic.
This is a line used to build a large file for testing token and line estimation logic.
This is a line used to build a large file for testing token and line estimation logic.
This is a line used to build a large file for testing token and line estimation logic.
This is a line used to build a large file for testing token and line estimation logic.
This is a line used to build a large file for testing token and line estimation logic.
This is a line used to build a large file for testing token and line estimation logic.
This is a line used to build a large file for testing token and line estimation logic.
This is a line used to build a large file for testing token and line estimation logic.
This is a line used to build a large file for testing token and line estimation logic.
This is a line used to build a large file for testing token and line estimation logic.
This is a line used to build a large file for testing token and line estimation logic.
This is a line used to build a large file for testing token and line estimation logic.
This is a line used to build a large file for testing token and line estimation logic.
This is a line used to build a large file for testing token and line estimation logic.
This is a line used to build a large file for testing token and line estimation logic.
This is a line used to build a large file for testing token and line estimation logic.
This is a line used to build a large file for testing token and line estimation logic.
This is a line used to build a large file for testing token and line estimation logic.
This is a line used to build a large file for testing token and line estimation logic.
This is a line used to build a large file for testing token and line estimation logic.
This is a line used to build a large file for testing token and line estimation logic.
This is a line used to build a large file for testing token and line estimation logic.
This is a line used to build a large file for testing token and line estimation logic.
This is a line used to build a large file for testing token and line estimation logic.
This is a line used to build a large file for testing token and line estimation logic.
This is a line used to build a large file for testing token and line estimation logic.
This is a line used to build a large file for testing token and line estimation logic.
This is a line used to build a large file for testing token and line estimation logic.
This is a line used to build a large file for testing token and line estimation logic.
This is a line used to build a large file for testing token and line estimation logic.
This is a line used to build a large file for testing token and line estimation logic.
This is a line used to build a large file for testing token and line estimation logic.
This is a line used to build a large file for testing token and line estimation logic.
This is a line used to build a large file for testing token and line estimation logic.
This is a line used to build a large file for testing token and line estimation logic.
This is a line used to build a large file for testing token and line estimation logic.
This is a line used to build a large file for testing token and line estimation logic.
This is a line used to build a large file for testing token and line estimation logic.
This is a line used to build a large file for testing token and line estimation logic.
This is a line used to build a large file for testing token and line estimation logic.
This is a line used to build a large file for testing token and line estimation logic.
This is a line used to build a large file for testing token and line estimation logic.
This is a line used to build a large file for testing token and line estimation logic.
This is a line used to build a large file for testing token and line estimation logic.
This is a line used to build a large file for testing token and line estimation logic.
This is a line used to build a large file for testing token and line estimation logic.
This is a line used to build a large file for testing token and line estimation logic.
This is a line used to build a large file for testing token and line estimation logic.
This is a line used to build a large file for testing token and line estimation logic.
This is a line used to build a large file for testing token and line estimation logic.
This is a line used to build a large file for testing token and line estimation logic.
This is a line used to build a large file for testing token and line estimation logic.
This is a line used to build a large file for testing token and line estimation logic.
This is a line used to build a large file for testing token and line estimation logic.
This is a line used to build a large file for testing token and line estimation logic.
This is a line used to build a large file for testing token and line estimation logic.
This is a line used to build a large file for testing token and line estimation logic.
This is a line used to build a large file for testing token and line estimation logic.
This is a line used to build a large file for testing token and line estimation logic.
This is a line used to build a large file for testing token and line estimation logic.
This is a line used to build a large file for testing token and line estimation logic.
This is a line used to build a large file for testing token and line estimation logic.
This is a line used to build a large file for testing token and line estimation logic.
This is a line used to build a large file for testing token and line estimation logic.
This is a line used to build a large file for testing token and line estimation logic.
This is a line used to build a large file for testing token and line estimation logic.
This is a line used to build a large file for testing token and line estimation logic.
This is a line used to build a large file for testing token and line estimation logic.
This is a line used to build a large file for testing token and line estimation logic.
This is a line used to build a large file for testing token and line estimation logic.
This is a line used to build a large file for testing token and line estimation logic.
This is a line used to build a large file for testing token and line estimation logic.
This is a line used to build a large file for testing token and line estimation logic.
This is a line used to build a large file for testing token and line estimation logic.
This is a line used to build a large file for testing token and line estimation logic.
This is a line used to build a large file for testing token and line estimation logic.
This is a line used to build a large file for testing token and line estimation logic.
This is a line used to build a large file for testing token and line estimation logic.
This is a line used to build a large file for testing token and line estimation logic.
This is a line used to build a large file for testing token and line estimation logic.
This is a line used to build a large file for testing token and line estimation logic.
This is a line used to build a large file for testing token and line estimation logic.
This is a line used to build a large file for testing token and line estimation logic.
This is a line used to build a large file for testing token and line estimation logic.
This is a line used to build a large file for testing token and line estimation logic.
This is a line used to build a large file for testing token and line estimation logic.
This is a line used to build a large file for testing token and line estimation logic.
This is a line used to build a large file for testing token and line estimation logic.
This is a line used to build a large file for testing token and line estimation logic.
This is a line used to build a large file for testing token and line estimation logic.
This is a line used to build a large file for testing token and line estimation logic.
This is a line used to build a large file for testing token and line estimation logic.
This is a line used to build a large file for testing token and line estimation logic.
This is a line used to build a large file for testing token and line estimation logic.
This is a line used to build a large file for testing token and line estimation logic.
This is a line used to build a large file for testing token and line estimation logic.
This is a line used to build a large file for testing token and line estimation logic.
This is a line used to build a large file for testing token and line estimation logic.
This is a line used to build a large file for testing token and line estimation logic.
This is a line used to build a large file for testing token and line estimation logic.
This is a line used to build a large file for testing token and line estimation logic.
This is a line used to build a large file for testing token and line estimation logic.
This is a line used to build a large file for testing token and line estimation logic.
This is a line used to build a large file for testing token and line estimation logic.
This is a line used to build a large file for testing token and line estimation logic.
This is a line used to build a large file for testing token and line estimation logic.
This is a line used to build a large file for testing token and line estimation logic.
This is a line used to build a large file for testing token and line estimation logic.
This is a line used to build a large file for testing token and line estimation logic.
This is a line used to build a large file for testing token and line estimation logic.
This is a line used to build a large file for testing token and line estimation logic.
This is a line used to build a large file for testing token and line estimation logic.
This is a line used to build a large file for testing token and line estimation logic.
This is a line used to build a large file for testing token and line estimation logic.
This is a line used to build a large file for testing token and line estimation logic.
This is a line used to build a large file for testing token and line estimation logic.
This is a line used to build a large file for testing token and line estimation logic.
This is a line used to build a large file for testing token and line estimation logic.
This is a line used to build a large file for testing token and line estimation logic.
This is a line used to build a large file for testing token and line estimation logic.
This is a line used to build a large file for testing token and line estimation logic.
This is a line used to build a large file for testing token and line estimation logic.
This is a line used to build a large file for testing token and line estimation logic.
This is a line used to build a large file for testing token and line estimation logic.
This is a line used to build a large file for testing token and line estimation logic.
This is a line used to build a large file for testing token and line estimation logic.
This is a line used to build a large file for testing token and line estimation logic.
This is a line used to build a large file for testing token and line estimation logic.
This is a line used to build a large file for testing token and line estimation logic.
This is a line used to build a large file for testing token and line estimation logic.
This is a line used to build a large file for testing token and line estimation logic.
This is a line used to build a large file for testing token and line estimation logic.
This is a line used to build a large file for testing token and line estimation logic.
This is a line used to build a large file for testing token and line estimation logic.
This is a line used to build a large file for testing token and line estimation logic.
This is a line used to build a large file for testing token and line estimation logic.
This is a line used to build a large file for testing token and line estimation logic.
This is a line used to build a large file for testing token and line estimation logic.
This is a line used to build a large file for testing token and line estimation logic.
This is a line used to build a large file for testing token and line estimation logic.
This is a line used to build a large file for testing token and line estimation logic.
This is a line used to build a large file for testing token and line estimation logic.
This is a line used to build a large file for testing token and line estimation logic.
This is a line used to build a large file for testing token and line estimation logic.
This is a line used to build a large file for testing token and line estimation logic.
This is a line used to build a large file for testing token and line estimation logic.
This is a line used to build a large file for testing token and line estimation logic.
This is a line used to build a large file for testing token and line estimation logic.
This is a line used to build a large file for testing token and line estimation logic.
This is a line used to build a large file for testing token and line estimation logic.
This is a line used to build a large file for testing token and line estimation logic.
This is a line used to build a large file for testing token and line estimation logic.
This is a line used to build a large file for testing token and line estimation logic.
This is a line used to build a large file for testing token and line estimation logic.
This is a line used to build a large file for testing token and line estimation logic.
This is a line used to build a large file for testing token and line estimation logic.
This is a line used to build a large file for testing token and line estimation logic.
This is a line used to build a large file for testing token and line estimation logic.
This is a line used to build a large file for testing token and line estimation logic.
This is a line used to build a large file for testing token and line estimation logic.
This is a line used to build a large file for testing token and line estimation logic.
This is a line used to build a large file for testing token and line estimation logic.
This is a line used to build a large file for testing token and line estimation logic.
This is a line used to build a large file for testing token and line estimation logic.
This is a line used to build a large file for testing token and line estimation logic.
This is a line used to build a large file for testing token and line estimation logic.
This is a line used to build a large file for testing token and line estimation logic.
This is a line used to build a large file for testing token and line estimation logic.
This is a line used to build a large file for testing token and line estimation logic.
This is a line used to build a large file for testing token and line estimation logic.
This is a line used to build a large file for testing token and line estimation logic.
This is a line used to build a large file for testing token and line estimation logic.
This is a line used to build a large file for testing token and line estimation logic.
This is a line used to build a large file for testing token and line estimation logic.
This is a line used to build a large file for testing token and line estimation logic.
This is a line used to build a large file for testing token and line estimation logic.
This is a line used to build a large file for testing token and line estimation logic.
This is a line used to build a large file for testing token and line estimation logic.
This is a line used to build a large file for testing token and line estimation logic.
This is a line used to build a large file for testing token and line estimation logic.
This is a line used to build a large file for testing token and line estimation logic.
This is a line used to build a large file for testing token and line estimation logic.
This is a line used to build a large file for testing token and line estimation logic.
This is a line used to build a large file for testing token and line estimation logic.
This is a line used to build a large file for testing token and line estimation logic.
This is a line used to build a large file for testing token and line estimation logic.
This is a line used to build a large file for testing token and line estimation logic.
This is a line used to build a large file for testing token and line estimation logic.
This is a line used to build a large file for testing token and line estimation logic.
This is a line used to build a large file for testing token and line estimation logic.
This is a line used to build a large file for testing token and line estimation logic.
This is a line used to build a large file for testing token and line estimation logic.
This is a line used to build a large file for testing token and line estimation logic.
This is a line used to build a large file for testing token and line estimation logic.
This is a line used to build a large file for testing token and line estimation logic.
This is a line used to build a large file for testing token and line estimation logic.
This is a line used to build a large file for testing token and line estimation logic.
This is a line used to build a large file for testing token and line estimation logic.
This is a line used to build a large file for testing token and line estimation logic.
This is a line used to build a large file for testing token and line estimation logic.
This is a line used to build a large file for testing token and line estimation logic.
This is a line used to build a large file for testing token and line estimation logic.
This is a line used to build a large file for testing token and line estimation logic.
This is a line used to build a large file for testing token and line estimation logic.
This is a line used to build a large file for testing token and line estimation logic.
This is a line used to build a large file for testing token and line estimation logic.
This is a line used to build a large file for testing token and line estimation logic.
This is a line used to build a large file for testing token and line estimation logic.
This is a line used to build a large file for testing token and line estimation logic.
This is a line used to build a large file for testing token and line estimation logic.
This is a line used to build a large file for testing token and line estimation logic.
This is a line used to build a large file for testing token and line estimation logic.
This is a line used to build a large file for testing token and line estimation logic.
This is a line used to build a large file for testing token and line estimation logic.
This is a line used to build a large file for testing token and line estimation logic.
This is a line used to build a large file for testing token and line estimation logic.
This is a line used to build a large file for testing token and line estimation logic.
This is a line used to build a large file for testing token and line estimation logic.
This is a line used to build a large file for testing token and line estimation logic.
This is a line used to build a large file for testing token and line estimation logic.
This is a line used to build a large file for testing token and line estimation logic.
This is a line used to build a large file for testing token and line estimation logic.
This is a line used to build a large file for testing token and line estimation logic.
This is a line used to build a large file for testing token and line estimation logic.
This is a line used to build a large file for testing token and line estimation logic.
This is a line used to build a large file for testing token and line estimation logic.
This is a line used to build a large file for testing token and line estimation logic.
This is a line used to build a large file for testing token and line estimation logic.
This is a line used to build a large file for testing token and line estimation logic.
This is a line used to build a large file for testing token and line estimation logic.
This is a line used to build a large file for testing token and line estimation logic.
This is a line used to build a large file for testing token and line estimation logic.
This is a line used to build a large file for testing token and line estimation logic.
This is a line used to build a large file for testing token and line estimation logic.
This is a line used to build a large file for testing token and line estimation logic.
This is a line used to build a large file for testing token and line estimation logic.
This is a line used to build a large file for testing token and line estimation logic.
This is a line used to build a large file for testing token and line estimation logic.
This is a line used to build a large file for testing token and line estimation logic.
This is a line used to build a large file for testing token and line estimation logic.
This is a line used to build a large file for testing token and line estimation logic.
This is a line used to build a large file for testing token and line estimation logic.
This is a line used to build a large file for testing token and line estimation logic.
This is a line used to build a large file for testing token and line estimation logic.
This is a line used to build a large file for testing token and line estimation logic.
This is a line used to build a large file for testing token and line estimation logic.
This is a line used to build a large file for testing token and line estimation logic.
This is a line used to build a large file for testing token and line estimation logic.
This is a line used to build a large file for testing token and line estimation logic.
This is a line used to build a large file for testing token and line estimation logic.
This is a line used to build a large file for testing token and line estimation logic.
This is a line used to build a large file for testing token and line estimation logic.
This is a line used to build a large file for testing token and line estimation logic.
This is a line used to build a large file for testing token and line estimation logic.
This is a line used to build a large file for testing token and line estimation logic.
This is a line used to build a large file for testing token and line estimation logic.
This is a line used to build a large file for testing token and line estimation logic.
This is a line used to build a large file for testing token and line estimation logic.
This is a line used to build a large file for testing token and line estimation logic.
This is a line used to build a large file for testing token and line estimation logic.
This is a line used to build a large file for testing token and line estimation logic.
This is a line used to build a large file for testing token and line estimation logic.
This is a line used to build a large file for testing token and line estimation logic.
This is a line used to build a large file for testing token and line estimation logic.
This is a line used to build a large file for testing token and line estimation logic.
This is a line used to build a large file for testing token and line estimation logic.
This is a line used to build a large file for testing token and line estimation logic.
This is a line used to build a large file for testing token and line estimation logic.
This is a line used to build a large file for testing token and line estimation logic.
This is a line used to build a large file for testing token and line estimation logic.
This is a line used to build a large file for testing token and line estimation logic.
This is a line used to build a large file for testing token and line estimation logic.
This is a line used to build a large file for testing token and line estimation logic.
This is a line used to build a large file for testing token and line estimation logic.
This is a line used to build a large file for testing token and line estimation logic.
This is a line used to build a large file for testing token and line estimation logic.
This is a line used to build a large file for testing token and line estimation logic.
This is a line used to build a large file for testing token and line estimation logic.
This is a line used to build a large file for testing token and line estimation logic.
This is a line used to build a large file for testing token and line estimation logic.
This is a line used to build a large file for testing token and line estimation logic.
This is a line used to build a large file for testing token and line estimation logic.
This is a line used to build a large file for testing token and line estimation logic.
This is a line used to build a large file for testing token and line estimation logic.
This is a line used to build a large file for testing token and line estimation logic.
This is a line used to build a large file for testing token and line estimation logic.
This is a line used to build a large file for testing token and line estimation logic.
This is a line used to build a large file for testing token and line estimation logic.
This is a line used to build a large file for testing token and line estimation logic.
This is a line used to build a large file for testing token and line estimation logic.
This is a line used to build a large file for testing token and line estimation logic.
This is a line used to build a large file for testing token and line estimation logic.
This is a line used to build a large file for testing token and line estimation logic.
This is a line used to build a large file for testing token and line estimation logic.
This is a line used to build a large file for testing token and line estimation logic.
This is a line used to build a large file for testing token and line estimation logic.
This is a line used to build a large file for testing token and line estimation logic.
This is a line used to build a large file for testing token and line estimation logic.
This is a line used to build a large file for testing token and line estimation logic.
This is a line used to build a large file for testing token and line estimation logic.
This is a line used to build a large file for testing token and line estimation logic.
This is a line used to build a large file for testing token and line estimation logic.
This is a line used to build a large file for testing token and line estimation logic.
This is a line used to build a large file for testing token and line estimation logic.
This is a line used to build a large file for testing token and line estimation logic.
This is a line used to build a large file for testing token and line estimation logic.
This is a line used to build a large file for testing token and line estimation logic.
This is a line used to build a large file for testing token and line estimation logic.
This is a line used to build a large file for testing token and line estimation logic.
This is a line used to build a large file for testing token and line estimation logic.
This is a line used to build a large file for testing token and line estimation logic.
This is a line used to build a large file for testing token and line estimation logic.
This is a line used to build a large file for testing token and line estimation logic.
This is a line used to build a large file for testing token and line estimation logic.
This is a line used to build a large file for testing token and line estimation logic.
This is a line used to build a large file for testing token and line estimation logic.
This is a line used to build a large file for testing token and line estimation logic.
This is a line used to build a large file for testing token and line estimation logic.
This is a line used to build a large file for testing token and line estimation logic.
This is a line used to build a large file for testing token and line estimation logic.
This is a line used to build a large file for testing token and line estimation logic.
This is a line used to build a large file for testing token and line estimation logic.
This is a line used to build a large file for testing token and line estimation logic.
This is a line used to build a large file for testing token and line estimation logic.
This is a line used to build a large file for testing token and line estimation logic.
This is a line used to build a large file for testing token and line estimation logic.
This is a line used to build a large file for testing token and line estimation logic.
This is a line used to build a large file for testing token and line estimation logic.
This is a line used to build a large file for testing token and line estimation logic.
This is a line used to build a large file for testing token and line estimation logic.
This is a line used to build a large file for testing token and line estimation logic.
This is a line used to build a large file for testing token and line estimation logic.
This is a line used to build a large file for testing token and line estimation logic.
This is a line used to build a large file for testing token and line estimation logic.
This is a line used to build a large file for testing token and line estimation logic.
This is a line used to build a large file for testing token and line estimation logic.
This is a line used to build a large file for testing token and line estimation logic.
This is a line used to build a large file for testing token and line estimation logic.
This is a line used to build a large file for testing token and line estimation logic.
This is a line used to build a large file for testing token and line estimation logic.
This is a line used to build a large file for testing token and line estimation logic.
This is a line used to build a large file for testing token and line estimation logic.
This is a line used to build a large file for testing token and line estimation logic.
This is a line used to build a large file for testing token and line estimation logic.
This is a line used to build a large file for testing token and line estimation logic.
This is a line used to build a large file for testing token and line estimation logic.
This is a line used to build a large file for testing token and line estimation logic.
This is a line used to build a large file for testing token and line estimation logic.
This is a line used to build a large file for testing token and line estimation logic.
This is a line used to build a large file for testing token and line estimation logic.
This is a line used to build a large file for testing token and line estimation logic.
This is a line used to build a large file for testing token and line estimation logic.
This is a line used to build a large file for testing token and line estimation logic.
This is a line used to build a large file for testing token and line estimation logic.
This is a line used to build a large file for testing token and line estimation logic.
This is a line used to build a large file for testing token and line estimation logic.
This is a line used to build a large file for testing token and line estimation logic.
This is a line used to build a large file for testing token and line estimation logic.
This is a line used to build a large file for testing token and line estimation logic.
This is a line used to build a large file for testing token and line estimation logic.
This is a line used to build a large file for testing token and line estimation logic.
This is a line used to build a large file for testing token and line estimation logic.
This is a line used to build a large file for testing token and line estimation logic.
This is a line used to build a large file for testing token and line estimation logic.
This is a line used to build a large file for testing token and line estimation logic.
This is a line used to build a large file for testing token and line estimation logic.
This is a line used to build a large file for testing token and line estimation logic.
This is a line used to build a large file for testing token and line estimation logic.
This is a line used to build a large file for testing token and line estimation logic.
This is a line used to build a large file for testing token and line estimation logic.
This is a line used to build a large file for testing token and line estimation logic.
This is a line used to build a large file for testing token and line estimation logic.
This is a line used to build a large file for testing token and line estimation logic.
This is a line used to build a large file for testing token and line estimation logic.
This is a line used to build a large file for testing token and line estimation logic.
This is a line used to build a large file for testing token and line estimation logic.
This is a line used to build a large file for testing token and line estimation logic.
This is a line used to build a large file for testing token and line estimation logic.
This is a line used to build a large file for testing token and line estimation logic.
This is a line used to build a large file for testing token and line estimation logic.
This is a line used to build a large file for testing token and line estimation logic.
This is a line used to build a large file for testing token and line estimation logic.
This is a line used to build a large file for testing token and line estimation logic.
This is a line used to build a large file for testing token and line estimation logic.
This is a line used to build a large file for testing token and line estimation logic.
This is a line used to build a large file for testing token and line estimation logic.
This is a line used to build a large file for testing token and line estimation logic.
This is a line used to build a large file for testing token and line estimation logic.
This is a line used to build a large file for testing token and line estimation logic.
This is a line used to build a large file for testing token and line estimation logic.
This is a line used to build a large file for testing token and line estimation logic.
This is a line used to build a large file for testing token and line estimation logic.
This is a line used to build a large file for testing token and line estimation logic.
This is a line used to build a large file for testing token and line estimation logic.
This is a line used to build a large file for testing token and line estimation logic.
This is a line used to build a large file for testing token and line estimation logic.
This is a line used to build a large file for testing token and line estimation logic.
This is a line used to build a large file for testing token and line estimation logic.
This is a line used to build a large file for testing token and line estimation logic.
This is a line used to build a large file for testing token and line estimation logic.
This is a line used to build a large file for testing token and line estimation logic.
This is a line used to build a large file for testing token and line estimation logic.
This is a line used to build a large file for testing token and line estimation logic.
This is a line used to build a large file for testing token and line estimation logic.
This is a line used to build a large file for testing token and line estimation logic.
This is a line used to build a large file for testing token and line estimation logic.
This is a line used to build a large file for testing token and line estimation logic.
This is a line used to build a large file for testing token and line estimation logic.
This is a line used to build a large file for testing token and line estimation logic.
This is a line used to build a large file for testing token and line estimation logic.
This is a line used to build a large file for testing token and line estimation logic.
This is a line used to build a large file for testing token and line estimation logic.
This is a line used to build a large file for testing token and line estimation logic.
This is a line used to build a large file for testing token and line estimation logic.
This is a line used to build a large file for testing token and line estimation logic.
This is a line used to build a large file for testing token and line estimation logic.
This is a line used to build a large file for testing token and line estimation logic.
This is a line used to build a large file for testing token and line estimation logic.
This is a line used to build a large file for testing token and line estimation logic.
This is a line used to build a large file for testing token and line estimation logic.
This is a line used to build a large file for testing token and line estimation logic.
This is a line used to build a large file for testing token and line estimation logic.
This is a line used to build a large file for testing token and line estimation logic.
This is a line used to build a large file for testing token and line estimation logic.
This is a line used to build a large file for testing token and line estimation logic.
This is a line used to build a large file for testing token and line estimation logic.
This is a line used to build a large file for testing token and line estimation logic.
This is a line used to build a large file for testing token and line estimation logic.
This is a line used to build a large file for testing token and line estimation logic.
This is a line used to build a large file for testing token and line estimation logic.
This is a line used to build a large file for testing token and line estimation logic.
This is a line used to build a large file for testing token and line estimation logic.
This is a line used to build a large file for testing token and line estimation logic.
This is a line used to build a large file for testing token and line estimation logic.
This is a line used to build a large file for testing token and line estimation logic.
This is a line used to build a large file for testing token and line estimation logic.
This is a line used to build a large file for testing token and line estimation logic.
This is a line used to build a large file for testing token and line estimation logic.
This is a line used to build a large file for testing token and line estimation logic.
This is a line used to build a large file for testing token and line estimation logic.
This is a line used to build a large file for testing token and line estimation logic.
This is a line used to build a large file for testing token and line estimation logic.
This is a line used to build a large file for testing token and line estimation logic.
This is a line used to build a large file for testing token and line estimation logic.
This is a line used to build a large file for testing token and line estimation logic.
This is a line used to build a large file for testing token and line estimation logic.
This is a line used to build a large file for testing token and line estimation logic.
This is a line used to build a large file for testing token and line estimation logic.
This is a line used to build a large file for testing token and line estimation logic.
This is a line used to build a large file for testing token and line estimation logic.
This is a line used to build a large file for testing token and line estimation logic.
This is a line used to build a large file for testing token and line estimation logic.
This is a line used to build a large file for testing token and line estimation logic.
This is a line used to build a large file for testing token and line estimation logic.
This is a line used to build a large file for testing token and line estimation logic.
This is a line used to build a large file for testing token and line estimation logic.
This is a line used to build a large file for testing token and line estimation logic.
This is a line used to build a large file for testing token and line estimation logic.
This is a line used to build a large file for testing token and line estimation logic.
This is a line used to build a large file for testing token and line estimation logic.
This is a line used to build a large file for testing token and line estimation logic.
This is a line used to build a large file for testing token and line estimation logic.
This is a line used to build a large file for testing token and line estimation logic.
This is a line used to build a large file for testing token and line estimation logic.
This is a line used to build a large file for testing token and line estimation logic.
This is a line used to build a large file for testing token and line estimation logic.
This is a line used to build a large file for testing token and line estimation logic.
This is a line used to build a large file for testing token and line estimation logic.
This is a line used to build a large file for testing token and line estimation logic.
This is a line used to build a large file for testing token and line estimation logic.
This is a line used to build a large file for testing token and line estimation logic.
This is a line used to build a large file for testing token and line estimation logic.
This is a line used to build a large file for testing token and line estimation logic.
This is a line used to build a large file for testing token and line estimation logic.
This is a line used to build a large file for testing token and line estimation logic.
This is a line used to build a large file for testing token and line estimation logic.
This is a line used to build a large file for testing token and line estimation logic.
This is a line used to build a large file for testing token and line estimation logic.
This is a line used to build a large file for testing token and line estimation logic.
This is a line used to build a large file for testing token and line estimation logic.
This is a line used to build a large file for testing token and line estimation logic.
This is a line used to build a large file for testing token and line estimation logic.
This is a line used to build a large file for testing token and line estimation logic.
This is a line used to build a large file for testing token and line estimation logic.
This is a line used to build a large file for testing token and line estimation logic.
This is a line used to build a large file for testing token and line estimation logic.
This is a line used to build a large file for testing token and line estimation logic.
This is a line used to build a large file for testing token and line estimation logic.
This is a line used to build a large file for testing token and line estimation logic.
This is a line used to build a large file for testing token and line estimation logic.
This is a line used to build a large file for testing token and line estimation logic.
This is a line used to build a large file for testing token and line estimation logic.
This is a line used to build a large file for testing token and line estimation logic.
This is a line used to build a large file for testing token and line estimation logic.
This is a line used to build a large file for testing token and line estimation logic.
This is a line used to build a large file for testing token and line estimation logic.
This is a line used to build a large file for testing token and line estimation logic.
This is a line used to build a large file for testing token and line estimation logic.
This is a line used to build a large file for testing token and line estimation logic.
```

[6/11] main.go (2 rows)
---
```go
package main
func main() {}
```

[7/11] main_test.go (2 rows)
---
```go
package main
import "testing"
```

[8/11] myscript (2 rows)
---
```bash
#!/bin/bash
echo 'hello world'
```

[9/11] output.tmp - empty file

[10/11] pkg/util/README.md (1 rows)
---
```markdown
# Util Docs
```

[11/11] pkg/util/util.go (1 rows)
---
```go
package util
```

