<document index="1" language="markdown" rows="2">
  <source>README.md</source>
  <document_content>
# Hello World
This is a readme.
  </document_content>
</document>

<document index="2" rows="0">
  <source>binary.dat</source>
  <error>Binary file (10 B)</error>
</document>

<document index="3" language="text" rows="798">
  <source>large.txt</source>
  <document_content>
This is a line used to build a large file for testing token and line estimation logic.
This is a line used to build a large file for testing token and line estimation logic.
This is a line used to build a large file for testing token and line estimation logic.
This is a line used to build a large file for testing token and line estimation logic.
This is a line used to build a large file for testing token and line estimation logic.
This is a line used to build a large file for testing token and line estimation logic.
This is a line used to build a large file for testing token and line estimation logic.
This is a line used to build a large file for testing token and line estimation logic.
This is a line used to build a large file for testing token and line estimation logic.
This is a line used to build a large file for testing token and line estimation logic.
This is a line used to build a large file for testing token and line estimation logic.
This is a line used to build a large file for testing token and line estimation logic.
This is a line used to build a large file for testing token and line estimation logic.
This is a line used to build a large file for testing token and line estimation logic.
This is a line used to build a large file for testing token and line estimation logic.
This is a line used to build a large file for testing token and line estimation logic.
This is a line used to build a large file for testing token and line estimation logic.
This is a line used to build a large file for testing token and line estimation logic.
This is a line used to build a large file for testing token and line estimation logic.
This is a line used to build a large file for testing token and line estimation logic.
This is a line used to build a large file for testing token and line estimation logic.
This is a line used to build a large file for testing token and line estimation logic.
This is a line used to build a large file for testing token and line estimation logic.
This is a line used to build a large file for testing token and line estimation logic.
This is a line used to build a large file for testing token and line estimation logic.
This is a line used to build a large file for testing token and line estimation logic.
This is a line used to build a large file for testing token and line estimation logic.
This is a line used to build a large file for testing token and line estimation logic.
This is a line used to build a large file for testing token and line estimation logic.
This is a line used to build a large file for testing token and line estimation logic.
This is a line used to build a large file for testing token and line estimation logic.
This is a line used to build a large file for testing token and line estimation logic.
This is a line used to build a large file for testing token and line estimation logic.
This is a line used to build a large file for testing token and line estimation logic.
This is a line used to build a large file for testing token and line estimation logic.
This is a line used to build a large file for testing token and line estimation logic.
This is a line used to build a large file for testing token and line estimation logic.
This is a line used to build a large file for testing token and line estimation logic.
This is a line used to build a large file for testing token and line estimation logic.
This is a line used to build a large file for testing token and line estimation logic.
This is a line used to build a large file for testing token and line estimation logic.
This is a line used to build a large file for testing token and line estimation logic.
This is a line used to build a large file for testing token and line estimation logic.
This is a line used to build a large file for testing token and line estimation logic.
This is a line used to build a large file for testing token and line estimation logic.
This is a line used to build a large file for testing token and line estimation logic.
This is a line used to build a large file for testing token and line estimation logic.
This is a line used to build a large file for testing token and line estimation logic.
This is a line used to build a large file for testing token and line estimation logic.
This is a line used to build a large file for testing token and line estimation logic.
This is a line used to build a large file for testing token and line estimation logic.
This is a line used to build a large file for testing token and line estimation logic.
This is a line used to build a large file for testing token and line estimation logic.
This is a line used to build a large file for testing token and line estimation logic.
This is a line used to build a large file for testing token and line estimation logic.
This is a line used to build a large file for testing token and line estimation logic.
This is a line used to build a large file for testing token and line estimation logic.
This is a line used to build a large file for testing token and line estimation logic.
This is a line used to build a large file for testing token and line estimation logic.
This is a line used to build a large file for testing token and line estimation logic.
This is a line used to build a large file for testing token and line estimation logic.
This is a line used to build a large file for testing token and line estimation logic.
This is a line used to build a large file for testing token and line estimation logic.
This is a line used to build a large file for testing token and line estimation logic.
This is a line used to build a large file for testing token and line estimation logic.
This is a line used to build a large file for testing token and line estimation logic.
This is a line used to build a large file for testing token and line estimation logic.
This is a line used to build a large file for testing token and line estimation logic.
This is a line used to build a large file for testing token and line estimation logic.
This is a line used to build a large file for testing token and line estimation logic.
This is a line used to build a large file for testing token and line estimation logic.
This is a line used to build a large file for testing token and line estimation logic.
This is a line used to build a large file for testing token and line estimation logic.
This is a line used to build a large file for testing token and line estimation logic.
This is a line used to build a large file for testing token and line estimation logic.
This is a line used to build a large file for testing token and line estimation logic.
This is a line used to build a large file for testing token and line estimation logic.
This is a line used to build a large file for testing token and line estimation logic.
This is a line used to build a large file for testing token and line estimation logic.
This is a line used to build a large file for testing token and line estimation logic.
This is a line used to build a large file for testing token and line estimation logic.
This is a line used to build a large file for testing token and line estimation logic.
This is a line used to build a large file for testing token and line estimation logic.
This is a line used to build a large file for testing token and line estimation logic.
This is a line used to build a large file for testing token and line estimation logic.
This is a line used to build a large file for testing token and line estimation logic.
This is a line used to build a large file for testing token and line estimation logic.
This is a line used to build a large file for testing token and line estimation logic.
This is a line used to build a large file for testing token and line estimation logic.
This is a line used to build a large file for testing token and line estimation logic.
This is a line used to build a large file for testing token and line estimation logic.
This is a line used to build a large file for testing token and line estimation logic.
This is a line used to build a large file for testing token and line estimation logic.
This is a line used to build a large file for testing token and line estimation logic.
This is a line used to build a large file for testing token and line estimation logic.
This is a line used to build a large file for testing token and line estimation logic.
This is a line used to build a large file for testing token and line estimation logic.
This is a line used to build a large file for testing token and line estimation logic.
This is a line used to build a large file for testing token and line estimation logic.
This is a line used to build a large file for testing token and line estimation logic.
This is a line used to build a large file for testing token and line estimation logic.
This is a line used to build a large file for testing token and line estimation logic.
This is a line used to build a large file for testing token and line estimation logic.
This is a line used to build a large file for testing token and line estimation logic.
This is a line used to build a large file for testing token and line estimation logic.
This is a line used to build a large file for testing token and line estimation logic.
This is a line used to build a large file for testing token and line estimation logic.
This is a line used to build a large file for testing token and line estimation logic.
This is a line used to build a large file for testing token and line estimation logic.
This is a line used to build a large file for testing token and line estimation logic.
This is a line used to build a large file for testing token and line estimation logic.
This is a line used to build a large file for testing token and line estimation logic.
This is a line used to build a large file for testing token and line estimation logic.
This is a line used to build a large file for testing token and line estimation logic.
This is a line used to build a large file for testing token and line estimation logic.
This is a line used to build a large file for testing token and line estimation logic.
This is a line used to build a large file for testing token and line estimation logic.
This is a line used to build a large file for testing token and line estimation logic.
This is a line used to build a large file for testing token and line estimation logic.
This is a line used to build a large file for testing token and line estimation logic.
This is a line used to build a large file for testing token and line estimation logic.
This is a line used to build a large file for testing token and line estimation logic.
This is a line used to build a large file for testing token and line estimation logic.
This is a line used to build a large file for testing token and line estimation logic.
This is a line used to build a large file for testing token and line estimation logic.
This is a line used to build a large file for testing token and line estimation logic.
This is a line used to build a large file for testing token and line estimation logic.
This is a line used to build a large file for testing token and line estimation logic.
This is a line used to build a large file for testing token and line estimation logic.
This is a line used to build a large file for testing token and line estimation logic.
This is a line used to build a large file for testing token and line estimation logic.
This is a line used to build a large file for testing token and line estimation logic.
This is a line used to build a large file for testing token and line estimation logic.
This is a line used to build a large file for testing token and line estimation logic.
This is a line used to build a large file for testing token and line estimation logic.
This is a line used to build a large file for testing token and line estimation logic.
This is a line used to build a large file for testing token and line estimation logic.
This is a line used to build a large file for testing token and line estimation logic.
This is a line used to build a large file for testing token and line estimation logic.
This is a line used to build a large file for testing token and line estimation logic.
This is a line used to build a large file for testing token and line estimation logic.
This is a line used to build a large file for testing token and line estimation logic.
This is a line used to build a large file for testing token and line estimation logic.
This is a line used to build a large file for testing token and line estimation logic.
This is a line used to build a large file for testing token and line estimation logic.
This is a line used to build a large file for testing token and line estimation logic.
This is a line used to build a large file for testing token and line estimation logic.
This is a line used to build a large file for testing token and line estimation logic.
This is a line used to build a large file for testing token and line estimation logic.
This is a line used to build a large file for testing token and line estimation logic.
This is a line used to build a large file for testing token and line estimation logic.
This is a line used to build a large file for testing token and line estimation logic.
This is a line used to build a large file for testing token and line estimation logic.
This is a line used to build a large file for testing token and line estimation logic.
This is a line used to build a large file for testing token and line estimation logic.
This is a line used to build a large file for testing token and line estimation logic.
This is a line used to build a large file for testing token and line estimation logic.
This is a line used to build a large file for testing token and line estimation logic.
This is a line used to build a large file for testing token and line estimation logic.
This is a line used to build a large file for testing token and line estimation logic.
This is a line used to build a large file for testing token and line estimation logic.
This is a line used to build a large file for testing token and line estimation logic.
This is a line used to build a large file for testing token and line estimation logic.
This is a line used to build a large file for testing token and line estimation logic.
This is a line used to build a large file for testing token and line estimation logic.
This is a line used to build a large file for testing token and line estimation logic.
This is a line used to build a large file for testing token and line estimation logic.
This is a line used to build a large file for testing token and line estimation logic.
This is a line used to build a large file for testing token and line estimation logic.
This is a line used to build a large file for testing token and line estimation logic.
This is a line used to build a large file for testing token and line estimation logic.
This is a line used to build a large file for testing token and line estimation logic.
This is a line used to build a large file for testing token and line estimation logic.
This is a line used to build a large file for testing token and line estimation logic.
This is a line used to build a large file for testing token and line estimation logic.
This is a line used to build a large file for testing token and line estimation logic.
This is a line used to build a large file for testing token and line estimation logic.
This is a line used to build a large file for testing token and line estimation logic.
This is a line used to build a large file for testing token and line estimation logic.
This is a line used to build a large file for testing token and line estimation logic.
This is a line used to build a large file for testing token and line estimation logic.
This is a line used to build a large file for testing token and line estimation logic.
This is a line used to build a large file for testing token and line estimation logic.
This is a line used to build a large file for testing token and line estimation logic.
This is a line used to build a large file for testing token and line estimation logic.
This is a line used to build a large file for testing token and line estimation logic.
This is a line used to build a large file for testing token and line estimation logic.
This is a line used to build a large file for testing token and line estimation logic.
This is a line used to build a large file for testing token and line estimation logic.
This is a line used to build a large file for testing token and line estimation logic.
This is a line used to build a large file for testing token and line estimation logic.
This is a line used to build a large file for testing token and line estimation logic.
This is a line used to build a large file for testing token and line estimation logic.
This is a line used to build a large file for testing token and line estimation logic.
This is a line used to build a large file for testing token and line estimation logic.
This is a line used to build a large file for testing token and line estimation logic.
This is a line used to build a large file for testing token and line estimation logic.
This is a line used to build a large file for testing token and line estimation logic.
This is a line used to build a large file for testing token and line estimation logic.
This is a line used to build a large file for testing token and line estimation logic.
This is a line used to build a large file for testing token and line estimation logic.
This is a line used to build a large file for testing token and line estimation logic.
This is a line used to build a large file for testing token and line estimation logic.
This is a line used to build a large file for testing token and line estimation logic.
This is a line used to build a large file for testing token and line estimation logic.
This is a line used to build a large file for testing token and line estimation logic.
This is a line used to build a large file for testing token and line estimation logic.
This is a line used to build a large file for testing token and line estimation logic.
This is a line used to build a large file for testing token and line estimation logic.
This is a line used to build a large file for testing token and line estimation logic.
This is a line used to build a large file for testing token and line estimation logic.
This is a line used to build a large file for testing token and line estimation logic.
This is a line used to build a large file for testing token and line estimation logic.
This is a line used to build a large file for testing token and line estimation logic.
This is a line used to build a large file for testing token and line estimation logic.
This is a line used to build a large file for testing token and line estimation logic.
This is a line used to build a large file for testing token and line estimation logic.
This is a line used to build a large file for testing token and line estimation logic.
This is a line used to build a large file for testing token and line estimation logic.
This is a line used to build a large file for testing token and line estimation logic.
This is a line used to build a large file for testing token and line estimation logic.
This is a line used to build a large file for testing token and line estimation logic.
This is a line used to build a large file for testing token and line estimation logic.
This is a line used to build a large file for testing token and line estimation logic.
This is a line used to build a large file for testing token and line estimation logic.
This is a line used to build a large file for testing token and line estimation logic.
This is a line used to build a large file for testing token and line estimation logic.
This is a line used to build a large file for testing token and line estimation logic.
This is a line used to build a large file for testing token and line estimation logic.
This is a line used to build a large file for testing token and line estimation logic.
This is a line used to build a large file for testing token and line estimation logic.
This is a line used to build a large file for testing token and line estimation logic.
This is a line used to build a large file for testing token and line estimation logic.
This is a line used to build a large file for testing token and line estimation logic.
This is a line used to build a large file for testing token and line estimation logic.
This is a line used to build a large file for testing token and line estimation logic.
This is a line used to build a large file for testing token and line estimation logic.
This is a line used to build a large file for testing token and line estimation logic.
This is a line used to build a large file for testing token and line estimation logic.
This is a line used to build a large file for testing token and line estimation logic.
This is a line used to build a large file for testing token and line estimation logic.
This is a line used to build a large file for testing token and line estimation logic.
This is a line used to build a large file for testing token and line estimation logic.
This is a line used to build a large file for testing token and line estimation logic.
This is a line used to build a large file for testing token and line estimation logic.
This is a line used to build a large file for testing token and line estimation logic.
This is a line used to build a large file for testing token and line estimation logic.
This is a line used to build a large file for testing token and line estimation logic.
This is a line used to build a large file for testing token and line estimation logic.
This is a line used to build a large file for testing token and line estimation logic.
This is a line used to build a large file for testing token and line estimation logic.
This is a line used to build a large file for testing token and line estimation logic.
This is a line used to build a large file for testing token and line estimation logic.
This is a line used to build a large file for testing token and line estimation logic.
This is a line used to build a large file for testing token and line estimation logic.
This is a line used to build a large file for testing token and line estimation logic.
This is a line used to build a large file for testing token and line estimation logic.
This is a line used to build a large file for testing token and line estimation logic.
This is a line used to build a large file for testing token and line estimation logic.
This is a line used to build a large file for testing token and line estimation logic.
This is a line used to build a large file for testing token and line estimation logic.
This is a line used to build a large file for testing token and line estimation logic.
This is a line used to build a large file for testing token and line estimation logic.
This is a line used to build a large file for testing token and line estimation logic.
This is a line used to build a large file for testing token and line estimation logic.
This is a line used to build a large file for testing token and line estimation logic.
This is a line used to build a large file for testing token and line estimation logic.
This is a line used to build a large file for testing token and line estimation logic.
This is a line used to build a large file for testing token and line estimation logic.
This is a line used to build a large file for testing token and line estimation logic.
This is a line used to build a large file for testing token and line estimation logic.
This is a line used to build a large file for testing token and line estimation logic.
This is a line used to build a large file for testing token and line estimation logic.
This is a line used to build a large file for testing token and line estimation logic.
This is a line used to build a large file for testing token and line estimation logic.
This is a line used to build a large file for testing token and line estimation logic.
This is a line used to build a large file for testing token and line estimation logic.
This is a line used to build a large file for testing token and line estimation logic.
This is a line used to build a large file for testing token and line estimation logic.
This is a line used to build a large file for testing token and line estimation logic.
This is a line used to build a large file for testing token and line estimation logic.
This is a line used to build a large file for testing token and line estimation logic.
This is a line used to build a large file for testing token and line estimation logic.
This is a line used to build a large file for testing token and line estimation logic.
This is a line used to build a large file for testing token and line estimation logic.
This is a line used to build a large file for testing token and line estimation logic.
This is a line used to build a large file for testing token and line estimation logic.
This is a line used to build a large file for testing token and line estimation logic.
This is a line used to build a large file for testing token and line estimation logic.
This is a line used to build a large file for testing token and line estimation logic.
This is a line used to build a large file for testing token and line estimation logic.
This is a line used to build a large file for testing token and line estimation logic.
This is a line used to build a large file for testing token and line estimation logic.
This is a line used to build a large file for testing token and line estimation logic.
This is a line used to build a large file for testing token and line estimation logic.
This is a line used to build a large file for testing token and line estimation logic.
This is a line used to build a large file for testing token and line estimation logic.
This is a line used to build a large file for testing token and line estimation logic.
This is a line used to build a large file for testing token and line estimation logic.
This is a line used to build a large file for testing token and line estimation logic.
This is a line used to build a large file for testing token and line estimation logic.
This is a line used to build a large file for testing token and line estimation logic.
This is a line used to build a large file for testing token and line estimation logic.
This is a line used to build a large file for testing token and line estimation logic.
This is a line used to build a large file for testing token and line estimation logic.
This is a line used to build a large file for testing token and line estimation logic.
This is a line used to build a large file for testing token and line estimation logic.
This is a line used to build a large file for testing token and line estimation logic.
This is a line used to build a large file for testing token and line estimation logic.
This is a line used to build a large file for testing token and line estimation logic.
This is a line used to build a large file for testing token and line estimation logic.
This is a line used to build a large file for testing token and line estimation logic.
This is a line used to build a large file for testing token and line estimation logic.
This is a line used to build a large file for testing token and line estimation logic.
This is a line used to build a large file for testing token and line estimation logic.
This is a line used to build a large file for testing token and line estimation logic.
This is a line used to build a large file for testing token and line estimation logic.
This is a line used to build a large file for testing token and line estimation logic.
This is a line used to build a large file for testing token and line estimation logic.
This is a line used to build a large file for testing token and line estimation logic.
This is a line used to build a large file for testing token and line estimation logic.
This is a line used to build a large file for testing token and line estimation logic.
This is a line used to build a large file for testing token and line estimation logic.
This is a line used to build a large file for testing token and line estimation logic.
This is a line used to build a large file for testing token and line estimation logic.
This is a line used to build a large file for testing token and line estimation logic.
This is a line used to build a large file for testing token and line estimation logic.
This is a line used to build a large file for testing token and line estimation logic.
This is a line used to build a large file for testing token and line estimation logic.
This is a line used to build a large file for testing token and line estimation logic.
This is a line used to build a large file for testing token and line estimation logic.
This is a line used to build a large file for testing token and line estimation logic.
This is a line used to build a large file for testing token and line estimation logic.
This is a line used to build a large file for testing token and line estimation logic.
This is a line used to build a large file for testing token and line estimation logic.
This is a line used to build a large file for testing token and line estimation logic.
This is a line used to build a large file for testing token and line estimation logic.
This is a line used to build a large file for testing token and line estimation logic.
This is a line used to build a large file for testing token and line estimation logic.
This is a line used to build a large file for testing token and line estimation logic.
This is a line used to build a large file for testing token and line estimation logic.
This is a line used to build a large file for testing token and line estimation logic.
This is a line used to build a large file for testing token and line estimation logic.
This is a line used to build a large file for testing token and line estimation logic.
This is a line used to build a large file for testing token and line estimation logic.
This is a line used to build a large file for testing token and line estimation logic.
This is a line used to build a large file for testing token and line estimation logic.
This is a line used to build a large file for testing token and line estimation logic.
This is a line used to build a large file for testing token and line estimation logic.
This is a line used to build a large file for testing token and line estimation logic.
This is a line used to build a large file for testing token and line estimation logic.
This is a line used to build a large file for testing token and line estimation logic.
This is a line used to build a large file for testing token and line estimation logic.
This is a line used to build a large file for testing token and line estimation logic.
This is a line used to build a large file for testing token and line estimation logic.
This is a line used to build a large file for testing token and line estimation logic.
This is a line used to build a large file for testing token and line estimation logic.
This is a line used to build a large file for testing token and line estimation logic.
This is a line used to build a large file for testing token and line estimation logic.
This is a line used to build a large file for testing token and line estimation logic.
This is a line used to build a large file for testing token and line estimation logic.
This is a line used to build a large file for testing token and line estimation logic.
This is a line used to build a large file for testing token and line estimation logic.
This is a line used to build a large file for testing token and line estimation logic.
This is a line used to build a large file for testing token and line estimation logic.
This is a line used to build a large file for testing token and line estimation logic.
This is a line used to build a large file for testing token and line estimation logic.
This is a line used to build a large file for testing token and line estimation logic.
This is a line used to build a large file for testing token and line estimation logic.
This is a line used to build a large file for testing token and line estimation logic.
This is a line used to build a large file for testing token and line estimation logic.
This is a line used to build a large file for testing token and line estimation logic.
This is a line used to build a large file for testing token and line estimation logic.
This is a line used to build a large file for testing token and line estimation logic.
This is a line used to build a large file for testing token and line estimation logic.
This is a line used to build a large file for testing token and line estimation logic.
This is a line used to build a large file for testing token and line estimation logic.
This is a line used to build a large file for testing token and line estimation logic.
This is a line used to build a large file for testing token and line estimation logic.
This is a line used to build a large file for testing token and line estimation logic.
This is a line used to build a large file for testing token and line estimation logic.
This is a line used to build a large file for testing token and line estimation logic.
This is a line used to build a large file for testing token and line estimation logic.
This is a line used to build a large file for testing token and line estimation logic.
This is a line used to build a large file for testing token and line estimation logic.
This is a line used to build a large file for testing token and line estimation logic.
This is a line used to build a large file for testing token and line estimation logic.
This is a line used to build a large file for testing token and line estimation logic.
This is a line used to build a large file for testing token and line estimation logic.
This is a line used to build a large file for testing token and line estimation logic.
This is a line used to build a large file for testing token and line estimation logic.
This is a line used to build a large file for testing token and line estimation logic.
This is a line used to build a large file for testing token and line estimation logic.
This is a line used to build a large file for testing token and line estimation logic.
This is a line used to build a large file for testing token and line estimation logic.
This is a line used to build a large file for testing token and line estimation logic.
This is a line used to build a large file for testing token and line estimation logic.
This is a line used to build a large file for testing token and line estimation logic.
This is a line used to build a large file for testing token and line estimation logic.
This is a line used to build a large file for testing token and line estimation logic.
This is a line used to build a large file for testing token and line estimation logic.
This is a line used to build a large file for testing token and line estimation logic.
This is a line used to build a large file for testing token and line estimation logic.
This is a line used to build a large file for testing token and line estimation logic.
This is a line used to build a large file for testing token and line estimation logic.
This is a line used to build a large file for testing token and line estimation logic.
This is a line used to build a large file for testing token and line estimation logic.
This is a line used to build a large file for testing token and line estimation logic.
This is a line used to build a large file for testing token and line estimation logic.
This is a line used to build a large file for testing token and line estimation logic.
This is a line used to build a large file for testing token and line estimation logic.
This is a line used to build a large file for testing token and line estimation logic.
This is a line used to build a large file for testing token and line estimation logic.
This is a line used to build a large file for testing token and line estimation logic.
This is a line used to build a large file for testing token and line estimation logic.
This is a line used to build a large file for testing token and line estimation logic.
This is a line used to build a large file for testing token and line estimation logic.
This is a line used to build a large file for testing token and line estimation logic.
This is a line used to build a large file for testing token and line estimation logic.
This is a line used to build a large file for testing token and line estimation logic.
This is a line used to build a large file for testing token and line estimation logic.
This is a line used to build a large file for testing token and line estimation logic.
This is a line used to build a large file for testing token and line estimation logic.
This is a line used to build a large file for testing token and line estimation logic.
This is a line used to build a large file for testing token and line estimation logic.
This is a line used to build a large file for testing token and line estimation logic.
This is a line used to build a large file for testing token and line estimation logic.
This is a line used to build a large file for testing token and line estimation logic.
This is a line used to build a large file for testing token and line estimation logic.
This is a line used to build a large file for testing token and line estimation logic.
This is a line used to build a large file for testing token and line estimation logic.
This is a line used to build a large file for testing token and line estimation logic.
This is a line used to build a large file for testing token and line estimation logic.
This is a line used to build a large file for testing token and line estimation logic.
This is a line used to build a large file for testing token and line estimation logic.
This is a line used to build a large file for testing token and line estimation logic.
This is a line used to build a large file for testing token and line estimation logic.
This is a line used to build a large file for testing token and line estimation logic.
This is a line used to build a large file for testing token and line estimation logic.
This is a line used to build a large file for testing token and line estimation logic.
This is a line used to build a large file for testing token and line estimation logic.
This is a line used to build a large file for testing token and line estimation logic.
This is a line used to build a large file for testing token and line estimation logic.
This is a line used to build a large file for testing token and line estimation logic.
This is a line used to build a large file for testing token and line estimation logic.
This is a line used to build a large file for testing token and line estimation logic.
This is a line used to build a large file for testing token and line estimation logic.
This is a line used to build a large file for testing token and line estimation logic.
This is a line used to build a large file for testing token and line estimation logic.
This is a line used to build a large file for testing token and line estimation logic.
This is a line used to build a large file for testing token and line estimation logic.
This is a line used to build a large file for testing token and line estimation logic.
This is a line used to build a large file for testing token and line estimation logic.
This is a line used to build a large file for testing token and line estimation logic.
This is a line used to build a large file for testing token and line estimation logic.
This is a line used to build a large file for testing token and line estimation logic.
This is a line used to build a large file for testing token and line estimation logic.
This is a line used to build a large file for testing token and line estimation logic.
This is a line used to build a large file for testing token and line estimation logic.
This is a line used to build a large file for testing token and line estimation logic.
This is a line used to build a large file for testing token and line estimation logic.
This is a line used to build a large file for testing token and line estimation logic.
This is a line used to build a large file for testing token and line estimation logic.
This is a line used to build a large file for testing token and line estimation logic.
This is a line used to build a large file for testing token and line estimation logic.
This is a line used to build a large file for testing token and line estimation logic.
This is a line used to build a large file for testing token and line estimation logic.
This is a line used to build a large file for testing token and line estimation logic.
This is a line used to build a large file for testing token and line estimation logic.
This is a line used to build a large file for testing token and line estimation logic.
This is a line used to build a large file for testing token and line estimation logic.
This is a line used to build a large file for testing token and line estimation logic.
This is a line used to build a large file for testing token and line estimation logic.
This is a line used to build a large file for testing token and line estimation logic.
This is a line used to build a large file for testing token and line estimation logic.
This is a line used to build a large file for testing token and line estimation logic.
This is a line used to build a large file for testing token and line estimation logic.
This is a line used to build a large file for testing token and line estimation logic.
This is a line used to build a large file for testing token and line estimation logic.
This is a line used to build a large file for testing token and line estimation logic.
This is a line used to build a large file for testing token and line estimation logic.
This is a line used to build a large file for testing token and line estimation logic.
This is a line used to build a large file for testing token and line estimation logic.
This is a line used to build a large file for testing token and line estimation logic.
This is a line used to build a large file for testing token and line estimation logic.
This is a line used to build a large file for testing token and line estimation logic.
This is a line used to build a large file for testing token and line estimation logic.
This is a line used to build a large file for testing token and line estimation logic.
This is a line used to build a large file for testing token and line estimation logic.
This is a line used to build a large file for testing token and line estimation logic.
This is a line used to build a large file for testing token and line estimation logic.
This is a line used to build a large file for testing token and line estimation logic.
This is a line used to build a large file for testing token and line estimation logic.
This is a line used to build a large file for testing token and line estimation logic.
This is a line used to build a large file for testing token and line estimation logic.
This is a line used to build a large file for testing token and line estimation logic.
This is a line used to build a large file for testing token and line estimation logic.
This is a line used to build a large file for testing token and line estimation logic.
This is a line used to build a large file for testing token and line estimation logic.
This is a line used to build a large file for testing token and line estimation logic.
This is a line used to build a large file for testing token and line estimation logic.
This is a line used to build a large file for testing token and line estimation logic.
This is a line used to build a large file for testing token and line estimation logic.
This is a line used to build a large file for testing token and line estimation logic.
This is a line used to build a large file for testing token and line estimation logic.
This is a line used to build a large file for testing token and line estimation logic.
This is a line used to build a large file for testing token and line estimation logic.
This is a line used to build a large file for testing token and line estimation logic.
This is a line used to build a large file for testing token and line estimation logic.
This is a line used to build a large file for testing token and line estimation logic.
This is a line used to build a large file for testing token and line estimation logic.
This is a line used to build a large file for testing token and line estimation logic.
This is a line used to build a large file for testing token and line estimation logic.
This is a line used to build a large file for testing token and line estimation logic.
This is a line used to build a large file for testing token and line estimation logic.
This is a line used to build a large file for testing token and line estimation logic.
This is a line used to build a large file for testing token and line estimation logic.
This is a line used to build a large file for testing token and line estimation logic.
This is a line used to build a large file for testing token and line estimation logic.
This is a line used to build a large file for testing token and line estimation logic.
This is a line used to build a large file for testing token and line estimation logic.
This is a line used to build a large file for testing token and line estimation logic.
This is a line used to build a large file for testing token and line estimation logic.
This is a line used to build a large file for testing token and line estimation logic.
This is a line used to build a large file for testing token and line estimation logic.
This is a line used to build a large file for testing token and line estimation logic.
This is a line used to build a large file for testing token and line estimation logic.
This is a line used to build a large file for testing token and line estimation logic.
This is a line used to build a large file for testing token and line estimation logic.
This is a line used to build a large file for testing token and line estimation logic.
This is a line used to build a large file for testing token and line estimation logic.
This is a line used to build a large file for testing token and line estimation logic.
This is a line used to build a large file for testing token and line estimation logic.
This is a line used to build a large file for testing token and line estimation logic.
This is a line used to build a large file for testing token and line estimation logic.
This is a line used to build a large file for testing token and line estimation logic.
This is a line used to build a large file for testing token and line estimation logic.
This is a line used to build a large file for testing token and line estimation logic.
This is a line used to build a large file for testing token and line estimation logic.
This is a line used to build a large file for testing token and line estimation logic.
This is a line used to build a large file for testing token and line estimation logic.
This is a line used to build a large file for testing token and line estimation logic.
This is a line used to build a large file for testing token and line estimation logic.
This is a line used to build a large file for testing token and line estimation logic.
This is a line used to build a large file for testing token and line estimation logic.
This is a line used to build a large file for testing token and line estimation logic.
This is a line used to build a large file for testing token and line estimation logic.
This is a line used to build a large file for testing token and line estimation logic.
This is a line used to build a large file for testing token and line estimation logic.
This is a line used to build a large file for testing token and line estimation logic.
This is a line used to build a large file for testing token and line estimation logic.
This is a line used to build a large file for testing token and line estimation logic.
This is a line used to build a large file for testing token and line estimation logic.
This is a line used to build a large file for testing token and line estimation logic.
This is a line used to build a large file for testing token and line estimation logic.
This is a line used to build a large file for testing token and line estimation logic.
This is a line used to build a large file for testing token and line estimation logic.
This is a line used to build a large file for testing token and line estimation logic.
This is a line used to build a large file for testing token and line estimation logic.
This is a line used to build a large file for testing token and line estimation logic.
This is a line used to build a large file for testing token and line estimation logic.
This is a line used to build a large file for testing token and line estimation logic.
This is a line used to build a large file for testing token and line estimation logic.
This is a line used to build a large file for testing token and line estimation logic.
This is a line used to build a large file for testing token and line estimation logic.
This is a line used to build a large file for testing token and line estimation logic.
This is a line used to build a large file for testing token and line estimation logic.
This is a line used to build a large file for testing token and line estimation logic.
This is a line used to build a large file for testing token and line estimation logic.
This is a line used to build a large file for testing token and line estimation logic.
This is a line used to build a large file for testing token and line estimation logic.
This is a line used to build a large file for testing token and line estimation logic.
This is a line used to build a large file for testing token and line estimation logic.
This is a line used to build a large file for testing token and line estimation logic.
This is a line used to build a large file for testing token and line estimation logic.
This is a line used to build a large file for testing token and line estimation logic.
This is a line used to build a large file for testing token and line estimation logic.
This is a line used to build a large file for testing token and line estimation logic.
This is a line used to build a large file for testing token and line estimation logic.
This is a line used to build a large file for testing token and line estimation logic.
This is a line used to build a large file for testing token and line estimation logic.
This is a line used to build a large file for testing token and line estimation logic.
This is a line used to build a large file for testing token and line estimation logic.
This is a line used to build a large file for testing token and line estimation logic.
This is a line used to build a large file for testing token and line estimation logic.
This is a line used to build a large file for testing token and line estimation logic.
This is a line used to build a large file for testing token and line estimation logic.
This is a line used to build a large file for testing token and line estimation logic.
This is a line used to build a large file for testing token and line estimation logic.
This is a line used to build a large file for testing token and line estimation logic.
This is a line used to build a large file for testing token and line estimation logic.
This is a line used to build a large file for testing token and line estimation logic.
This is a line used to build a large file for testing token and line estimation logic.
This is a line used to build a large file for testing token and line estimation logic.
This is a line used to build a large file for testing token and line estimation logic.
This is a line used to build a large file for testing token and line estimation logic.
This is a line used to build a large file for testing token and line estimation logic.
This is a line used to build a large file for testing token and line estimation logic.
This is a line used to build a large file for testing token and line estimation logic.
This is a line used to build a large file for testing token and line estimation logic.
This is a line used to build a large file for testing token and line estimation logic.
This is a line used to build a large file for testing token and line estimation logic.
This is a line used to build a large file for testing token and line estimation logic.
This is a line used to build a large file for testing token and line estimation logic.
This is a line used to build a large file for testing token and line estimation logic.
This is a line used to build a large file for testing token and line estimation logic.
This is a line used to build a large file for testing token and line estimation logic.
This is a line used to build a large file for testing token and line estimation logic.
This is a line used to build a large file for testing token and line estimation logic.
This is a line used to build a large file for testing token and line estimation logic.
This is a line used to build a large file for testing token and line estimation logic.
This is a line used to build a large file for testing token and line estimation logic.
This is a line used to build a large file for testing token and line estimation logic.
This is a line used to build a large file for testing token and line estimation logic.
This is a line used to build a large file for testing token and line estimation logic.
This is a line used to build a large file for testing token and line estimation logic.
This is a line used to build a large file for testing token and line estimation logic.
This is a line used to build a large file for testing token and line estimation logic.
This is a line used to build a large file for testing token and line estimation logic.
This is a line used to build a large file for testing token and line estimation logic.
This is a line used to build a large file for testing token and line estimation logic.
This is a line used to build a large file for testing token and line estimation logic.
This is a line used to build a large file for testing token and line estimation logic.
This is a line used to build a large file for testing token and line estimation logic.
This is a line used to build a large file for testing token and line estimation logic.
This is a line used to build a large file for testing token and line estimation logic.
This is a line used to build a large file for testing token and line estimation logic.
This is a line used to build a large file for testing token and line estimation logic.
This is a line used to build a large file for testing token and line estimation logic.
This is a line used to build a large file for testing token and line estimation logic.
This is a line used to build a large file for testing token and line estimation logic.
This is a line used to build a large file for testing token and line estimation logic.
This is a line used to build a large file for testing token and line estimation logic.
This is a line used to build a large file for testing token and line estimation logic.
This is a line used to build a large file for testing token and line estimation logic.
This is a line used to build a large file for testing token and line estimation logic.
This is a line used to build a large file for testing token and line estimation logic.
This is a line used to build a large file for testing token and line estimation logic.
This is a line used to build a large file for testing token and line estimation logic.
This is a line used to build a large file for testing token and line estimation logic.
This is a line used to build a large file for testing token and line estimation logic.
This is a line used to build a large file for testing token and line estimation logic.
This is a line used to build a large file for testing token and line estimation logic.
This is a line used to build a large file for testing token and line estimation logic.
This is a line used to build a large file for testing token and line estimation logic.
This is a line used to build a large file for testing token and line estimation logic.
This is a line used to build a large file for testing token and line estimation logic.
This is a line used to build a large file for testing token and line estimation logic.
This is a line used to build a large file for testing token and line estimation logic.
This is a line used to build a large file for testing token and line estimation logic.
This is a line used to build a large file for testing token and line estimation logic.
This is a line used to build a large file for testing token and line estimation logic.
This is a line used to build a large file for testing token and line estimation logic.
This is a line used to build a large file for testing token and line estimation logic.
This is a line used to build a large file for testing token and line estimation logic.
This is a line used to build a large file for testing token and line estimation logic.
This is a line used to build a large file for testing token and line estimation logic.
This is a line used to build a large file for testing token and line estimation logic.
This is a line used to build a large file for testing token and line estimation logic.
This is a line used to build a large file for testing token and line estimation logic.
This is a line used to build a large file for testing token and line estimation logic.
This is a line used to build a large file for testing token and line estimation logic.
This is a line used to build a large file for testing token and line estimation logic.
This is a line used to build a large file for testing token and line estimation logic.
This is a line used to build a large file for testing token and line estimation logic.
This is a line used to build a large file for testing token and line estimation logic.
This is a line used to build a large file for testing token and line estimation logic.
This is a line used to build a large file for testing token and line estimation logic.
This is a line used to build a large file for testing token and line estimation logic.
This is a line used to build a large file for testing token and line estimation logic.
This is a line used to build a large file for testing token and line estimation logic.
This is a line used to build a large file for testing token and line estimation logic.
This is a line used to build a large file for testing token and line estimation logic.
This is a line used to build a large file for testing token and line estimation logic.
This is a line used to build a large file for testing token and line estimation logic.
This is a line used to build a large file for testing token and line estimation logic.
This is a line used to build a large file for testing token and line estimation logic.
This is a line used to build a large file for testing token and line estimation logic.
This is a line used to build a large file for testing token and line estimation logic.
This is a line used to build a large file for testing token and line estimation logic.
This is a line used to build a large file for testing token and line estimation logic.
This is a line used to build a large file for testing token and line estimation logic.
This is a line used to build a large file for testing token and line estimation logic.
This is a line used to build a large file for testing token and line estimation logic.
This is a line used to build a large file for testing token and line estimation logic.
This is a line used to build a large file for testing token and line estimation logic.
This is a line used to build a large file for testing token and line estimation logic.
This is a line used to build a large file for testing token and line estimation logic.
This is a line used to build a large file for testing token and line estimation logic.
This is a line used to build a large file for testing token and line estimation logic.
This is a line used to build a large file for testing token and line estimation logic.
This is a line used to build a large file for testing token and line estimation logic.
This is a line used to build a large file for testing token and line estimation logic.
This is a line used to build a large file for testing token and line estimation logic.
This is a line used to build a large file for testing token and line estimation logic.
This is a line used to build a large file for testing token and line estimation logic.
This is a line used to build a large file for testing token and line estimation logic.
This is a line used to build a large file for testing token and line estimation logic.
This is a line used to build a large file for testing token and line estimation logic.
This is a line used to build a large file for testing token and line estimation logic.
This is a line used to build a large file for testing token and line estimation logic.
This is a line used to build a large file for testing token and line estimation logic.
This is a line used to build a large file for testing token and line estimation logic.
This is a line used to build a large file for testing token and line estimation logic.
This is a line used to build a large file for testing token and line estimation logic.
This is a line used to build a large file for testing token and line estimation logic.
This is a line used to build a large file for testing token and line estimation logic.
This is a line used to build a large file for testing token and line estimation logic.
This is a line used to build a large file for testing token and line estimation logic.
This is a line used to build a large file for testing token and line estimation logic.
This is a line used to build a large file for testing token and line estimation logic.
This is a line used to build a large file for testing token and line estimation logic.
This is a line used to build a large file for testing token and line estimation logic.
This is a line used to build a large file for testing token and line estimation logic.
This is a line used to build a large file for testing token and line estimation logic.
This is a line used to build a large file for testing token and line estimation logic.
This is a line used to build a large file for testing token and line estimation logic.
This is a line used to build a large file for testing token and line estimation logic.
This is a line used to build a large file for testing token and line estimation logic.
This is a line used to build a large file for testing token and line estimation logic.
This is a line used to build a large file for testing token and line estimation logic.
This is a line used to build a large file for testing token and line estimation logic.
This is a line used to build a large file for testing token and line estimation logic.
This is a line used to build a large file for testing token and line estimation logic.
This is a line used to build a large file for testing token and line estimation logic.
This is a line used to build a large file for testing token and line estimation logic.
This is a line used to build a large file for testing token and line estimation logic.
This is a line used to build a large file for testing token and line estimation logic.
This is a line used to build a large file for testing token and line estimation logic.
This is a line used to build a large file for testing token and line estimation logic.
This is a line used to build a large file for testing token and line estimation logic.
This is a line used to build a large file for testing token and line estimation logic.
This is a line used to build a large file for testing token and line estimation logic.
This is a line used to build a large file for testing token and line estimation logic.
This is a line used to build a large file for testing token and line estimation logic.
This is a line used to build a large file for testing token and line estimation logic.
This is a line used to build a large file for testing token and line estimation logic.
This is a line used to build a large file for testing token and line estimation logic.
This is a line used to build a large file for testing token and line estimation logic.
This is a line used to build a large file for testing token and line estimation logic.
This is a line used to build a large file for testing token and line estimation logic.
This is a line used to build a large file for testing token and line estimation logic.
This is a line used to build a large file for testing token and line estimation logic.
This is a line used to build a large file for testing token and line estimation logic.
This is a line used to build a large file for testing token and line estimation logic.
This is a line used to build a large file for testing token and line estimation logic.
This is a line used to build a large file for testing token and line estimation logic.
This is a line used to build a large file for testing token and line estimation logic.
This is a line used to build a large file for testing token and line estimation logic.
This is a line used to build a large file for testing token and line estimation logic.
This is a line used to build a large file for testing token and line estimation logic.
This is a line used to build a large file for testing token and line estimation logic.
This is a line used to build a large file for testing token and line estimation logic.
This is a line used to build a large file for testing token and line estimation logic.
This is a line used to build a large file for testing token and line estimation logic.
This is a line used to build a large file for testing token and line estimation logic.
This is a line used to build a large file for testing token and line estimation logic.
This is a line used to build a large file for testing token and line estimation logic.
This is a line used to build a large file for testing token and line estimation logic.
This is a line used to build a large file for testing token and line estimation logic.
This is a line used to build a large file for testing token and line estimation logic.
This is a line used to build a large file for testing token and line estimation logic.
This is a line used to build a large file for testing token and line estimation logic.
This is a line used to build a large file for testing token and line estimation logic.
This is a line used to build a large file for testing token and line estimation logic.
This is a line used to build a large file for testing token and line estimation logic.
This is a line used to build a large file for testing token and line estimation logic.
This is a line used to build a large file for testing token and line estimation logic.
This is a line used to build a large file for testing token and line estimation logic.
This is a line used to build a large file for testing token and line estimation logic.
This is a line used to build a large file for testing token and line estimation logic.
This is a line used to build a large file for testing token and line estimation logic.
This is a line used to build a large file for testing token and line estimation logic.
This is a line used to build a large file for testing token and line estimation logic.
This is a line used to build a large file for testing token and line estimation logic.
This is a line used to build a large file for testing token and line estimation logic.
This is a line used to build a large file for testing token and line estimation logic.
This is a line used to build a large file for testing token and line estimation logic.
This is a line used to build a large file for testing token and line estimation logic.
This is a line used to build a large file for testing token and line estimation logic.
This is a line used to build a large file for testing token and line estimation logic.
This is a line used to build a large file for testing token and line estimation logic.
This is a line used to build a large file for testing token and line estimation logic.
This is a line used to build a large file for testing token and line estimation logic.
This is a line used to build a large file for testing token and line estimation logic.
This is a line used to build a large file for testing token and line estimation logic.
This is a line used to build a large file for testing token and line estimation logic.
This is a line used to build a large file for testing token and line estimation logic.
This is a line used to build a large file for testing token and line estimation logic.
This is a line used to build a large file for testing token and line estimation logic.
This is a line used to build a large file for testing token and line estimation logic.
This is a line used to build a large file for testing token and line estimation logic.
This is a line used to build a large file for testing token and line estimation logic.
This is a line used to build a large file for testing token and line estimation logic.
This is a line used to build a large file for testing token and line estimation logic.
This is a line used to build a large file for testing token and line estimation logic.
This is a line used to build a large file for testing token and line estimation logic.
This is a line used to build a large file for testing token and line estimation logic.
This is a line used to build a large file for testing token and line estimation logic.
This is a line used to build a large file for testing token and line estimation logic.
  </document_content>
</document>

<document index="4" language="go" rows="2">
  <source>main.go</source>
  <document_content>
package main
func main() {}
  </document_content>
</document>

<document index="5" language="go" rows="2">
  <source>main_test.go</source>
  <document_content>
package main
import "testing"
  </document_content>
</document>

<document index="6" language="bash" rows="2">
  <source>myscript</source>
  <document_content>
#!/bin/bash
echo 'hello world'
  </document_content>
</document>

<document index="7" rows="0">
  <source>output.tmp</source>
  <description>Compact view</description>
</document>


<document index="8" language="markdown" rows="1">
  <source>pkg/util/README.md</source>
  <document_content>
# Util Docs
  </document_content>
</document>

<document index="9" language="go" rows="1">
  <source>pkg/util/util.go</source>
  <document_content>
package util
  </document_content>
</document>

