<section>
  <section_name>Context</section_name>

  <instruction>
Here is the readme
  </instruction>

  <document index="1" language="markdown" rows="2">
    <source>README.md</source>
    <document_content>
# Hello World
Readme content.
    </document_content>
  </document>
</section>

<section>
  <section_name>Task</section_name>

  <instruction>
Refactor this
  </instruction>

  <document index="2" language="go" rows="2">
    <source>main.go</source>
    <document_content>
package main
func main() {}
    </document_content>
  </document>
</section>

